Component: ARM Compiler 5.06 update 5 (build 528) Tool: armlink [4d35e2]

==============================================================================

Section Cross References

    startup_stm32f10x_hd.o(RESET) refers to startup_stm32f10x_hd.o(STACK) for __initial_sp
    startup_stm32f10x_hd.o(RESET) refers to startup_stm32f10x_hd.o(.text) for Reset_Handler
    startup_stm32f10x_hd.o(RESET) refers to mpu_int.o(.text) for EXTI9_5_IRQHandler
    startup_stm32f10x_hd.o(RESET) refers to time.o(.text) for TIM2_IRQHandler
    startup_stm32f10x_hd.o(RESET) refers to remote.o(.text) for USART1_IRQHandler
    startup_stm32f10x_hd.o(.text) refers to system_stm32f10x.o(.text) for SystemInit
    startup_stm32f10x_hd.o(.text) refers to entry.o(.ARM.Collect$$$$00000000) for __main
    main.o(.text) refers to pbdata.o(.text) for uboot
    main.o(.text) refers to moto.o(.text) for Moto_Ctrl
    main.o(.text) refers to adc.o(.text) for BAT_ADC
    main.o(.text) refers to remote.o(.text) for MSG_Recieve
    main.o(.text) refers to remote.o(.data) for Plane_status
    main.o(.text) refers to moto.o(.data) for Oil_n
    led.o(.text) refers to stm32f10x_rcc.o(.text) for RCC_APB2PeriphClockCmd
    led.o(.text) refers to stm32f10x_gpio.o(.text) for GPIO_Init
    moto.o(.text) refers to inv_mpu.o(.text) for mpu_dmp_get_data
    moto.o(.text) refers to mpu6050.o(.text) for MPU_Get_Gyroscope
    moto.o(.text) refers to stm32f10x_tim.o(.text) for TIM_SetCompare3
    moto.o(.text) refers to dflti.o(.text) for __aeabi_i2d
    moto.o(.text) refers to dmul.o(.text) for __aeabi_dmul
    moto.o(.text) refers to d2f.o(.text) for __aeabi_d2f
    moto.o(.text) refers to f2d.o(.text) for __aeabi_f2d
    moto.o(.text) refers to dfixi.o(.text) for __aeabi_d2iz
    moto.o(.text) refers to fadd.o(.text) for __aeabi_fadd
    moto.o(.text) refers to fmul.o(.text) for __aeabi_fmul
    moto.o(.text) refers to ffixi.o(.text) for __aeabi_f2iz
    moto.o(.text) refers to fflti.o(.text) for __aeabi_i2f
    moto.o(.text) refers to moto.o(.data) for yaw
    moto.o(.text) refers to cfrcmple.o(.text) for __aeabi_cfrcmple
    moto.o(.text) refers to cfcmple.o(.text) for __aeabi_cfcmple
    mpu6050.o(.text) refers to mpuiic.o(.text) for MPU_IIC_Start
    mpu6050.o(.text) refers to pbdata.o(.text) for delay_ms
    mpu6050.o(.text) refers to dflti.o(.text) for __aeabi_i2d
    mpu6050.o(.text) refers to ddiv.o(.text) for __aeabi_ddiv
    mpu6050.o(.text) refers to dadd.o(.text) for __aeabi_dadd
    mpu6050.o(.text) refers to d2f.o(.text) for __aeabi_d2f
    mpu6050.o(.text) refers to fmul.o(.text) for __aeabi_fmul
    mpu6050.o(.text) refers to ffixi.o(.text) for __aeabi_f2iz
    mpuiic.o(.text) refers to stm32f10x_rcc.o(.text) for RCC_APB2PeriphClockCmd
    mpuiic.o(.text) refers to stm32f10x_gpio.o(.text) for GPIO_Init
    inv_mpu.o(.text) refers to mpu6050.o(.text) for MPU_Write_Len
    inv_mpu.o(.text) refers to printf8.o(i.__0printf$8) for __2printf
    inv_mpu.o(.text) refers to pbdata.o(.text) for delay_ms
    inv_mpu.o(.text) refers to inv_mpu.o(.data) for st
    inv_mpu.o(.text) refers to ffltui.o(.text) for __aeabi_ui2f
    inv_mpu.o(.text) refers to fflti.o(.text) for __aeabi_i2f
    inv_mpu.o(.text) refers to fadd.o(.text) for __aeabi_fsub
    inv_mpu.o(.text) refers to fdiv.o(.text) for __aeabi_fdiv
    inv_mpu.o(.text) refers to fmul.o(.text) for __aeabi_fmul
    inv_mpu.o(.text) refers to ffixi.o(.text) for __aeabi_f2iz
    inv_mpu.o(.text) refers to inv_mpu.o(.conststring) for .conststring
    inv_mpu.o(.text) refers to cfcmple.o(.text) for __aeabi_cfcmpeq
    inv_mpu.o(.text) refers to cfrcmple.o(.text) for __aeabi_cfrcmple
    inv_mpu.o(.text) refers to inv_mpu.o(.constdata) for test
    inv_mpu.o(.text) refers to ldiv.o(.text) for __aeabi_ldivmod
    inv_mpu.o(.text) refers to memcmp.o(.text) for memcmp
    inv_mpu.o(.text) refers to inv_mpu_dmp_motion_driver.o(.text) for dmp_set_gyro_bias
    inv_mpu.o(.text) refers to mpuiic.o(.text) for MPU_IIC_Init
    inv_mpu.o(.text) refers to f2d.o(.text) for __aeabi_f2d
    inv_mpu.o(.text) refers to asin.o(i.asin) for asin
    inv_mpu.o(.text) refers to dmul.o(.text) for __aeabi_dmul
    inv_mpu.o(.text) refers to d2f.o(.text) for __aeabi_d2f
    inv_mpu.o(.text) refers to atan2.o(i.atan2) for atan2
    inv_mpu.o(.data) refers to inv_mpu.o(.constdata) for reg
    inv_mpu_dmp_motion_driver.o(.text) refers to inv_mpu.o(.text) for mpu_load_firmware
    inv_mpu_dmp_motion_driver.o(.text) refers to inv_mpu_dmp_motion_driver.o(.constdata) for dmp_memory
    inv_mpu_dmp_motion_driver.o(.text) refers to inv_mpu_dmp_motion_driver.o(.bss) for dmp
    inv_mpu_dmp_motion_driver.o(.text) refers to ffltui.o(.text) for __aeabi_ui2f
    inv_mpu_dmp_motion_driver.o(.text) refers to fdiv.o(.text) for __aeabi_fdiv
    inv_mpu_dmp_motion_driver.o(.text) refers to fmul.o(.text) for __aeabi_fmul
    inv_mpu_dmp_motion_driver.o(.text) refers to ffixui.o(.text) for __aeabi_f2uiz
[...]
    .text                                    0x08007396   Section        0  memcmp.o(.text)
    .text                                    0x080073b0   Section        0  fadd.o(.text)
    .text                                    0x08007460   Section        0  fmul.o(.text)
    .text                                    0x080074c4   Section        0  fdiv.o(.text)
    .text                                    0x08007540   Section        0  dadd.o(.text)
    .text                                    0x0800768e   Section        0  dmul.o(.text)
    .text                                    0x08007772   Section        0  ddiv.o(.text)
    .text                                    0x08007850   Section        0  fflti.o(.text)
    .text                                    0x08007862   Section        0  ffltui.o(.text)
    .text                                    0x0800786c   Section        0  dflti.o(.text)
    .text                                    0x0800788e   Section        0  ffixi.o(.text)
    .text                                    0x080078c0   Section        0  ffixui.o(.text)
    .text                                    0x080078e8   Section        0  dfixi.o(.text)
    .text                                    0x08007926   Section        0  dfixui.o(.text)
    .text                                    0x08007958   Section        0  f2d.o(.text)
    .text                                    0x0800797e   Section        0  d2f.o(.text)
    .text                                    0x080079b8   Section       20  cfcmple.o(.text)
    .text                                    0x080079cc   Section       20  cfrcmple.o(.text)
    .text                                    0x080079e0   Section        0  uldiv.o(.text)
    .text                                    0x08007a42   Section        0  llshl.o(.text)
    .text                                    0x08007a60   Section        0  llushr.o(.text)
    .text                                    0x08007a80   Section        0  llsshr.o(.text)
    .text                                    0x08007aa4   Section        0  fepilogue.o(.text)
    .text                                    0x08007aa4   Section        0  iusefp.o(.text)
    .text                                    0x08007b12   Section        0  depilogue.o(.text)
    .text                                    0x08007bcc   Section        0  dscalb.o(.text)
    .text                                    0x08007bfc   Section       36  init.o(.text)
    .text                                    0x08007c20   Section        0  semi.o(.text)
    .text                                    0x08007c20   Section        0  iusesemip.o(.text)
    .text                                    0x08007c20   Section        0  dsqrt.o(.text)
    .text                                    0x08007cc2   Section        0  __dczerorl2.o(.text)
    i.__0printf$8                            0x08007d18   Section        0  printf8.o(i.__0printf$8)
    i.__ARM_fpclassify                       0x08007d38   Section        0  fpclassify.o(i.__ARM_fpclassify)
    i.__kernel_poly                          0x08007d60   Section        0  poly.o(i.__kernel_poly)
    i.__mathlib_dbl_infnan                   0x08007e0a   Section        0  dunder.o(i.__mathlib_dbl_infnan)
    i.__mathlib_dbl_infnan2                  0x08007e10   Section        0  dunder.o(i.__mathlib_dbl_infnan2)
    i.__mathlib_dbl_invalid                  0x08007e14   Section        0  dunder.o(i.__mathlib_dbl_invalid)
    i.__mathlib_dbl_underflow                0x08007e20   Section        0  dunder.o(i.__mathlib_dbl_underflow)
    i.__scatterload_copy                     0x08007e30   Section       14  handlers.o(i.__scatterload_copy)
    i.__scatterload_null                     0x08007e3e   Section        2  handlers.o(i.__scatterload_null)
    i.__scatterload_zeroinit                 0x08007e40   Section       14  handlers.o(i.__scatterload_zeroinit)
    i.__set_errno                            0x08007e50   Section        0  errno.o(i.__set_errno)
    i._printf_core                           0x08007e5c   Section        0  printf8.o(i._printf_core)
    _printf_core                             0x08007e5d   Thumb Code   996  printf8.o(i._printf_core)
    i._printf_post_padding                   0x0800826c   Section        0  printf8.o(i._printf_post_padding)
    _printf_post_padding                     0x0800826d   Thumb Code    36  printf8.o(i._printf_post_padding)
    i._printf_pre_padding                    0x08008290   Section        0  printf8.o(i._printf_pre_padding)
    _printf_pre_padding                      0x08008291   Thumb Code    46  printf8.o(i._printf_pre_padding)
    i.asin                                   0x080082c0   Section        0  asin.o(i.asin)
    i.atan                                   0x08008530   Section        0  atan.o(i.atan)
    i.atan2                                  0x08008750   Section        0  atan2.o(i.atan2)
    i.fputc                                  0x080088d0   Section        0  fputc.o(i.fputc)
    i.sqrt                                   0x080088e2   Section        0  sqrt.o(i.sqrt)
    .constdata                               0x08008930   Section       80  inv_mpu.o(.constdata)
    .constdata                               0x08008980   Section     3062  inv_mpu_dmp_motion_driver.o(.constdata)
    dmp_memory                               0x08008980   Data        3062  inv_mpu_dmp_motion_driver.o(.constdata)
    .constdata                               0x08009578   Section       80  asin.o(.constdata)
    pS                                       0x08009578   Data          48  asin.o(.constdata)
    qS                                       0x080095a8   Data          32  asin.o(.constdata)
    .constdata                               0x080095c8   Section      152  atan.o(.constdata)
    atanhi                                   0x080095c8   Data          32  atan.o(.constdata)
    atanlo                                   0x080095e8   Data          32  atan.o(.constdata)
    aTodd                                    0x08009608   Data          40  atan.o(.constdata)
    aTeven                                   0x08009630   Data          48  atan.o(.constdata)
    .constdata                               0x08009660   Section        8  qnan.o(.constdata)
    .conststring                             0x08009668   Section       77  inv_mpu.o(.conststring)
    .data                                    0x20000000   Section      268  moto.o(.data)
    .data                                    0x2000010c   Section       53  inv_mpu.o(.data)
    st                                       0x2000010c   Data          44  inv_mpu.o(.data)
    gyro_orientation                         0x20000138   Data           9  inv_mpu.o(.data)
    .data                                    0x20000144   Section        8  pbdata.o(.data)
    .data                                    0x2000014c   Section       20  time.o(.data)
    .data                                    0x20000160   Section       10  adc.o(.data)
    .data                                    0x2000016a   Section       14  remote.o(.data)
    .data                                    0x20000178   Section       20  stm32f10x_rcc.o(.data)
    APBAHBPrescTable                         0x20000178   Data          16  stm32f10x_rcc.o(.data)
    ADCPrescTable                            0x20000188   Data           4  stm32f10x_rcc.o(.data)
    .data                                    0x2000018c   Section       20  system_stm32f10x.o(.data)
    .data                                    0x200001a0   Section        4  stdout.o(.data)
    .data                                    0x200001a4   Section        4  errno.o(.data)
    _errno                                   0x200001a4   Data           4  errno.o(.data)
    .bss                                     0x200001a8   Section       16  inv_mpu_dmp_motion_driver.o(.bss)
    dmp                                      0x200001a8   Data          16  inv_mpu_dmp_motion_driver.o(.bss)
    .bss                                     0x200001b8   Section       14  remote.o(.bss)
    STACK                                    0x200001c8   Section     1024  startup_stm32f10x_hd.o(STACK)

    Global Symbols

    Symbol Name                              Value     Ov Type        Size  Object(Section)

    BuildAttributes$$THM_ISAv4$P$D$K$B$S$PE$A:L22UL41UL21$X:L11$S22US41US21$IEEE1$IW$USESV6$~STKCKD$USESV7$~SHL$OTIME$ROPI$IEEEX$EBA8$MICROLIB$REQ8$PRES8$EABIv2 0x00000000   Number         0  anon$$obj.o ABSOLUTE
    __ARM_use_no_argv                        0x00000000   Number         0  main.o ABSOLUTE
    _printf_a                                0x00000000   Number         0  stubs.o ABSOLUTE
    _printf_c                                0x00000000   Number         0  stubs.o ABSOLUTE
    _printf_charcount                        0x00000000   Number         0  stubs.o ABSOLUTE
    _printf_d                                0x00000000   Number         0  stubs.o ABSOLUTE
    _printf_e                                0x00000000   Number         0  stubs.o ABSOLUTE
    _printf_f                                0x00000000   Number         0  stubs.o ABSOLUTE
    _printf_flags                            0x00000000   Number         0  stubs.o ABSOLUTE
    _printf_fp_dec                           0x00000000   Number         0  stubs.o ABSOLUTE
    _printf_fp_hex                           0x00000000   Number         0  stubs.o ABSOLUTE
    _printf_g                                0x00000000   Number         0  stubs.o ABSOLUTE
    _printf_i                                0x00000000   Number         0  stubs.o ABSOLUTE
    _printf_int_dec                          0x00000000   Number         0  stubs.o ABSOLUTE
    _printf_l                                0x00000000   Number         0  stubs.o ABSOLUTE
    _printf_lc                               0x00000000   Number         0  stubs.o ABSOLUTE
    _printf_ll                               0x00000000   Number         0  stubs.o ABSOLUTE
    _printf_lld                              0x00000000   Number         0  stubs.o ABSOLUTE
    _printf_lli                              0x00000000   Number         0  stubs.o ABSOLUTE
    _printf_llo                              0x00000000   Number         0  stubs.o ABSOLUTE
    _printf_llu                              0x00000000   Number         0  stubs.o ABSOLUTE
    _printf_llx                              0x00000000   Number         0  stubs.o ABSOLUTE
    _printf_longlong_dec                     0x00000000   Number         0  stubs.o ABSOLUTE
    _printf_longlong_hex                     0x00000000   Number         0  stubs.o ABSOLUTE
    _printf_longlong_oct                     0x00000000   Number         0  stubs.o ABSOLUTE
    _printf_ls                               0x00000000   Number         0  stubs.o ABSOLUTE
    _printf_mbtowc                           0x00000000   Number         0  stubs.o ABSOLUTE
    _printf_n                                0x00000000   Number         0  stubs.o ABSOLUTE
    _printf_o                                0x00000000   Number         0  stubs.o ABSOLUTE
    _printf_p                                0x00000000   Number         0  stubs.o ABSOLUTE
    _printf_percent                          0x00000000   Number         0  stubs.o ABSOLUTE
    _printf_pre_padding                      0x00000000   Number         0  stubs.o ABSOLUTE
    _printf_return_value                     0x00000000   Number         0  stubs.o ABSOLUTE
    _printf_s                                0x00000000   Number         0  stubs.o ABSOLUTE
    _printf_sizespec                         0x00000000   Number         0  stubs.o ABSOLUTE
    _printf_str                              0x00000000   Number         0  stubs.o ABSOLUTE
    _printf_truncate_signed                  0x00000000   Number         0  stubs.o ABSOLUTE
    _printf_truncate_unsigned                0x00000000   Number         0  stubs.o ABSOLUTE
    _printf_u                                0x00000000   Number         0  stubs.o ABSOLUTE
    _printf_wc                               0x00000000   Number         0  stubs.o ABSOLUTE
    _printf_wctomb                           0x00000000   Number         0  stubs.o ABSOLUTE
    _printf_widthprec                        0x00000000   Number         0  stubs.o ABSOLUTE
    _printf_x                                0x00000000   Number         0  stubs.o ABSOLUTE
    __cpp_initialize__aeabi_                  - Undefined Weak Reference
    __cxa_finalize                            - Undefined Weak Reference
    _clock_init                               - Undefined Weak Reference
    _microlib_exit                            - Undefined Weak Reference
    __Vectors_Size                           0x00000130   Number         0  startup_stm32f10x_hd.o ABSOLUTE
    __Vectors                                0x08000000   Data           4  startup_stm32f10x_hd.o(RESET)
    __Vectors_End                            0x08000130   Data           0  startup_stm32f10x_hd.o(RESET)
    __main                                   0x08000131   Thumb Code     0  entry.o(.ARM.Collect$$$$00000000)
    _main_stk                                0x08000131   Thumb Code     0  entry2.o(.ARM.Collect$$$$00000001)
    _main_scatterload                        0x08000135   Thumb Code     0  entry5.o(.ARM.Collect$$$$00000004)
    __main_after_scatterload                 0x08000139   Thumb Code     0  entry5.o(.ARM.Collect$$$$00000004)
    _main_clock                              0x08000139   Thumb Code     0  entry7b.o(.ARM.Collect$$$$00000008)
    _main_cpp_init                           0x08000139   Thumb Code     0  entry8b.o(.ARM.Collect$$$$0000000A)
    _main_init                               0x08000139   Thumb Code     0  entry9a.o(.ARM.Collect$$$$0000000B)
    __rt_final_cpp                           0x08000141   Thumb Code     0  entry10a.o(.ARM.Collect$$$$0000000D)
    __rt_final_exit                          0x08000141   Thumb Code     0  entry11a.o(.ARM.Collect$$$$0000000F)
    Reset_Handler                            0x08000145   Thumb Code     8  startup_stm32f10x_hd.o(.text)
    NMI_Handler                              0x0800014d   Thumb Code     2  startup_stm32f10x_hd.o(.text)
    HardFault_Handler                        0x0800014f   Thumb Code     2  startup_stm32f10x_hd.o(.text)
    MemManage_Handler                        0x08000151   Thumb Code     2  startup_stm32f10x_hd.o(.text)
    BusFault_Handler                         0x08000153   Thumb Code     2  startup_stm32f10x_hd.o(.text)
    UsageFault_Handler                       0x08000155   Thumb Code     2  startup_stm32f10x_hd.o(.text)
    SVC_Handler                              0x08000157   Thumb Code     2  startup_stm32f10x_hd.o(.text)
    DebugMon_Handler                         0x08000159   Thumb Code     2  startup_stm32f10x_hd.o(.text)
    PendSV_Handler                           0x0800015b   Thumb Code     2  startup_stm32f10x_hd.o(.text)
    SysTick_Handler                          0x0800015d   Thumb Code     2  startup_stm32f10x_hd.o(.text)
    ADC1_2_IRQHandler                        0x0800015f   Thumb Code     0  startup_stm32f10x_hd.o(.text)
    ADC3_IRQHandler                          0x0800015f   Thumb Code     0  startup_stm32f10x_hd.o(.text)
    CAN1_RX1_IRQHandler                      0x0800015f   Thumb Code     0  startup_stm32f10x_hd.o(.text)
    CAN1_SCE_IRQHandler                      0x0800015f   Thumb Code     0  startup_stm32f10x_hd.o(.text)
    DMA1_Channel1_IRQHandler                 0x0800015f   Thumb Code     0  startup_stm32f10x_hd.o(.text)
    DMA1_Channel2_IRQHandler                 0x0800015f   Thumb Code     0  startup_stm32f10x_hd.o(.text)
    DMA1_Channel3_IRQHandler                 0x0800015f   Thumb Code     0  startup_stm32f10x_hd.o(.text)
    DMA1_Channel4_IRQHandler                 0x0800015f   Thumb Code     0  startup_stm32f10x_hd.o(.text)
    DMA1_Channel5_IRQHandler                 0x0800015f   Thumb Code     0  startup_stm32f10x_hd.o(.text)
    DMA1_Channel6_IRQHandler                 0x0800015f   Thumb Code     0  startup_stm32f10x_hd.o(.text)
    DMA1_Channel7_IRQHandler                 0x0800015f   Thumb Code     0  startup_stm32f10x_hd.o(.text)
    DMA2_Channel1_IRQHandler                 0x0800015f   Thumb Code     0  startup_stm32f10x_hd.o(.text)
    DMA2_Channel2_IRQHandler                 0x0800015f   Thumb Code     0  startup_stm32f10x_hd.o(.text)
    DMA2_Channel3_IRQHandler                 0x0800015f   Thumb Code     0  startup_stm32f10x_hd.o(.text)
    DMA2_Channel4_5_IRQHandler               0x0800015f   Thumb Code     0  startup_stm32f10x_hd.o(.text)
    EXTI0_IRQHandler                         0x0800015f   Thumb Code     0  startup_stm32f10x_hd.o(.text)
    EXTI15_10_IRQHandler                     0x0800015f   Thumb Code     0  startup_stm32f10x_hd.o(.text)
    EXTI1_IRQHandler                         0x0800015f   Thumb Code     0  startup_stm32f10x_hd.o(.text)
    EXTI2_IRQHandler                         0x0800015f   Thumb Code     0  startup_stm32f10x_hd.o(.text)
    EXTI3_IRQHandler                         0x0800015f   Thumb Code     0  startup_stm32f10x_hd.o(.text)
    EXTI4_IRQHandler                         0x0800015f   Thumb Code     0  startup_stm32f10x_hd.o(.text)
    FLASH_IRQHandler                         0x0800015f   Thumb Code     0  startup_stm32f10x_hd.o(.text)
    FSMC_IRQHandler                          0x0800015f   Thumb Code     0  startup_stm32f10x_hd.o(.text)
    I2C1_ER_IRQHandler                       0x0800015f   Thumb Code     0  startup_stm32f10x_hd.o(.text)
    I2C1_EV_IRQHandler                       0x0800015f   Thumb Code     0  startup_stm32f10x_hd.o(.text)
    I2C2_ER_IRQHandler                       0x0800015f   Thumb Code     0  startup_stm32f10x_hd.o(.text)
    I2C2_EV_IRQHandler                       0x0800015f   Thumb Code     0  startup_stm32f10x_hd.o(.text)
    PVD_IRQHandler                           0x0800015f   Thumb Code     0  startup_stm32f10x_hd.o(.text)
    RCC_IRQHandler                           0x0800015f   Thumb Code     0  startup_stm32f10x_hd.o(.text)
    RTCAlarm_IRQHandler                      0x0800015f   Thumb Code     0  startup_stm32f10x_hd.o(.text)
    RTC_IRQHandler                           0x0800015f   Thumb Code     0  startup_stm32f10x_hd.o(.text)
    SDIO_IRQHandler                          0x0800015f   Thumb Code     0  startup_stm32f10x_hd.o(.text)
    SPI1_IRQHandler                          0x0800015f   Thumb Code     0  startup_stm32f10x_hd.o(.text)
    SPI2_IRQHandler                          0x0800015f   Thumb Code     0  startup_stm32f10x_hd.o(.text)
    SPI3_IRQHandler                          0x0800015f   Thumb Code     0  startup_stm32f10x_hd.o(.text)
    TAMPER_IRQHandler                        0x0800015f   Thumb Code     0  startup_stm32f10x_hd.o(.text)
    TIM1_BRK_IRQHandler                      0x0800015f   Thumb Code     0  startup_stm32f10x_hd.o(.text)
    TIM1_CC_IRQHandler                       0x0800015f   Thumb Code     0  startup_stm32f10x_hd.o(.text)
    TIM1_TRG_COM_IRQHandler                  0x0800015f   Thumb Code     0  startup_stm32f10x_hd.o(.text)
    TIM1_UP_IRQHandler                       0x0800015f   Thumb Code     0  startup_stm32f10x_hd.o(.text)
    TIM3_IRQHandler                          0x0800015f   Thumb Code     0  startup_stm32f10x_hd.o(.text)
    TIM5_IRQHandler                          0x0800015f   Thumb Code     0  startup_stm32f10x_hd.o(.text)
    TIM6_IRQHandler                          0x0800015f   Thumb Code     0  startup_stm32f10x_hd.o(.text)
    TIM7_IRQHandler                          0x0800015f   Thumb Code     0  startup_stm32f10x_hd.o(.text)
    TIM8_BRK_IRQHandler                      0x0800015f   Thumb Code     0  startup_stm32f10x_hd.o(.text)
    TIM8_CC_IRQHandler                       0x0800015f   Thumb Code     0  startup_stm32f10x_hd.o(.text)
    TIM8_TRG_COM_IRQHandler                  0x0800015f   Thumb Code     0  startup_stm32f10x_hd.o(.text)
    TIM8_UP_IRQHandler                       0x0800015f   Thumb Code     0  startup_stm32f10x_hd.o(.text)
    UART4_IRQHandler                         0x0800015f   Thumb Code     0  startup_stm32f10x_hd.o(.text)
    UART5_IRQHandler                         0x0800015f   Thumb Code     0  startup_stm32f10x_hd.o(.text)
    USART2_IRQHandler                        0x0800015f   Thumb Code     0  startup_stm32f10x_hd.o(.text)
    USART3_IRQHandler                        0x0800015f   Thumb Code     0  startup_stm32f10x_hd.o(.text)
    USBWakeUp_IRQHandler                     0x0800015f   Thumb Code     0  startup_stm32f10x_hd.o(.text)
    USB_HP_CAN1_TX_IRQHandler                0x0800015f   Thumb Code     0  startup_stm32f10x_hd.o(.text)
    USB_LP_CAN1_RX0_IRQHandler               0x0800015f   Thumb Code     0  startup_stm32f10x_hd.o(.text)
    WWDG_IRQHandler                          0x0800015f   Thumb Code     0  startup_stm32f10x_hd.o(.text)
    main                                     0x08000169   Thumb Code    86  main.o(.text)
    LED_RCC_Init                             0x080001c9   Thumb Code    12  led.o(.text)
    LED_GPIO_Init                            0x080001d5   Thumb Code    50  led.o(.text)
    LED_Init                                 0x08000207   Thumb Code    12  led.o(.text)
    MPU6050_Data_read                        0x08000219   Thumb Code    28  moto.o(.text)
    my_abs                                   0x08000235   Thumb Code    14  moto.o(.text)
    Moto_Ctrl                                0x08000243   Thumb Code    72  moto.o(.text)
    pitch_remote_num                         0x0800028b   Thumb Code    84  moto.o(.text)
    roll_remote_num                          0x080002df   Thumb Code    84  moto.o(.text)
    yaw_control                              0x08000333   Thumb Code    62  moto.o(.text)
    single_pitch_balance                     0x08000371   Thumb Code    86  moto.o(.text)
    single_roll_balance                      0x080003c7   Thumb Code    86  moto.o(.text)
    single_yaw_balance                       0x0800041d   Thumb Code    64  moto.o(.text)
    single_Fly_Task                          0x0800045d   Thumb Code   628  moto.o(.text)
    double_pitch_balance_Angle               0x080006d1   Thumb Code   180  moto.o(.text)
    double_pitch_balance_Gyro                0x08000785   Thumb Code   184  moto.o(.text)
    double_roll_balance_Angle                0x0800083d   Thumb Code   180  moto.o(.text)
    double_roll_balance_Gyro                 0x080008f1   Thumb Code   184  moto.o(.text)
    double_yaw_balance_Angle                 0x080009a9   Thumb Code   158  moto.o(.text)
    double_yaw_balance_Gyro                  0x08000a47   Thumb Code   346  moto.o(.text)
    double_Fly_Task                          0x08000ba1   Thumb Code   574  moto.o(.text)
    MPU_Write_Byte                           0x08000e55   Thumb Code    68  mpu6050.o(.text)
    MPU_Set_LPF                              0x08000e99   Thumb Code    58  mpu6050.o(.text)
    MPU_Set_Rate                             0x08000ed3   Thumb Code    58  mpu6050.o(.text)
    MPU_Read_Byte                            0x08000f0d   Thumb Code    58  mpu6050.o(.text)
    MPU_Set_Accel_Fsr                        0x08000f47   Thumb Code    16  mpu6050.o(.text)
    MPU_Set_Gyro_Fsr                         0x08000f57   Thumb Code    16  mpu6050.o(.text)
    MPU_Init                                 0x08000f67   Thumb Code   122  mpu6050.o(.text)
    MPU_Read_Len                             0x08000fe1   Thumb Code   116  mpu6050.o(.text)
    MPU_Get_Temperature                      0x08001055   Thumb Code    86  mpu6050.o(.text)
    MPU_Get_Gyroscope                        0x080010ab   Thumb Code    80  mpu6050.o(.text)
    MPU_Get_Accelerometer                    0x080010fb   Thumb Code    80  mpu6050.o(.text)
    MPU_Write_Len                            0x0800114b   Thumb Code    96  mpu6050.o(.text)
    MPU_IIC_Delay                            0x080011bd   Thumb Code    14  mpuiic.o(.text)
    MPU_IIC_Init                             0x080011cb   Thumb Code    46  mpuiic.o(.text)
    MPU_IIC_Start                            0x080011f9   Thumb Code    60  mpuiic.o(.text)
    MPU_IIC_Stop                             0x08001235   Thumb Code    62  mpuiic.o(.text)
    MPU_IIC_Wait_Ack                         0x08001273   Thumb Code    86  mpuiic.o(.text)
    MPU_IIC_Ack                              0x080012c9   Thumb Code    66  mpuiic.o(.text)
    MPU_IIC_NAck                             0x0800130b   Thumb Code    66  mpuiic.o(.text)
    MPU_IIC_Send_Byte                        0x0800134d   Thumb Code    82  mpuiic.o(.text)
    MPU_IIC_Read_Byte                        0x0800139f   Thumb Code    96  mpuiic.o(.text)
    mpu_reg_dump                             0x08001497   Thumb Code    84  inv_mpu.o(.text)
    mpu_read_reg                             0x080014eb   Thumb Code    66  inv_mpu.o(.text)
    mpu_set_int_latched                      0x0800152d   Thumb Code   102  inv_mpu.o(.text)
    mpu_set_sensors                          0x08001593   Thumb Code   202  inv_mpu.o(.text)
    mpu_set_bypass                           0x0800165d   Thumb Code   328  inv_mpu.o(.text)
    mpu_reset_fifo                           0x080017a5   Thumb Code   472  inv_mpu.o(.text)
    mpu_configure_fifo                       0x0800197d   Thumb Code   106  inv_mpu.o(.text)
    mpu_set_lpf                              0x080019e7   Thumb Code   126  inv_mpu.o(.text)
    mpu_lp_accel_mode                        0x08001a65   Thumb Code   218  inv_mpu.o(.text)
    mpu_set_sample_rate                      0x08001b3f   Thumb Code   152  inv_mpu.o(.text)
    mpu_set_accel_fsr                        0x08001bd7   Thumb Code   132  inv_mpu.o(.text)
    mpu_set_gyro_fsr                         0x08001c5b   Thumb Code   132  inv_mpu.o(.text)
    mpu_init                                 0x08001cdf   Thumb Code   416  inv_mpu.o(.text)
    mget_ms                                  0x08001e7f   Thumb Code     2  inv_mpu.o(.text)
    mpu_get_gyro_reg                         0x08001e81   Thumb Code   110  inv_mpu.o(.text)
    mpu_get_accel_reg                        0x08001eef   Thumb Code   110  inv_mpu.o(.text)
    mpu_get_temperature                      0x08001f5d   Thumb Code   150  inv_mpu.o(.text)
    mpu_set_accel_bias                       0x08001ff3   Thumb Code   468  inv_mpu.o(.text)
    mpu_get_gyro_fsr                         0x080021c7   Thumb Code    64  inv_mpu.o(.text)
    mpu_get_accel_fsr                        0x08002207   Thumb Code    72  inv_mpu.o(.text)
    mpu_get_lpf                              0x0800224f   Thumb Code    74  inv_mpu.o(.text)
    mpu_get_sample_rate                      0x08002299   Thumb Code    26  inv_mpu.o(.text)
    mpu_get_compass_sample_rate              0x080022b3   Thumb Code    10  inv_mpu.o(.text)
    mpu_set_compass_sample_rate              0x080022bd   Thumb Code     8  inv_mpu.o(.text)
    mpu_get_gyro_sens                        0x080022c5   Thumb Code    58  inv_mpu.o(.text)
    mpu_get_accel_sens                       0x080022ff   Thumb Code    78  inv_mpu.o(.text)
    mpu_get_fifo_config                      0x0800234d   Thumb Code    12  inv_mpu.o(.text)
    mpu_get_power_state                      0x08002359   Thumb Code    22  inv_mpu.o(.text)
    mpu_get_int_status                       0x0800236f   Thumb Code    64  inv_mpu.o(.text)
    mpu_read_fifo                            0x080023af   Thumb Code   520  inv_mpu.o(.text)
    mpu_read_fifo_stream                     0x080025b7   Thumb Code   186  inv_mpu.o(.text)
    mpu_set_int_level                        0x08002671   Thumb Code    12  inv_mpu.o(.text)
    mpu_set_dmp_state                        0x08002d51   Thumb Code   138  inv_mpu.o(.text)
    mpu_run_self_test                        0x08002ddb   Thumb Code   278  inv_mpu.o(.text)
    mpu_write_mem                            0x08002ef1   Thumb Code   122  inv_mpu.o(.text)
    mpu_read_mem                             0x08002f6b   Thumb Code   122  inv_mpu.o(.text)
    mpu_load_firmware                        0x08002fe5   Thumb Code   190  inv_mpu.o(.text)
    mpu_get_dmp_state                        0x080030a3   Thumb Code    14  inv_mpu.o(.text)
    setup_compass                            0x080030b1   Thumb Code     6  inv_mpu.o(.text)
    mpu_get_compass_reg                      0x080030b7   Thumb Code     8  inv_mpu.o(.text)
    mpu_get_compass_fsr                      0x080030bf   Thumb Code     8  inv_mpu.o(.text)
    mpu_lp_motion_interrupt                  0x080030c7   Thumb Code   512  inv_mpu.o(.text)
    run_self_test                            0x080032c7   Thumb Code   152  inv_mpu.o(.text)
    inv_row_2_scale                          0x0800335f   Thumb Code    78  inv_mpu.o(.text)
    inv_orientation_matrix_to_scalar         0x080033ad   Thumb Code    40  inv_mpu.o(.text)
    mpu_dmp_init                             0x080033d5   Thumb Code   142  inv_mpu.o(.text)
    mpu_dmp_get_data                         0x08003463   Thumb Code   554  inv_mpu.o(.text)
    dmp_load_motion_driver_firmware          0x08003691   Thumb Code    20  inv_mpu_dmp_motion_driver.o(.text)
    dmp_set_orientation                      0x080036a5   Thumb Code   290  inv_mpu_dmp_motion_driver.o(.text)
    dmp_set_gyro_bias                        0x080037c7   Thumb Code   294  inv_mpu_dmp_motion_driver.o(.text)
    dmp_set_accel_bias                       0x080038ed   Thumb Code   300  inv_mpu_dmp_motion_driver.o(.text)
    dmp_set_fifo_rate                        0x08003a19   Thumb Code   136  inv_mpu_dmp_motion_driver.o(.text)
    dmp_get_fifo_rate                        0x08003aa1   Thumb Code    12  inv_mpu_dmp_motion_driver.o(.text)
    dmp_set_tap_thresh                       0x08003aad   Thumb Code   396  inv_mpu_dmp_motion_driver.o(.text)
    dmp_set_tap_axes                         0x08003c39   Thumb Code    70  inv_mpu_dmp_motion_driver.o(.text)
    dmp_set_tap_count                        0x08003c7f   Thumb Code    38  inv_mpu_dmp_motion_driver.o(.text)
    dmp_set_tap_time                         0x08003ca5   Thumb Code    38  inv_mpu_dmp_motion_driver.o(.text)
    dmp_set_tap_time_multi                   0x08003ccb   Thumb Code    38  inv_mpu_dmp_motion_driver.o(.text)
    dmp_set_shake_reject_thresh              0x08003cf1   Thumb Code    56  inv_mpu_dmp_motion_driver.o(.text)
    dmp_set_shake_reject_time                0x08003d29   Thumb Code    38  inv_mpu_dmp_motion_driver.o(.text)
    dmp_set_shake_reject_timeout             0x08003d4f   Thumb Code    38  inv_mpu_dmp_motion_driver.o(.text)
    dmp_get_pedometer_step_count             0x08003d75   Thumb Code    66  inv_mpu_dmp_motion_driver.o(.text)
    dmp_set_pedometer_step_count             0x08003db7   Thumb Code    42  inv_mpu_dmp_motion_driver.o(.text)
    dmp_get_pedometer_walk_time              0x08003de1   Thumb Code    72  inv_mpu_dmp_motion_driver.o(.text)
    dmp_set_pedometer_walk_time              0x08003e29   Thumb Code    48  inv_mpu_dmp_motion_driver.o(.text)
    dmp_enable_6x_lp_quat                    0x08003e59   Thumb Code    84  inv_mpu_dmp_motion_driver.o(.text)
    dmp_enable_lp_quat                       0x08003ead   Thumb Code    60  inv_mpu_dmp_motion_driver.o(.text)
    dmp_enable_gyro_cal                      0x08003ee9   Thumb Code    62  inv_mpu_dmp_motion_driver.o(.text)
    dmp_enable_feature                       0x08003f27   Thumb Code   530  inv_mpu_dmp_motion_driver.o(.text)
    dmp_get_enabled_features                 0x08004139   Thumb Code    12  inv_mpu_dmp_motion_driver.o(.text)
    dmp_set_interrupt_mode                   0x080041a3   Thumb Code    66  inv_mpu_dmp_motion_driver.o(.text)
    dmp_read_fifo                            0x080041e5   Thumb Code   514  inv_mpu_dmp_motion_driver.o(.text)
    dmp_register_tap_cb                      0x080043e7   Thumb Code    10  inv_mpu_dmp_motion_driver.o(.text)
    dmp_register_android_orient_cb           0x080043f1   Thumb Code    10  inv_mpu_dmp_motion_driver.o(.text)
    us                                       0x08004401   Thumb Code    30  pbdata.o(.text)
    ms                                       0x0800441f   Thumb Code    32  pbdata.o(.text)
    delay_us                                 0x0800443f   Thumb Code    54  pbdata.o(.text)
    delay_ms                                 0x08004475   Thumb Code    56  pbdata.o(.text)
    JTAG_IO_Init                             0x080044ad   Thumb Code   114  pbdata.o(.text)
    uboot                                    0x0800451f   Thumb Code     8  pbdata.o(.text)
    OS_Init                                  0x08004527   Thumb Code    58  pbdata.o(.text)
    PWM_RCC                                  0x08004571   Thumb Code    28  pwm.o(.text)
    PWM_GPIO                                 0x0800458d   Thumb Code   108  pwm.o(.text)
    PWM_TIM3_Configuration                   0x080045f9   Thumb Code   190  pwm.o(.text)
    TIM3_NVIC_Configuration                  0x080046b7   Thumb Code    42  pwm.o(.text)
    PWM_Init                                 0x080046e1   Thumb Code    52  pwm.o(.text)
    TIM2_RCC_Configuration                   0x08004725   Thumb Code    12  time.o(.text)
    TIM4_RCC_Configuration                   0x08004731   Thumb Code    12  time.o(.text)
    TIM2_Configuration                       0x0800473d   Thumb Code    64  time.o(.text)
    TIM4_Configuration                       0x0800477d   Thumb Code    62  time.o(.text)
    TIM2_NVIC_Configuration                  0x080047bb   Thumb Code    42  time.o(.text)
    TIM4_NVIC_Configuration                  0x080047e5   Thumb Code    42  time.o(.text)
    time2_init                               0x0800480f   Thumb Code    16  time.o(.text)
    time4_init                               0x0800481f   Thumb Code    16  time.o(.text)
    TIM2_IRQHandler                          0x0800482f   Thumb Code   394  time.o(.text)
    TIM4_IRQHandler                          0x080049b9   Thumb Code   186  time.o(.text)
    ADC_RCC                                  0x08004ad1   Thumb Code    28  adc.o(.text)
    ADC_GPIO                                 0x08004aed   Thumb Code    24  adc.o(.text)
    ADC_Configuration                        0x08004b05   Thumb Code   100  adc.o(.text)
    ADC_Check_Init                           0x08004b69   Thumb Code    16  adc.o(.text)
    T_Get_Adc                                0x08004b79   Thumb Code    46  adc.o(.text)
    T_Get_Adc_Average                        0x08004ba7   Thumb Code    46  adc.o(.text)
    BAT_ADC                                  0x08004bd5   Thumb Code   182  adc.o(.text)
    Temperature_check                        0x08004c8b   Thumb Code   118  adc.o(.text)
    MPU_INT_RCC_Init                         0x08004d55   Thumb Code    20  mpu_int.o(.text)
    MPU_INT_GPIO_Init                        0x08004d69   Thumb Code    30  mpu_int.o(.text)
    MPU_INT_EINT_Init                        0x08004d87   Thumb Code    46  mpu_int.o(.text)
    MPU_INT_NVIC_Init                        0x08004db5   Thumb Code    42  mpu_int.o(.text)
    MPU_INT_Init                             0x08004ddf   Thumb Code    20  mpu_int.o(.text)
    EXTI9_5_IRQHandler                       0x08004df3   Thumb Code    18  mpu_int.o(.text)
    WATCH_DOG_WWDG_Configuration             0x08004e09   Thumb Code    34  watch_dog.o(.text)
    WATCH_DOG_Init                           0x08004e2b   Thumb Code     8  watch_dog.o(.text)
    Feed_dog                                 0x08004e33   Thumb Code     8  watch_dog.o(.text)
    USART1_MSG_RCC_Configuration             0x08004e3d   Thumb Code    28  remote.o(.text)
    USART1_MSG_GPIO_Configuration            0x08004e59   Thumb Code    54  remote.o(.text)
    USART1_MSG_Configration                  0x08004e8f   Thumb Code    70  remote.o(.text)
    USART1_MSG_NVIC_Configuration            0x08004ed5   Thumb Code    40  remote.o(.text)
    USART1_MSG_Init                          0x08004efd   Thumb Code    20  remote.o(.text)
    USART1_IRQHandler                        0x08004f11   Thumb Code    86  remote.o(.text)
    Receive_Data                             0x08004f67   Thumb Code   126  remote.o(.text)
    MSG_Send                                 0x08004fe5   Thumb Code   110  remote.o(.text)
    MSG_Recieve                              0x08005053   Thumb Code   222  remote.o(.text)
    GPIO_DeInit                              0x08005185   Thumb Code   172  stm32f10x_gpio.o(.text)
    GPIO_AFIODeInit                          0x08005231   Thumb Code    20  stm32f10x_gpio.o(.text)
    GPIO_Init                                0x08005245   Thumb Code   278  stm32f10x_gpio.o(.text)
    GPIO_StructInit                          0x0800535b   Thumb Code    16  stm32f10x_gpio.o(.text)
    GPIO_ReadInputDataBit                    0x0800536b   Thumb Code    18  stm32f10x_gpio.o(.text)
    GPIO_ReadInputData                       0x0800537d   Thumb Code     8  stm32f10x_gpio.o(.text)
    GPIO_ReadOutputDataBit                   0x08005385   Thumb Code    18  stm32f10x_gpio.o(.text)
    GPIO_ReadOutputData                      0x08005397   Thumb Code     8  stm32f10x_gpio.o(.text)
    GPIO_SetBits                             0x0800539f   Thumb Code     4  stm32f10x_gpio.o(.text)
    GPIO_ResetBits                           0x080053a3   Thumb Code     4  stm32f10x_gpio.o(.text)
    GPIO_WriteBit                            0x080053a7   Thumb Code    10  stm32f10x_gpio.o(.text)
    GPIO_Write                               0x080053b1   Thumb Code     4  stm32f10x_gpio.o(.text)
    GPIO_PinLockConfig                       0x080053b5   Thumb Code    18  stm32f10x_gpio.o(.text)
    GPIO_EventOutputConfig                   0x080053c7   Thumb Code    26  stm32f10x_gpio.o(.text)
    GPIO_EventOutputCmd                      0x080053e1   Thumb Code     6  stm32f10x_gpio.o(.text)
    GPIO_PinRemapConfig                      0x080053e7   Thumb Code   138  stm32f10x_gpio.o(.text)
    GPIO_EXTILineConfig                      0x08005471   Thumb Code    66  stm32f10x_gpio.o(.text)
    GPIO_ETH_MediaInterfaceConfig            0x080054b3   Thumb Code     8  stm32f10x_gpio.o(.text)
    RCC_DeInit                               0x080054e1   Thumb Code    64  stm32f10x_rcc.o(.text)
    RCC_HSEConfig                            0x08005521   Thumb Code    70  stm32f10x_rcc.o(.text)
    RCC_GetFlagStatus                        0x08005567   Thumb Code    56  stm32f10x_rcc.o(.text)
    RCC_WaitForHSEStartUp                    0x0800559f   Thumb Code    56  stm32f10x_rcc.o(.text)
    RCC_AdjustHSICalibrationValue            0x080055d7   Thumb Code    20  stm32f10x_rcc.o(.text)
    RCC_HSICmd                               0x080055eb   Thumb Code     6  stm32f10x_rcc.o(.text)
    RCC_PLLConfig                            0x080055f1   Thumb Code    24  stm32f10x_rcc.o(.text)
    RCC_PLLCmd                               0x08005609   Thumb Code     6  stm32f10x_rcc.o(.text)
    RCC_SYSCLKConfig                         0x0800560f   Thumb Code    18  stm32f10x_rcc.o(.text)
    RCC_GetSYSCLKSource                      0x08005621   Thumb Code    10  stm32f10x_rcc.o(.text)
    RCC_HCLKConfig                           0x0800562b   Thumb Code    18  stm32f10x_rcc.o(.text)
    RCC_PCLK1Config                          0x0800563d   Thumb Code    18  stm32f10x_rcc.o(.text)
    RCC_PCLK2Config                          0x0800564f   Thumb Code    20  stm32f10x_rcc.o(.text)
    RCC_ITConfig                             0x08005663   Thumb Code    26  stm32f10x_rcc.o(.text)
    RCC_USBCLKConfig                         0x0800567d   Thumb Code     8  stm32f10x_rcc.o(.text)
    RCC_ADCCLKConfig                         0x08005685   Thumb Code    18  stm32f10x_rcc.o(.text)
    RCC_LSEConfig                            0x08005697   Thumb Code    50  stm32f10x_rcc.o(.text)
    RCC_LSICmd                               0x080056c9   Thumb Code     6  stm32f10x_rcc.o(.text)
    RCC_RTCCLKConfig                         0x080056cf   Thumb Code    12  stm32f10x_rcc.o(.text)
    RCC_RTCCLKCmd                            0x080056db   Thumb Code     8  stm32f10x_rcc.o(.text)
    RCC_GetClocksFreq                        0x080056e3   Thumb Code   192  stm32f10x_rcc.o(.text)
    RCC_AHBPeriphClockCmd                    0x080057a3   Thumb Code    26  stm32f10x_rcc.o(.text)
    RCC_APB2PeriphClockCmd                   0x080057bd   Thumb Code    26  stm32f10x_rcc.o(.text)
    RCC_APB1PeriphClockCmd                   0x080057d7   Thumb Code    26  stm32f10x_rcc.o(.text)
    RCC_APB2PeriphResetCmd                   0x080057f1   Thumb Code    26  stm32f10x_rcc.o(.text)
    RCC_APB1PeriphResetCmd                   0x0800580b   Thumb Code    26  stm32f10x_rcc.o(.text)
    RCC_BackupResetCmd                       0x08005825   Thumb Code     8  stm32f10x_rcc.o(.text)
    RCC_ClockSecuritySystemCmd               0x0800582d   Thumb Code     6  stm32f10x_rcc.o(.text)
    RCC_MCOConfig                            0x08005833   Thumb Code     6  stm32f10x_rcc.o(.text)
    RCC_ClearFlag                            0x08005839   Thumb Code    14  stm32f10x_rcc.o(.text)
    RCC_GetITStatus                          0x08005847   Thumb Code    20  stm32f10x_rcc.o(.text)
    RCC_ClearITPendingBit                    0x0800585b   Thumb Code     6  stm32f10x_rcc.o(.text)
    NVIC_PriorityGroupConfig                 0x08005885   Thumb Code    10  misc.o(.text)
    NVIC_Init                                0x0800588f   Thumb Code   100  misc.o(.text)
    NVIC_SetVectorTable                      0x080058f3   Thumb Code    14  misc.o(.text)
    NVIC_SystemLPConfig                      0x08005901   Thumb Code    34  misc.o(.text)
    SysTick_CLKSourceConfig                  0x08005923   Thumb Code    40  misc.o(.text)
    ADC_DeInit                               0x08005961   Thumb Code    78  stm32f10x_adc.o(.text)
    ADC_Init                                 0x080059af   Thumb Code    70  stm32f10x_adc.o(.text)
    ADC_StructInit                           0x080059f5   Thumb Code    18  stm32f10x_adc.o(.text)
    ADC_Cmd                                  0x08005a07   Thumb Code    22  stm32f10x_adc.o(.text)
    ADC_DMACmd                               0x08005a1d   Thumb Code    22  stm32f10x_adc.o(.text)
    ADC_ITConfig                             0x08005a33   Thumb Code    24  stm32f10x_adc.o(.text)
    ADC_ResetCalibration                     0x08005a4b   Thumb Code    10  stm32f10x_adc.o(.text)
    ADC_GetResetCalibrationStatus            0x08005a55   Thumb Code    20  stm32f10x_adc.o(.text)
    ADC_StartCalibration                     0x08005a69   Thumb Code    10  stm32f10x_adc.o(.text)
    ADC_GetCalibrationStatus                 0x08005a73   Thumb Code    20  stm32f10x_adc.o(.text)
    ADC_SoftwareStartConvCmd                 0x08005a87   Thumb Code    22  stm32f10x_adc.o(.text)
    ADC_GetSoftwareStartConvStatus           0x08005a9d   Thumb Code    20  stm32f10x_adc.o(.text)
    ADC_DiscModeChannelCountConfig           0x08005ab1   Thumb Code    24  stm32f10x_adc.o(.text)
    ADC_DiscModeCmd                          0x08005ac9   Thumb Code    22  stm32f10x_adc.o(.text)
    ADC_RegularChannelConfig                 0x08005adf   Thumb Code   184  stm32f10x_adc.o(.text)
    ADC_ExternalTrigConvCmd                  0x08005b97   Thumb Code    22  stm32f10x_adc.o(.text)
    ADC_GetConversionValue                   0x08005bad   Thumb Code     8  stm32f10x_adc.o(.text)
    ADC_GetDualModeConversionValue           0x08005bb5   Thumb Code     8  stm32f10x_adc.o(.text)
    ADC_AutoInjectedConvCmd                  0x08005bbd   Thumb Code    22  stm32f10x_adc.o(.text)
    ADC_InjectedDiscModeCmd                  0x08005bd3   Thumb Code    22  stm32f10x_adc.o(.text)
    ADC_ExternalTrigInjectedConvConfig       0x08005be9   Thumb Code    16  stm32f10x_adc.o(.text)
    ADC_ExternalTrigInjectedConvCmd          0x08005bf9   Thumb Code    22  stm32f10x_adc.o(.text)
    ADC_SoftwareStartInjectedConvCmd         0x08005c0f   Thumb Code    22  stm32f10x_adc.o(.text)
    ADC_GetSoftwareStartInjectedConvCmdStatus 0x08005c25   Thumb Code    20  stm32f10x_adc.o(.text)
    ADC_InjectedChannelConfig                0x08005c39   Thumb Code   130  stm32f10x_adc.o(.text)
    ADC_InjectedSequencerLengthConfig        0x08005cbb   Thumb Code    24  stm32f10x_adc.o(.text)
    ADC_SetInjectedOffset                    0x08005cd3   Thumb Code    20  stm32f10x_adc.o(.text)
    ADC_GetInjectedConversionValue           0x08005ce7   Thumb Code    28  stm32f10x_adc.o(.text)
    ADC_AnalogWatchdogCmd                    0x08005d03   Thumb Code    16  stm32f10x_adc.o(.text)
    ADC_AnalogWatchdogThresholdsConfig       0x08005d13   Thumb Code     6  stm32f10x_adc.o(.text)
    ADC_AnalogWatchdogSingleChannelConfig    0x08005d19   Thumb Code    16  stm32f10x_adc.o(.text)
    ADC_TempSensorVrefintCmd                 0x08005d29   Thumb Code    64  stm32f10x_adc.o(.text)
    ADC_GetFlagStatus                        0x08005d69   Thumb Code    18  stm32f10x_adc.o(.text)
    ADC_ClearFlag                            0x08005d7b   Thumb Code     6  stm32f10x_adc.o(.text)
    ADC_GetITStatus                          0x08005d81   Thumb Code    36  stm32f10x_adc.o(.text)
    ADC_ClearITPendingBit                    0x08005da5   Thumb Code    10  stm32f10x_adc.o(.text)
    EXTI_DeInit                              0x08005db1   Thumb Code    28  stm32f10x_exti.o(.text)
    EXTI_Init                                0x08005dcd   Thumb Code   142  stm32f10x_exti.o(.text)
    EXTI_StructInit                          0x08005e5b   Thumb Code    16  stm32f10x_exti.o(.text)
    EXTI_GenerateSWInterrupt                 0x08005e6b   Thumb Code    16  stm32f10x_exti.o(.text)
    EXTI_GetFlagStatus                       0x08005e7b   Thumb Code    22  stm32f10x_exti.o(.text)
    EXTI_ClearFlag                           0x08005e91   Thumb Code     8  stm32f10x_exti.o(.text)
    EXTI_GetITStatus                         0x08005e99   Thumb Code    34  stm32f10x_exti.o(.text)
    EXTI_ClearITPendingBit                   0x08005ebb   Thumb Code     8  stm32f10x_exti.o(.text)
    TIM_DeInit                               0x08005ecd   Thumb Code   424  stm32f10x_tim.o(.text)
    TIM_TimeBaseInit                         0x08006075   Thumb Code   122  stm32f10x_tim.o(.text)
    TIM_OC1Init                              0x080060ef   Thumb Code   132  stm32f10x_tim.o(.text)
    TIM_OC2Init                              0x08006173   Thumb Code   154  stm32f10x_tim.o(.text)
    TIM_OC3Init                              0x0800620d   Thumb Code   150  stm32f10x_tim.o(.text)
    TIM_OC4Init                              0x080062a3   Thumb Code   182  stm32f10x_tim.o(.text)
    TIM_SetIC4Prescaler                      0x08006359   Thumb Code    26  stm32f10x_tim.o(.text)
    TIM_SetIC3Prescaler                      0x080063f5   Thumb Code    18  stm32f10x_tim.o(.text)
    TIM_SetIC2Prescaler                      0x08006481   Thumb Code    26  stm32f10x_tim.o(.text)
    TIM_SetIC1Prescaler                      0x0800651d   Thumb Code    18  stm32f10x_tim.o(.text)
    TIM_ICInit                               0x0800659b   Thumb Code   150  stm32f10x_tim.o(.text)
    TIM_PWMIConfig                           0x08006631   Thumb Code   124  stm32f10x_tim.o(.text)
    TIM_BDTRConfig                           0x080066ad   Thumb Code    32  stm32f10x_tim.o(.text)
    TIM_TimeBaseStructInit                   0x080066cd   Thumb Code    18  stm32f10x_tim.o(.text)
    TIM_OCStructInit                         0x080066df   Thumb Code    20  stm32f10x_tim.o(.text)
    TIM_ICStructInit                         0x080066f3   Thumb Code    18  stm32f10x_tim.o(.text)
    TIM_BDTRStructInit                       0x08006705   Thumb Code    40  stm32f10x_tim.o(.text)
    TIM_Cmd                                  0x0800672d   Thumb Code    24  stm32f10x_tim.o(.text)
    TIM_CtrlPWMOutputs                       0x08006745   Thumb Code    30  stm32f10x_tim.o(.text)
    TIM_ITConfig                             0x08006763   Thumb Code    18  stm32f10x_tim.o(.text)
    TIM_GenerateEvent                        0x08006775   Thumb Code     4  stm32f10x_tim.o(.text)
    TIM_DMAConfig                            0x08006779   Thumb Code    10  stm32f10x_tim.o(.text)
    TIM_DMACmd                               0x08006783   Thumb Code    18  stm32f10x_tim.o(.text)
    TIM_InternalClockConfig                  0x08006795   Thumb Code    12  stm32f10x_tim.o(.text)
    TIM_SelectInputTrigger                   0x080067a1   Thumb Code    18  stm32f10x_tim.o(.text)
    TIM_ITRxExternalClockConfig              0x080067b3   Thumb Code    24  stm32f10x_tim.o(.text)
    TIM_TIxExternalClockConfig               0x080067cb   Thumb Code    62  stm32f10x_tim.o(.text)
    TIM_ETRConfig                            0x08006809   Thumb Code    28  stm32f10x_tim.o(.text)
    TIM_ETRClockMode1Config                  0x08006825   Thumb Code    54  stm32f10x_tim.o(.text)
    TIM_ETRClockMode2Config                  0x0800685b   Thumb Code    32  stm32f10x_tim.o(.text)
    TIM_PrescalerConfig                      0x0800687b   Thumb Code     6  stm32f10x_tim.o(.text)
    TIM_CounterModeConfig                    0x08006881   Thumb Code    18  stm32f10x_tim.o(.text)
    TIM_EncoderInterfaceConfig               0x08006893   Thumb Code    66  stm32f10x_tim.o(.text)
    TIM_ForcedOC1Config                      0x080068d5   Thumb Code    18  stm32f10x_tim.o(.text)
    TIM_ForcedOC2Config                      0x080068e7   Thumb Code    26  stm32f10x_tim.o(.text)
    TIM_ForcedOC3Config                      0x08006901   Thumb Code    18  stm32f10x_tim.o(.text)
    TIM_ForcedOC4Config                      0x08006913   Thumb Code    26  stm32f10x_tim.o(.text)
    TIM_ARRPreloadConfig                     0x0800692d   Thumb Code    24  stm32f10x_tim.o(.text)
    TIM_SelectCOM                            0x08006945   Thumb Code    24  stm32f10x_tim.o(.text)
    TIM_SelectCCDMA                          0x0800695d   Thumb Code    24  stm32f10x_tim.o(.text)
    TIM_CCPreloadControl                     0x08006975   Thumb Code    24  stm32f10x_tim.o(.text)
    TIM_OC1PreloadConfig                     0x0800698d   Thumb Code    18  stm32f10x_tim.o(.text)
    TIM_OC2PreloadConfig                     0x0800699f   Thumb Code    26  stm32f10x_tim.o(.text)
    TIM_OC3PreloadConfig                     0x080069b9   Thumb Code    18  stm32f10x_tim.o(.text)
    TIM_OC4PreloadConfig                     0x080069cb   Thumb Code    26  stm32f10x_tim.o(.text)
    TIM_OC1FastConfig                        0x080069e5   Thumb Code    18  stm32f10x_tim.o(.text)
    TIM_OC2FastConfig                        0x080069f7   Thumb Code    26  stm32f10x_tim.o(.text)
    TIM_OC3FastConfig                        0x08006a11   Thumb Code    18  stm32f10x_tim.o(.text)
    TIM_OC4FastConfig                        0x08006a23   Thumb Code    26  stm32f10x_tim.o(.text)
    TIM_ClearOC1Ref                          0x08006a3d   Thumb Code    18  stm32f10x_tim.o(.text)
    TIM_ClearOC2Ref                          0x08006a4f   Thumb Code    24  stm32f10x_tim.o(.text)
    TIM_ClearOC3Ref                          0x08006a67   Thumb Code    18  stm32f10x_tim.o(.text)
    TIM_ClearOC4Ref                          0x08006a79   Thumb Code    24  stm32f10x_tim.o(.text)
    TIM_OC1PolarityConfig                    0x08006a91   Thumb Code    18  stm32f10x_tim.o(.text)
    TIM_OC1NPolarityConfig                   0x08006aa3   Thumb Code    18  stm32f10x_tim.o(.text)
    TIM_OC2PolarityConfig                    0x08006ab5   Thumb Code    26  stm32f10x_tim.o(.text)
    TIM_OC2NPolarityConfig                   0x08006acf   Thumb Code    26  stm32f10x_tim.o(.text)
    TIM_OC3PolarityConfig                    0x08006ae9   Thumb Code    26  stm32f10x_tim.o(.text)
    TIM_OC3NPolarityConfig                   0x08006b03   Thumb Code    26  stm32f10x_tim.o(.text)
    TIM_OC4PolarityConfig                    0x08006b1d   Thumb Code    26  stm32f10x_tim.o(.text)
    TIM_CCxCmd                               0x08006b37   Thumb Code    30  stm32f10x_tim.o(.text)
    TIM_CCxNCmd                              0x08006b55   Thumb Code    30  stm32f10x_tim.o(.text)
    TIM_SelectOCxM                           0x08006b73   Thumb Code    82  stm32f10x_tim.o(.text)
    TIM_UpdateDisableConfig                  0x08006bc5   Thumb Code    24  stm32f10x_tim.o(.text)
    TIM_UpdateRequestConfig                  0x08006bdd   Thumb Code    24  stm32f10x_tim.o(.text)
    TIM_SelectHallSensor                     0x08006bf5   Thumb Code    24  stm32f10x_tim.o(.text)
    TIM_SelectOnePulseMode                   0x08006c0d   Thumb Code    18  stm32f10x_tim.o(.text)
    TIM_SelectOutputTrigger                  0x08006c1f   Thumb Code    18  stm32f10x_tim.o(.text)
    TIM_SelectSlaveMode                      0x08006c31   Thumb Code    18  stm32f10x_tim.o(.text)
    TIM_SelectMasterSlaveMode                0x08006c43   Thumb Code    18  stm32f10x_tim.o(.text)
    TIM_SetCounter                           0x08006c55   Thumb Code     4  stm32f10x_tim.o(.text)
    TIM_SetAutoreload                        0x08006c59   Thumb Code     4  stm32f10x_tim.o(.text)
    TIM_SetCompare1                          0x08006c5d   Thumb Code     4  stm32f10x_tim.o(.text)
    TIM_SetCompare2                          0x08006c61   Thumb Code     4  stm32f10x_tim.o(.text)
    TIM_SetCompare3                          0x08006c65   Thumb Code     4  stm32f10x_tim.o(.text)
    TIM_SetCompare4                          0x08006c69   Thumb Code     6  stm32f10x_tim.o(.text)
    TIM_SetClockDivision                     0x08006c6f   Thumb Code    18  stm32f10x_tim.o(.text)
    TIM_GetCapture1                          0x08006c81   Thumb Code     6  stm32f10x_tim.o(.text)
    TIM_GetCapture2                          0x08006c87   Thumb Code     6  stm32f10x_tim.o(.text)
    TIM_GetCapture3                          0x08006c8d   Thumb Code     6  stm32f10x_tim.o(.text)
    TIM_GetCapture4                          0x08006c93   Thumb Code     8  stm32f10x_tim.o(.text)
    TIM_GetCounter                           0x08006c9b   Thumb Code     6  stm32f10x_tim.o(.text)
    TIM_GetPrescaler                         0x08006ca1   Thumb Code     6  stm32f10x_tim.o(.text)
    TIM_GetFlagStatus                        0x08006ca7   Thumb Code    18  stm32f10x_tim.o(.text)
    TIM_ClearFlag                            0x08006cb9   Thumb Code     6  stm32f10x_tim.o(.text)
    TIM_GetITStatus                          0x08006cbf   Thumb Code    34  stm32f10x_tim.o(.text)
    TIM_ClearITPendingBit                    0x08006ce1   Thumb Code     6  stm32f10x_tim.o(.text)
    USART_DeInit                             0x08006ce9   Thumb Code   134  stm32f10x_usart.o(.text)
    USART_Init                               0x08006d6f   Thumb Code   210  stm32f10x_usart.o(.text)
    USART_StructInit                         0x08006e41   Thumb Code    24  stm32f10x_usart.o(.text)
    USART_ClockInit                          0x08006e59   Thumb Code    34  stm32f10x_usart.o(.text)
    USART_ClockStructInit                    0x08006e7b   Thumb Code    12  stm32f10x_usart.o(.text)
    USART_Cmd                                0x08006e87   Thumb Code    24  stm32f10x_usart.o(.text)
    USART_ITConfig                           0x08006e9f   Thumb Code    74  stm32f10x_usart.o(.text)
    USART_DMACmd                             0x08006ee9   Thumb Code    18  stm32f10x_usart.o(.text)
    USART_SetAddress                         0x08006efb   Thumb Code    18  stm32f10x_usart.o(.text)
    USART_WakeUpConfig                       0x08006f0d   Thumb Code    18  stm32f10x_usart.o(.text)
    USART_ReceiverWakeUpCmd                  0x08006f1f   Thumb Code    24  stm32f10x_usart.o(.text)
    USART_LINBreakDetectLengthConfig         0x08006f37   Thumb Code    18  stm32f10x_usart.o(.text)
    USART_LINCmd                             0x08006f49   Thumb Code    24  stm32f10x_usart.o(.text)
    USART_SendData                           0x08006f61   Thumb Code     8  stm32f10x_usart.o(.text)
    USART_ReceiveData                        0x08006f69   Thumb Code    10  stm32f10x_usart.o(.text)
    USART_SendBreak                          0x08006f73   Thumb Code    10  stm32f10x_usart.o(.text)
    USART_SetGuardTime                       0x08006f7d   Thumb Code    16  stm32f10x_usart.o(.text)
    USART_SetPrescaler                       0x08006f8d   Thumb Code    16  stm32f10x_usart.o(.text)
    USART_SmartCardCmd                       0x08006f9d   Thumb Code    24  stm32f10x_usart.o(.text)
    USART_SmartCardNACKCmd                   0x08006fb5   Thumb Code    24  stm32f10x_usart.o(.text)
    USART_HalfDuplexCmd                      0x08006fcd   Thumb Code    24  stm32f10x_usart.o(.text)
    USART_OverSampling8Cmd                   0x08006fe5   Thumb Code    22  stm32f10x_usart.o(.text)
    USART_OneBitMethodCmd                    0x08006ffb   Thumb Code    24  stm32f10x_usart.o(.text)
    USART_IrDAConfig                         0x08007013   Thumb Code    18  stm32f10x_usart.o(.text)
    USART_IrDACmd                            0x08007025   Thumb Code    24  stm32f10x_usart.o(.text)
    USART_GetFlagStatus                      0x0800703d   Thumb Code    26  stm32f10x_usart.o(.text)
    USART_ClearFlag                          0x08007057   Thumb Code    18  stm32f10x_usart.o(.text)
    USART_GetITStatus                        0x08007069   Thumb Code    84  stm32f10x_usart.o(.text)
    USART_ClearITPendingBit                  0x080070bd   Thumb Code    52  stm32f10x_usart.o(.text)
    IWDG_WriteAccessCmd                      0x080070f1   Thumb Code     6  stm32f10x_iwdg.o(.text)
    IWDG_SetPrescaler                        0x080070f7   Thumb Code     6  stm32f10x_iwdg.o(.text)
    IWDG_SetReload                           0x080070fd   Thumb Code     6  stm32f10x_iwdg.o(.text)
    IWDG_ReloadCounter                       0x08007103   Thumb Code    10  stm32f10x_iwdg.o(.text)
    IWDG_Enable                              0x0800710d   Thumb Code    10  stm32f10x_iwdg.o(.text)
    IWDG_GetFlagStatus                       0x08007117   Thumb Code    20  stm32f10x_iwdg.o(.text)
    SystemInit                               0x0800720f   Thumb Code    78  system_stm32f10x.o(.text)
    SystemCoreClockUpdate                    0x0800725d   Thumb Code   142  system_stm32f10x.o(.text)
    __aeabi_ldivmod                          0x08007311   Thumb Code    98  ldiv.o(.text)
    __aeabi_memset                           0x08007373   Thumb Code    14  memseta.o(.text)
    __aeabi_memset4                          0x08007373   Thumb Code     0  memseta.o(.text)
    __aeabi_memset8                          0x08007373   Thumb Code     0  memseta.o(.text)
    __aeabi_memclr                           0x08007381   Thumb Code     4  memseta.o(.text)
    __aeabi_memclr4                          0x08007381   Thumb Code     0  memseta.o(.text)
    __aeabi_memclr8                          0x08007381   Thumb Code     0  memseta.o(.text)
    _memset$wrapper                          0x08007385   Thumb Code    18  memseta.o(.text)
    memcmp                                   0x08007397   Thumb Code    26  memcmp.o(.text)
    __aeabi_fadd                             0x080073b1   Thumb Code   164  fadd.o(.text)
    __aeabi_fsub                             0x08007455   Thumb Code     6  fadd.o(.text)
    __aeabi_frsub                            0x0800745b   Thumb Code     6  fadd.o(.text)
    __aeabi_fmul                             0x08007461   Thumb Code   100  fmul.o(.text)
    __aeabi_fdiv                             0x080074c5   Thumb Code   124  fdiv.o(.text)
    __aeabi_dadd                             0x08007541   Thumb Code   322  dadd.o(.text)
    __aeabi_dsub                             0x08007683   Thumb Code     6  dadd.o(.text)
    __aeabi_drsub                            0x08007689   Thumb Code     6  dadd.o(.text)
    __aeabi_dmul                             0x0800768f   Thumb Code   228  dmul.o(.text)
    __aeabi_ddiv                             0x08007773   Thumb Code   222  ddiv.o(.text)
    __aeabi_i2f                              0x08007851   Thumb Code    18  fflti.o(.text)
    __aeabi_ui2f                             0x08007863   Thumb Code    10  ffltui.o(.text)
    __aeabi_i2d                              0x0800786d   Thumb Code    34  dflti.o(.text)
    __aeabi_f2iz                             0x0800788f   Thumb Code    50  ffixi.o(.text)
    __aeabi_f2uiz                            0x080078c1   Thumb Code    40  ffixui.o(.text)
    __aeabi_d2iz                             0x080078e9   Thumb Code    62  dfixi.o(.text)
    __aeabi_d2uiz                            0x08007927   Thumb Code    50  dfixui.o(.text)
    __aeabi_f2d                              0x08007959   Thumb Code    38  f2d.o(.text)
    __aeabi_d2f                              0x0800797f   Thumb Code    56  d2f.o(.text)
    __aeabi_cfcmpeq                          0x080079b9   Thumb Code     0  cfcmple.o(.text)
    __aeabi_cfcmple                          0x080079b9   Thumb Code    20  cfcmple.o(.text)
    __aeabi_cfrcmple                         0x080079cd   Thumb Code    20  cfrcmple.o(.text)
    __aeabi_uldivmod                         0x080079e1   Thumb Code    98  uldiv.o(.text)
    __aeabi_llsl                             0x08007a43   Thumb Code    30  llshl.o(.text)
    _ll_shift_l                              0x08007a43   Thumb Code     0  llshl.o(.text)
    __aeabi_llsr                             0x08007a61   Thumb Code    32  llushr.o(.text)
    _ll_ushift_r                             0x08007a61   Thumb Code     0  llushr.o(.text)
    __aeabi_lasr                             0x08007a81   Thumb Code    36  llsshr.o(.text)
    _ll_sshift_r                             0x08007a81   Thumb Code     0  llsshr.o(.text)
    __I$use$fp                               0x08007aa5   Thumb Code     0  iusefp.o(.text)
    _float_round                             0x08007aa5   Thumb Code    18  fepilogue.o(.text)
    _float_epilogue                          0x08007ab7   Thumb Code    92  fepilogue.o(.text)
    _double_round                            0x08007b13   Thumb Code    30  depilogue.o(.text)
    _double_epilogue                         0x08007b31   Thumb Code   156  depilogue.o(.text)
    __ARM_scalbn                             0x08007bcd   Thumb Code    46  dscalb.o(.text)
    scalbn                                   0x08007bcd   Thumb Code     0  dscalb.o(.text)
    __scatterload                            0x08007bfd   Thumb Code    28  init.o(.text)
    __scatterload_rt2                        0x08007bfd   Thumb Code     0  init.o(.text)
    __I$use$semihosting$fputc                0x08007c21   Thumb Code     0  iusesemip.o(.text)
    __semihosting_library_function           0x08007c21   Thumb Code     0  semi.o(.text)
    _dsqrt                                   0x08007c21   Thumb Code   162  dsqrt.o(.text)
    __decompress                             0x08007cc3   Thumb Code     0  __dczerorl2.o(.text)
    __decompress1                            0x08007cc3   Thumb Code    86  __dczerorl2.o(.text)
    __0printf$8                              0x08007d19   Thumb Code    22  printf8.o(i.__0printf$8)
    __1printf$8                              0x08007d19   Thumb Code     0  printf8.o(i.__0printf$8)
    __2printf                                0x08007d19   Thumb Code     0  printf8.o(i.__0printf$8)
    __ARM_fpclassify                         0x08007d39   Thumb Code    40  fpclassify.o(i.__ARM_fpclassify)
    __kernel_poly                            0x08007d61   Thumb Code   170  poly.o(i.__kernel_poly)
    __mathlib_dbl_infnan                     0x08007e0b   Thumb Code     6  dunder.o(i.__mathlib_dbl_infnan)
    __mathlib_dbl_infnan2                    0x08007e11   Thumb Code     4  dunder.o(i.__mathlib_dbl_infnan2)
    __mathlib_dbl_invalid                    0x08007e15   Thumb Code    12  dunder.o(i.__mathlib_dbl_invalid)
    __mathlib_dbl_underflow                  0x08007e21   Thumb Code    10  dunder.o(i.__mathlib_dbl_underflow)
    __scatterload_copy                       0x08007e31   Thumb Code    14  handlers.o(i.__scatterload_copy)
    __scatterload_null                       0x08007e3f   Thumb Code     2  handlers.o(i.__scatterload_null)
    __scatterload_zeroinit                   0x08007e41   Thumb Code    14  handlers.o(i.__scatterload_zeroinit)
    __set_errno                              0x08007e51   Thumb Code     6  errno.o(i.__set_errno)
    asin                                     0x080082c1   Thumb Code   572  asin.o(i.asin)
    atan                                     0x08008531   Thumb Code   474  atan.o(i.atan)
    atan2                                    0x08008751   Thumb Code   346  atan2.o(i.atan2)
    fputc                                    0x080088d1   Thumb Code    18  fputc.o(i.fputc)
    sqrt                                     0x080088e3   Thumb Code    76  sqrt.o(i.sqrt)
    reg                                      0x08008930   Data          27  inv_mpu.o(.constdata)
    hw                                       0x0800894c   Data          12  inv_mpu.o(.constdata)
    test                                     0x08008958   Data          40  inv_mpu.o(.constdata)
    __mathlib_zero                           0x08009660   Data           8  qnan.o(.constdata)
    Region$$Table$$Base                      0x080096b8   Number         0  anon$$obj.o(Region$$Table)
    Region$$Table$$Limit                     0x080096d8   Number         0  anon$$obj.o(Region$$Table)
    mpu6050_data_flag                        0x20000000   Data           1  moto.o(.data)
    pitch                                    0x20000004   Data           4  moto.o(.data)
    roll                                     0x20000008   Data           4  moto.o(.data)
    yaw                                      0x2000000c   Data           4  moto.o(.data)
    aacx                                     0x20000010   Data           2  moto.o(.data)
    aacy                                     0x20000012   Data           2  moto.o(.data)
    aacz                                     0x20000014   Data           2  moto.o(.data)
    gyrox                                    0x20000016   Data           2  moto.o(.data)
    gyroy                                    0x20000018   Data           2  moto.o(.data)
    gyroz                                    0x2000001a   Data           2  moto.o(.data)
    mpu6050_temp                             0x2000001c   Data           2  moto.o(.data)
    Oil_n                                    0x2000001e   Data           1  moto.o(.data)
    Pitch_n                                  0x2000001f   Data           1  moto.o(.data)
    Roll_n                                   0x20000020   Data           1  moto.o(.data)
    Yaw_n                                    0x20000021   Data           1  moto.o(.data)
    PWM_Out1                                 0x20000024   Data           4  moto.o(.data)
    PWM_Out2                                 0x20000028   Data           4  moto.o(.data)
    PWM_Out3                                 0x2000002c   Data           4  moto.o(.data)
    PWM_Out4                                 0x20000030   Data           4  moto.o(.data)
    single_pitch_balance_out                 0x20000034   Data           4  moto.o(.data)
    single_roll_balance_out                  0x20000038   Data           4  moto.o(.data)
    single_yaw_balance_out                   0x2000003c   Data           4  moto.o(.data)
    double_pitch_balance_angle_out           0x20000040   Data           4  moto.o(.data)
    double_roll_balance_angle_out            0x20000044   Data           4  moto.o(.data)
    double_yaw_balance_angle_out             0x20000048   Data           4  moto.o(.data)
    double_pitch_balance_out                 0x2000004c   Data           4  moto.o(.data)
    double_roll_balance_out                  0x20000050   Data           4  moto.o(.data)
    double_yaw_balance_out                   0x20000054   Data           4  moto.o(.data)
    yaw_out                                  0x20000058   Data           4  moto.o(.data)
    pwm_adc                                  0x2000005c   Data           4  moto.o(.data)
    double_PID_Pitch_err                     0x20000060   Data           4  moto.o(.data)
    double_PID_Pitch_last_err                0x20000064   Data           4  moto.o(.data)
    double_PID_Pitch_Angle_Integral          0x20000068   Data           4  moto.o(.data)
    double_PID_Pitch_Gyro_Integral           0x2000006c   Data           4  moto.o(.data)
    double_PID_Roll_err                      0x20000070   Data           4  moto.o(.data)
    double_PID_Roll_last_err                 0x20000074   Data           4  moto.o(.data)
    double_PID_Roll_Angle_Integral           0x20000078   Data           4  moto.o(.data)
    double_PID_Roll_Gyro_Integral            0x2000007c   Data           4  moto.o(.data)
    double_PID_Yaw_err                       0x20000080   Data           4  moto.o(.data)
    double_PID_Yaw_last_err                  0x20000084   Data           4  moto.o(.data)
    double_PID_Yaw_Angle_Integral            0x20000088   Data           4  moto.o(.data)
    double_PID_Yaw_Gyro_Integral             0x2000008c   Data           4  moto.o(.data)
    single_Fly_Pitch_Zero                    0x20000090   Data           4  moto.o(.data)
    single_Fly_Roll_Zero                     0x20000094   Data           4  moto.o(.data)
    single_Fly_Yaw_Zero                      0x20000098   Data           4  moto.o(.data)
    double_Fly_Pitch_Zero                    0x2000009c   Data           4  moto.o(.data)
    double_Fly_Roll_Zero                     0x200000a0   Data           4  moto.o(.data)
    double_Fly_Yaw_Zero                      0x200000a4   Data           4  moto.o(.data)
    single_pitch_balance_Kp                  0x200000a8   Data           4  moto.o(.data)
    single_pitch_balance_Kd                  0x200000ac   Data           4  moto.o(.data)
    single_roll_balance_Kp                   0x200000b0   Data           4  moto.o(.data)
    single_roll_balance_Kd                   0x200000b4   Data           4  moto.o(.data)
    single_yaw_balance_Kp                    0x200000b8   Data           4  moto.o(.data)
    single_yaw_balance_Kd                    0x200000bc   Data           4  moto.o(.data)
    double_pitch_balance_Angle_Kp            0x200000c0   Data           4  moto.o(.data)
    double_pitch_balance_Angle_Ki            0x200000c4   Data           4  moto.o(.data)
    double_pitch_balance_Angle_Kd            0x200000c8   Data           4  moto.o(.data)
    double_roll_balance_Angle_Kp             0x200000cc   Data           4  moto.o(.data)
    double_roll_balance_Angle_Ki             0x200000d0   Data           4  moto.o(.data)
    double_roll_balance_Angle_Kd             0x200000d4   Data           4  moto.o(.data)
    double_yaw_balance_Angle_Kp              0x200000d8   Data           4  moto.o(.data)
    double_yaw_balance_Angle_Ki              0x200000dc   Data           4  moto.o(.data)
    double_yaw_balance_Angle_Kd              0x200000e0   Data           4  moto.o(.data)
    double_pitch_balance_Gyro_Kp             0x200000e4   Data           4  moto.o(.data)
    double_pitch_balance_Gyro_Ki             0x200000e8   Data           4  moto.o(.data)
    double_pitch_balance_Gyro_Kd             0x200000ec   Data           4  moto.o(.data)
    double_roll_balance_Gyro_Kp              0x200000f0   Data           4  moto.o(.data)
    double_roll_balance_Gyro_Ki              0x200000f4   Data           4  moto.o(.data)
    double_roll_balance_Gyro_Kd              0x200000f8   Data           4  moto.o(.data)
    double_yaw_balance_Gyro_Kp               0x200000fc   Data           4  moto.o(.data)
    double_yaw_balance_Gyro_Ki               0x20000100   Data           4  moto.o(.data)
    double_yaw_balance_Gyro_Kd               0x20000104   Data           4  moto.o(.data)
    yaw_Kp                                   0x20000108   Data           4  moto.o(.data)
    mpu_dmp_flag                             0x20000144   Data           1  pbdata.o(.data)
    user_number                              0x20000148   Data           4  pbdata.o(.data)
    time2                                    0x2000014c   Data           2  time.o(.data)
    time2_bat                                0x2000014e   Data           2  time.o(.data)
    time_out                                 0x20000150   Data           4  time.o(.data)
    out_control_flag                         0x20000154   Data           1  time.o(.data)
    time_stunt                               0x20000156   Data           2  time.o(.data)
    Oil_Auto_tome                            0x20000158   Data           2  time.o(.data)
    set_yaw_time                             0x2000015a   Data           2  time.o(.data)
    set_yaw_time_n                           0x2000015c   Data           2  time.o(.data)
    yaw_led_flag                             0x2000015e   Data           1  time.o(.data)
    led_n                                    0x2000015f   Data           1  time.o(.data)
    tmp_num                                  0x20000160   Data           4  adc.o(.data)
    Bat_adc                                  0x20000164   Data           4  adc.o(.data)
    Bat_n                                    0x20000168   Data           1  adc.o(.data)
    tmp_value                                0x20000169   Data           1  adc.o(.data)
    USART1_MSG_flag                          0x2000016a   Data           1  remote.o(.data)
    USART1_MSG_Value                         0x2000016b   Data           1  remote.o(.data)
    USART1_Count                             0x2000016c   Data           1  remote.o(.data)
    USART1_Cmd_Flag                          0x2000016d   Data           1  remote.o(.data)
    Data1                                    0x2000016e   Data           1  remote.o(.data)
    Data2                                    0x2000016f   Data           1  remote.o(.data)
    Data3                                    0x20000170   Data           1  remote.o(.data)
    Data4                                    0x20000171   Data           1  remote.o(.data)
    Data5                                    0x20000172   Data           1  remote.o(.data)
    msg_send                                 0x20000173   Data           2  remote.o(.data)
    Plane_status                             0x20000175   Data           1  remote.o(.data)
    stunt_flag                               0x20000176   Data           1  remote.o(.data)
    set_ywa_flag                             0x20000177   Data           1  remote.o(.data)
    SystemCoreClock                          0x2000018c   Data           4  system_stm32f10x.o(.data)
    AHBPrescTable                            0x20000190   Data          16  system_stm32f10x.o(.data)
    __stdout                                 0x200001a0   Data           4  stdout.o(.data)
    USART1_Receieve                          0x200001b8   Data          14  remote.o(.bss)
    __initial_sp                             0x200005c8   Data           0  startup_stm32f10x_hd.o(STACK)



==============================================================================

Memory Map of the image

  Image Entry point : 0x08000131

  Load Region LR_IROM1 (Base: 0x08000000, Size: 0x00009880, Max: 0x00010000, ABSOLUTE, COMPRESSED[0x00009748])

    Execution Region ER_IROM1 (Base: 0x08000000, Size: 0x000096d8, Max: 0x00010000, ABSOLUTE)

    Base Addr    Size         Type   Attr      Idx    E Section Name        Object

    0x08000000   0x00000130   Data   RO            3    RESET               startup_stm32f10x_hd.o
    0x08000130   0x00000000   Code   RO          575  * .ARM.Collect$$$$00000000  mc_w.l(entry.o)
    0x08000130   0x00000004   Code   RO          916    .ARM.Collect$$$$00000001  mc_w.l(entry2.o)
    0x08000134   0x00000004   Code   RO          919    .ARM.Collect$$$$00000004  mc_w.l(entry5.o)
    0x08000138   0x00000000   Code   RO          921    .ARM.Collect$$$$00000008  mc_w.l(entry7b.o)
    0x08000138   0x00000000   Code   RO          923    .ARM.Collect$$$$0000000A  mc_w.l(entry8b.o)
    0x08000138   0x00000008   Code   RO          924    .ARM.Collect$$$$0000000B  mc_w.l(entry9a.o)
    0x08000140   0x00000000   Code   RO          926    .ARM.Collect$$$$0000000D  mc_w.l(entry10a.o)
    0x08000140   0x00000000   Code   RO          928    .ARM.Collect$$$$0000000F  mc_w.l(entry11a.o)
    0x08000140   0x00000004   Code   RO          917    .ARM.Collect$$$$00002712  mc_w.l(entry2.o)
    0x08000144   0x00000024   Code   RO            4    .text               startup_stm32f10x_hd.o
    0x08000168   0x00000060   Code   RO           10    .text               main.o
    0x080001c8   0x00000050   Code   RO          139    .text               led.o
    0x08000218   0x00000c3c   Code   RO          151    .text               moto.o
    0x08000e54   0x00000368   Code   RO          169    .text               mpu6050.o
    0x080011bc   0x00000250   Code   RO          181    .text               mpuiic.o
    0x0800140c   0x00002284   Code   RO          193    .text               inv_mpu.o
    0x08003690   0x00000d70   Code   RO          217    .text               inv_mpu_dmp_motion_driver.o
    0x08004400   0x00000170   Code   RO          232    .text               pbdata.o
    0x08004570   0x000001b4   Code   RO          251    .text               pwm.o
    0x08004724   0x000003ac   Code   RO          263    .text               time.o
    0x08004ad0   0x00000284   Code   RO          297    .text               adc.o
    0x08004d54   0x000000b4   Code   RO          315    .text               mpu_int.o
    0x08004e08   0x00000032   Code   RO          333    .text               watch_dog.o
    0x08004e3a   0x00000002   PAD
    0x08004e3c   0x00000348   Code   RO          363    .text               remote.o
    0x08005184   0x0000035c   Code   RO          382    .text               stm32f10x_gpio.o
    0x080054e0   0x000003a4   Code   RO          394    .text               stm32f10x_rcc.o
    0x08005884   0x000000dc   Code   RO          408    .text               misc.o
    0x08005960   0x0000044e   Code   RO          420    .text               stm32f10x_adc.o
    0x08005dae   0x00000002   PAD
    0x08005db0   0x0000011c   Code   RO          432    .text               stm32f10x_exti.o
    0x08005ecc   0x00000e1a   Code   RO          459    .text               stm32f10x_tim.o
    0x08006ce6   0x00000002   PAD
    0x08006ce8   0x00000408   Code   RO          471    .text               stm32f10x_usart.o
    0x080070f0   0x00000040   Code   RO          510    .text               stm32f10x_iwdg.o
    0x08007130   0x000001e0   Code   RO          532    .text               system_stm32f10x.o
    0x08007310   0x00000062   Code   RO          578    .text               mc_w.l(ldiv.o)
    0x08007372   0x00000024   Code   RO          580    .text               mc_w.l(memseta.o)
    0x08007396   0x0000001a   Code   RO          582    .text               mc_w.l(memcmp.o)
    0x080073b0   0x000000b0   Code   RO          845    .text               mf_w.l(fadd.o)
    0x08007460   0x00000064   Code   RO          847    .text               mf_w.l(fmul.o)
    0x080074c4   0x0000007c   Code   RO          849    .text               mf_w.l(fdiv.o)
    0x08007540   0x0000014e   Code   RO          851    .text               mf_w.l(dadd.o)
    0x0800768e   0x000000e4   Code   RO          853    .text               mf_w.l(dmul.o)
    0x08007772   0x000000de   Code   RO          855    .text               mf_w.l(ddiv.o)
    0x08007850   0x00000012   Code   RO          857    .text               mf_w.l(fflti.o)
    0x08007862   0x0000000a   Code   RO          859    .text               mf_w.l(ffltui.o)
    0x0800786c   0x00000022   Code   RO          861    .text               mf_w.l(dflti.o)
    0x0800788e   0x00000032   Code   RO          863    .text               mf_w.l(ffixi.o)
    0x080078c0   0x00000028   Code   RO          865    .text               mf_w.l(ffixui.o)
    0x080078e8   0x0000003e   Code   RO          867    .text               mf_w.l(dfixi.o)
    0x08007926   0x00000032   Code   RO          869    .text               mf_w.l(dfixui.o)
    0x08007958   0x00000026   Code   RO          871    .text               mf_w.l(f2d.o)
    0x0800797e   0x00000038   Code   RO          873    .text               mf_w.l(d2f.o)
    0x080079b6   0x00000002   PAD
    0x080079b8   0x00000014   Code   RO          875    .text               mf_w.l(cfcmple.o)
    0x080079cc   0x00000014   Code   RO          877    .text               mf_w.l(cfrcmple.o)
    0x080079e0   0x00000062   Code   RO          935    .text               mc_w.l(uldiv.o)
    0x08007a42   0x0000001e   Code   RO          937    .text               mc_w.l(llshl.o)
    0x08007a60   0x00000020   Code   RO          939    .text               mc_w.l(llushr.o)
    0x08007a80   0x00000024   Code   RO          941    .text               mc_w.l(llsshr.o)
    0x08007aa4   0x00000000   Code   RO          950    .text               mc_w.l(iusefp.o)
    0x08007aa4   0x0000006e   Code   RO          951    .text               mf_w.l(fepilogue.o)
    0x08007b12   0x000000ba   Code   RO          953    .text               mf_w.l(depilogue.o)
    0x08007bcc   0x0000002e   Code   RO          955    .text               mf_w.l(dscalb.o)
    0x08007bfa   0x00000002   PAD
    0x08007bfc   0x00000024   Code   RO          961    .text               mc_w.l(init.o)
    0x08007c20   0x00000000   Code   RO          963    .text               mc_w.l(semi.o)
    0x08007c20   0x00000000   Code   RO          964    .text               mc_w.l(iusesemip.o)
    0x08007c20   0x000000a2   Code   RO          965    .text               mf_w.l(dsqrt.o)
    0x08007cc2   0x00000056   Code   RO          977    .text               mc_w.l(__dczerorl2.o)
    0x08007d18   0x00000020   Code   RO          791    i.__0printf$8       mc_w.l(printf8.o)
    0x08007d38   0x00000028   Code   RO          903    i.__ARM_fpclassify  m_ws.l(fpclassify.o)
    0x08007d60   0x000000aa   Code   RO          905    i.__kernel_poly     m_ws.l(poly.o)
    0x08007e0a   0x00000006   Code   RO          890    i.__mathlib_dbl_infnan  m_ws.l(dunder.o)
    0x08007e10   0x00000004   Code   RO          891    i.__mathlib_dbl_infnan2  m_ws.l(dunder.o)
    0x08007e14   0x0000000c   Code   RO          892    i.__mathlib_dbl_invalid  m_ws.l(dunder.o)
    0x08007e20   0x00000010   Code   RO          895    i.__mathlib_dbl_underflow  m_ws.l(dunder.o)
    0x08007e30   0x0000000e   Code   RO          971    i.__scatterload_copy  mc_w.l(handlers.o)
    0x08007e3e   0x00000002   Code   RO          972    i.__scatterload_null  mc_w.l(handlers.o)
    0x08007e40   0x0000000e   Code   RO          973    i.__scatterload_zeroinit  mc_w.l(handlers.o)
    0x08007e4e   0x00000002   PAD
    0x08007e50   0x0000000c   Code   RO          945    i.__set_errno       mc_w.l(errno.o)
    0x08007e5c   0x00000410   Code   RO          798    i._printf_core      mc_w.l(printf8.o)
    0x0800826c   0x00000024   Code   RO          799    i._printf_post_padding  mc_w.l(printf8.o)
    0x08008290   0x0000002e   Code   RO          800    i._printf_pre_padding  mc_w.l(printf8.o)
    0x080082be   0x00000002   PAD
    0x080082c0   0x00000270   Code   RO          558    i.asin              m_ws.l(asin.o)
    0x08008530   0x00000220   Code   RO          880    i.atan              m_ws.l(atan.o)
    0x08008750   0x00000180   Code   RO          568    i.atan2             m_ws.l(atan2.o)
    0x080088d0   0x00000012   Code   RO          930    i.fputc             mc_w.l(fputc.o)
    0x080088e2   0x0000004c   Code   RO          909    i.sqrt              m_ws.l(sqrt.o)
    0x0800892e   0x00000002   PAD
    0x08008930   0x00000050   Data   RO          194    .constdata          inv_mpu.o
    0x08008980   0x00000bf6   Data   RO          219    .constdata          inv_mpu_dmp_motion_driver.o
    0x08009576   0x00000002   PAD
    0x08009578   0x00000050   Data   RO          559    .constdata          m_ws.l(asin.o)
    0x080095c8   0x00000098   Data   RO          881    .constdata          m_ws.l(atan.o)
    0x08009660   0x00000008   Data   RO          907    .constdata          m_ws.l(qnan.o)
    0x08009668   0x0000004d   Data   RO          195    .conststring        inv_mpu.o
    0x080096b5   0x00000003   PAD
    0x080096b8   0x00000020   Data   RO          969    Region$$Table       anon$$obj.o


    Execution Region RW_IRAM1 (Base: 0x20000000, Size: 0x000005c8, Max: 0x00005000, ABSOLUTE, COMPRESSED[0x00000070])

    Base Addr    Size         Type   Attr      Idx    E Section Name        Object

    0x20000000   0x0000010c   Data   RW          152    .data               moto.o
    0x2000010c   0x00000035   Data   RW          196    .data               inv_mpu.o
    0x20000141   0x00000003   PAD
    0x20000144   0x00000008   Data   RW          233    .data               pbdata.o
    0x2000014c   0x00000014   Data   RW          264    .data               time.o
    0x20000160   0x0000000a   Data   RW          298    .data               adc.o
    0x2000016a   0x0000000e   Data   RW          365    .data               remote.o
    0x20000178   0x00000014   Data   RW          395    .data               stm32f10x_rcc.o
    0x2000018c   0x00000014   Data   RW          533    .data               system_stm32f10x.o
    0x200001a0   0x00000004   Data   RW          932    .data               mc_w.l(stdout.o)
    0x200001a4   0x00000004   Data   RW          946    .data               mc_w.l(errno.o)
    0x200001a8   0x00000010   Zero   RW          218    .bss                inv_mpu_dmp_motion_driver.o
    0x200001b8   0x0000000e   Zero   RW          364    .bss                remote.o
    0x200001c6   0x00000002   PAD
    0x200001c8   0x00000400   Zero   RW            1    STACK               startup_stm32f10x_hd.o


==============================================================================

Image component sizes


      Code (inc. data)   RO Data    RW Data    ZI Data      Debug   Object Name

       644         84          0         10          0       2116   adc.o
      8836        196        157         53          0      23633   inv_mpu.o
      3440        126       3062          0         16      15071   inv_mpu_dmp_motion_driver.o
        80          6          0          0          0        682   led.o
        96         10          0          0          0     262787   main.o
       220         22          0          0          0       1685   misc.o
      3132        426          0        268          0       9583   moto.o
       872         18          0          0          0       4211   mpu6050.o
       180          4          0          0          0       1221   mpu_int.o
       592         14          0          0          0       2118   mpuiic.o
       368         16          0          8          0       1664   pbdata.o
       436         16          0          0          0       1279   pwm.o
       840         84          0         14         14       3103   remote.o
        36          8        304          0       1024        784   startup_stm32f10x_hd.o
      1102         26          0          0          0      10925   stm32f10x_adc.o
       284         10          0          0          0       2143   stm32f10x_exti.o
       860         38          0          0          0       5621   stm32f10x_gpio.o
        64          6          0          0          0       1225   stm32f10x_iwdg.o
       932         36          0         20          0       8764   stm32f10x_rcc.o
      3610         88          0          0          0      22728   stm32f10x_tim.o
      1032         22          0          0          0       8344   stm32f10x_usart.o
       480         38          0         20          0       1715   system_stm32f10x.o
       940         94          0         20          0       2760   time.o
        50          0          0          0          0        711   watch_dog.o

    ----------------------------------------------------------------------
     29132       1388       3560        416       1056     394873   Object Totals
         0          0         32          0          0          0   (incl. Generated)
         6          0          5          3          2          0   (incl. Padding)

    ----------------------------------------------------------------------

      Code (inc. data)   RO Data    RW Data    ZI Data      Debug   Library Member Name

       624         52         80          0          0        168   asin.o
       544         70        152          0          0        124   atan.o
       384         38          0          0          0        144   atan2.o
        38          6          0          0          0        272   dunder.o
        40          0          0          0          0         68   fpclassify.o
       170          0          0          0          0         96   poly.o
         0          0          8          0          0          0   qnan.o
        76          0          0          0          0         84   sqrt.o
        86          0          0          0          0          0   __dczerorl2.o
         0          0          0          0          0          0   entry.o
         0          0          0          0          0          0   entry10a.o
         0          0          0          0          0          0   entry11a.o
         8          4          0          0          0          0   entry2.o
         4          0          0          0          0          0   entry5.o
         0          0          0          0          0          0   entry7b.o
         0          0          0          0          0          0   entry8b.o
         8          4          0          0          0          0   entry9a.o
        12          6          0          4          0         68   errno.o
        18          0          0          0          0         80   fputc.o
        30          0          0          0          0          0   handlers.o
        36          8          0          0          0         68   init.o
         0          0          0          0          0          0   iusefp.o
         0          0          0          0          0          0   iusesemip.o
        98          0          0          0          0         84   ldiv.o
        30          0          0          0          0         68   llshl.o
        36          0          0          0          0         68   llsshr.o
        32          0          0          0          0         68   llushr.o
        26          0          0          0          0         80   memcmp.o
        36          0          0          0          0        108   memseta.o
      1154         54          0          0          0        352   printf8.o
         0          0          0          0          0          0   semi.o
         0          0          0          4          0          0   stdout.o
        98          0          0          0          0         92   uldiv.o
        20          0          0          0          0         68   cfcmple.o
        20          0          0          0          0         68   cfrcmple.o
        56          0          0          0          0         88   d2f.o
       334          0          0          0          0        148   dadd.o
       222          0          0          0          0        100   ddiv.o
       186          0          0          0          0        176   depilogue.o
        62          0          0          0          0         80   dfixi.o
        50          0          0          0          0         76   dfixui.o
        34          0          0          0          0         76   dflti.o
       228          0          0          0          0         96   dmul.o
        46          0          0          0          0         80   dscalb.o
       162          0          0          0          0        100   dsqrt.o
        38          0          0          0          0         68   f2d.o
       176          0          0          0          0        140   fadd.o
       124          0          0          0          0         88   fdiv.o
       110          0          0          0          0        168   fepilogue.o
        50          0          0          0          0         68   ffixi.o
        40          0          0          0          0         68   ffixui.o
        18          0          0          0          0         68   fflti.o
        10          0          0          0          0         68   ffltui.o
       100          0          0          0          0         76   fmul.o

    ----------------------------------------------------------------------
      5684        242        240          8          0       4060   Library Totals
        10          0          0          0          0          0   (incl. Padding)

    ----------------------------------------------------------------------

      Code (inc. data)   RO Data    RW Data    ZI Data      Debug   Library Name

      1876        166        240          0          0        956   m_ws.l
      1712         76          0          8          0       1136   mc_w.l
      2086          0          0          0          0       1968   mf_w.l

    ----------------------------------------------------------------------
      5684        242        240          8          0       4060   Library Totals

    ----------------------------------------------------------------------

==============================================================================


      Code (inc. data)   RO Data    RW Data    ZI Data      Debug   

     34816       1630       3800        424       1056     394745   Grand Totals
     34816       1630       3800        112       1056     394745   ELF Image Totals (compressed)
     34816       1630       3800        112          0          0   ROM Totals

==============================================================================

    Total RO  Size (Code + RO Data)                38616 (  37.71kB)
    Total RW  Size (RW Data + ZI Data)              1480 (   1.45kB)
    Total ROM Size (Code + RO Data + RW Data)      38728 (  37.82kB)

==============================================================================

