Component: ARM Compiler 5.06 update 5 (build 528) Tool: armlink [4d35e2]

==============================================================================

Section Cross References

    startup_stm32f10x_hd.o(STACK) refers (Special) to heapauxi.o(.text) for __use_two_region_memory
    startup_stm32f10x_hd.o(HEAP) refers (Special) to heapauxi.o(.text) for __use_two_region_memory
    startup_stm32f10x_hd.o(RESET) refers (Special) to heapauxi.o(.text) for __use_two_region_memory
    startup_stm32f10x_hd.o(RESET) refers to startup_stm32f10x_hd.o(STACK) for __initial_sp
    startup_stm32f10x_hd.o(RESET) refers to startup_stm32f10x_hd.o(.text) for Reset_Handler
    startup_stm32f10x_hd.o(RESET) refers to stm32f10x_it.o(.text) for NMI_Handler
    startup_stm32f10x_hd.o(RESET) refers to io_ctrl.o(.text) for EXTI3_IRQHandler
    startup_stm32f10x_hd.o(RESET) refers to time.o(.text) for TIM2_IRQHandler
    startup_stm32f10x_hd.o(RESET) refers to remote.o(.text) for USART1_IRQHandler
    startup_stm32f10x_hd.o(.text) refers (Special) to heapauxi.o(.text) for __use_two_region_memory
    startup_stm32f10x_hd.o(.text) refers to system_stm32f10x.o(.text) for SystemInit
    startup_stm32f10x_hd.o(.text) refers to __main.o(!!!main) for __main
    startup_stm32f10x_hd.o(.text) refers to startup_stm32f10x_hd.o(HEAP) for Heap_Mem
    startup_stm32f10x_hd.o(.text) refers to startup_stm32f10x_hd.o(STACK) for Stack_Mem
    main.o(.text) refers to pbdata.o(.text) for Hard_Init
    main.o(.text) refers to ui.o(.text) for photo
    pbdata.o(.text) refers to stm32f10x_gpio.o(.text) for GPIO_PinRemapConfig
    pbdata.o(.text) refers to stm32f10x_rcc.o(.text) for RCC_APB2PeriphClockCmd
    pbdata.o(.text) refers to system_stm32f10x.o(.text) for SystemInit
    pbdata.o(.text) refers to oled.o(.text) for OLED_Init
    pbdata.o(.text) refers to led.o(.text) for LED_Init
    pbdata.o(.text) refers to time.o(.text) for time_init
    pbdata.o(.text) refers to remote.o(.text) for USART1_MSG_Init
    pbdata.o(.text) refers to io_ctrl.o(.text) for KEY_Init
    pbdata.o(.text) refers to ad_sensor.o(.text) for ADC_Check_Init
    pbdata.o(.text) refers to watch_dog.o(.text) for WATCH_DOG_Init
    time.o(.text) refers to stm32f10x_rcc.o(.text) for RCC_APB1PeriphClockCmd
    time.o(.text) refers to stm32f10x_tim.o(.text) for TIM_ClearITPendingBit
    time.o(.text) refers to misc.o(.text) for NVIC_PriorityGroupConfig
    time.o(.text) refers to watch_dog.o(.text) for Feed_dog
    time.o(.text) refers to led.o(.text) for LED
    time.o(.text) refers to oled.o(.text) for OLED_ShowString
    time.o(.text) refers to remote.o(.text) for MSG_Recieve
    time.o(.text) refers to ui.o(.text) for Plane_Control
    time.o(.text) refers to time.o(.data) for time2
    time.o(.text) refers to watch_dog.o(.data) for dog_time
    time.o(.text) refers to ui.o(.data) for lock_flag
    time.o(.text) refers to remote.o(.data) for USART1_Cmd_Flag
    time.o(.text) refers to io_ctrl.o(.data) for stunt_flag
    time.o(.text) refers to ad_sensor.o(.data) for Oil_n
    watch_dog.o(.text) refers to stm32f10x_iwdg.o(.text) for IWDG_WriteAccessCmd
    oled.o(.text) refers to stm32f10x_gpio.o(.text) for GPIO_SetBits
    oled.o(.text) refers to oled.o(.bss) for OLED_GRAM
    oled.o(.text) refers to oled.o(.constdata) for asc2_0806
    oled.o(.text) refers to stm32f10x_rcc.o(.text) for RCC_APB2PeriphClockCmd
    oled.o(.text) refers to pbdata.o(.text) for delay_ms
    ui.o(.text) refers to oled.o(.text) for OLED_Clear
    ui.o(.text) refers to ad_sensor.o(.text) for BAT_ADC
    ui.o(.text) refers to led.o(.text) for LED
    ui.o(.text) refers to oled.o(.constdata) for logo
    ui.o(.text) refers to ui.o(.data) for Plane_Bat
    ui.o(.text) refers to ad_sensor.o(.data) for Bat_n
    ui.o(.text) refers to io_ctrl.o(.text) for fine_tuning
    ui.o(.text) refers to remote.o(.text) for MSG_Send
    ui.o(.text) refers to io_ctrl.o(.data) for auto_land_flag
    ui.o(.text) refers to remote.o(.data) for msg_send
    io_ctrl.o(.text) refers to stm32f10x_rcc.o(.text) for RCC_APB2PeriphClockCmd
    io_ctrl.o(.text) refers to stm32f10x_gpio.o(.text) for GPIO_Init
    io_ctrl.o(.text) refers to stm32f10x_exti.o(.text) for EXTI_ClearITPendingBit
    io_ctrl.o(.text) refers to misc.o(.text) for NVIC_PriorityGroupConfig
    io_ctrl.o(.text) refers to pbdata.o(.text) for delay_ms
    io_ctrl.o(.text) refers to ad_sensor.o(.text) for Oil_ADC
    io_ctrl.o(.text) refers to remote.o(.text) for MSG_Send
    io_ctrl.o(.text) refers to oled.o(.text) for OLED_ShowString
    io_ctrl.o(.text) refers to io_ctrl.o(.data) for TRUN_LEFT_flag
    io_ctrl.o(.text) refers to ad_sensor.o(.data) for Oil_n
    io_ctrl.o(.text) refers to remote.o(.data) for msg_send
    io_ctrl.o(.text) refers to ui.o(.data) for lock_flag
    ad_sensor.o(.text) refers to stm32f10x_rcc.o(.text) for RCC_APB2PeriphClockCmd
    ad_sensor.o(.text) refers to stm32f10x_gpio.o(.text) for GPIO_Init
[...]
    defsig_stak_inner.o(.text) refers to defsig_general.o(.text) for __default_signal_display
    defsig_pvfn_inner.o(.text) refers to defsig_general.o(.text) for __default_signal_display
    defsig_cppl_inner.o(.text) refers to defsig_general.o(.text) for __default_signal_display
    defsig_segv_inner.o(.text) refers to defsig_general.o(.text) for __default_signal_display
    defsig_other.o(.text) refers to defsig_general.o(.text) for __default_signal_display


==============================================================================

Removing Unused input sections from the image.

    Removing pbdata.o(.data), (8 bytes).
    Removing stm32f10x_flash.o(.text), (1468 bytes).
    Removing core_cm3.o(.emb_text), (32 bytes).

3 unused section(s) (total 1508 bytes) removed from the image.

==============================================================================

Image Symbol Table

    Local Symbols

    Symbol Name                              Value     Ov Type        Size  Object(Section)

    ../clib/angel/boardlib.s                 0x00000000   Number         0  boardinit3.o ABSOLUTE
    ../clib/angel/boardlib.s                 0x00000000   Number         0  boardinit2.o ABSOLUTE
    ../clib/angel/boardlib.s                 0x00000000   Number         0  boardinit1.o ABSOLUTE
    ../clib/angel/boardlib.s                 0x00000000   Number         0  boardshut.o ABSOLUTE
    ../clib/angel/handlers.s                 0x00000000   Number         0  __scatter_zi.o ABSOLUTE
    ../clib/angel/handlers.s                 0x00000000   Number         0  __scatter_copy.o ABSOLUTE
    ../clib/angel/kernel.s                   0x00000000   Number         0  __rtentry4.o ABSOLUTE
    ../clib/angel/kernel.s                   0x00000000   Number         0  rtexit.o ABSOLUTE
    ../clib/angel/kernel.s                   0x00000000   Number         0  __rtentry2.o ABSOLUTE
    ../clib/angel/kernel.s                   0x00000000   Number         0  __rtentry.o ABSOLUTE
    ../clib/angel/kernel.s                   0x00000000   Number         0  rtexit2.o ABSOLUTE
    ../clib/angel/rt.s                       0x00000000   Number         0  rt_raise.o ABSOLUTE
    ../clib/angel/scatter.s                  0x00000000   Number         0  __scatter.o ABSOLUTE
    ../clib/angel/startup.s                  0x00000000   Number         0  __main.o ABSOLUTE
    ../clib/angel/sys.s                      0x00000000   Number         0  libspace.o ABSOLUTE
    ../clib/angel/sys.s                      0x00000000   Number         0  sys_stackheap_outer.o ABSOLUTE
    ../clib/angel/sys.s                      0x00000000   Number         0  use_no_semi.o ABSOLUTE
    ../clib/angel/sys.s                      0x00000000   Number         0  indicate_semi.o ABSOLUTE
    ../clib/angel/sysapp.c                   0x00000000   Number         0  sys_wrch.o ABSOLUTE
    ../clib/angel/sysapp.c                   0x00000000   Number         0  sys_command.o ABSOLUTE
    ../clib/angel/sysapp.c                   0x00000000   Number         0  sys_exit.o ABSOLUTE
    ../clib/armsys.c                         0x00000000   Number         0  no_argv.o ABSOLUTE
    ../clib/armsys.c                         0x00000000   Number         0  argv_veneer.o ABSOLUTE
    ../clib/armsys.c                         0x00000000   Number         0  argv_veneer.o ABSOLUTE
    ../clib/armsys.c                         0x00000000   Number         0  _get_argv_nomalloc.o ABSOLUTE
    ../clib/heapalloc.c                      0x00000000   Number         0  hrguard.o ABSOLUTE
    ../clib/heapaux.c                        0x00000000   Number         0  heapauxi.o ABSOLUTE
    ../clib/libinit.s                        0x00000000   Number         0  libinit.o ABSOLUTE
    ../clib/libinit.s                        0x00000000   Number         0  libshutdown2.o ABSOLUTE
    ../clib/libinit.s                        0x00000000   Number         0  libshutdown.o ABSOLUTE
    ../clib/libinit.s                        0x00000000   Number         0  libinit2.o ABSOLUTE
    ../clib/signal.c                         0x00000000   Number         0  defsig_pvfn_inner.o ABSOLUTE
    ../clib/signal.c                         0x00000000   Number         0  defsig_rtmem_formal.o ABSOLUTE
    ../clib/signal.c                         0x00000000   Number         0  defsig_rtmem_outer.o ABSOLUTE
    ../clib/signal.c                         0x00000000   Number         0  defsig_rtmem_inner.o ABSOLUTE
    ../clib/signal.c                         0x00000000   Number         0  __raise.o ABSOLUTE
    ../clib/signal.c                         0x00000000   Number         0  defsig_general.o ABSOLUTE
    ../clib/signal.c                         0x00000000   Number         0  defsig_fpe_inner.o ABSOLUTE
    ../clib/signal.c                         0x00000000   Number         0  defsig_abrt_inner.o ABSOLUTE
    ../clib/signal.c                         0x00000000   Number         0  defsig_rtred_inner.o ABSOLUTE
    ../clib/signal.c                         0x00000000   Number         0  defsig_stak_inner.o ABSOLUTE
    ../clib/signal.c                         0x00000000   Number         0  defsig_cppl_inner.o ABSOLUTE
    ../clib/signal.c                         0x00000000   Number         0  defsig_exit.o ABSOLUTE
    ../clib/signal.c                         0x00000000   Number         0  defsig_segv_inner.o ABSOLUTE
    ../clib/signal.c                         0x00000000   Number         0  defsig_other.o ABSOLUTE
    ../clib/signal.s                         0x00000000   Number         0  defsig.o ABSOLUTE
    ../clib/stdlib.c                         0x00000000   Number         0  exit.o ABSOLUTE
    ../fplib/d2f.s                           0x00000000   Number         0  d2f.o ABSOLUTE
    ../fplib/daddsub.s                       0x00000000   Number         0  daddsub_clz.o ABSOLUTE
    ../fplib/dcmpi.s                         0x00000000   Number         0  dcmpi.o ABSOLUTE
    ../fplib/ddiv.s                          0x00000000   Number         0  ddiv.o ABSOLUTE
    ../fplib/dfixu.s                         0x00000000   Number         0  dfixu.o ABSOLUTE
    ../fplib/dleqf.s                         0x00000000   Number         0  dleqf.o ABSOLUTE
    ../fplib/dmul.s                          0x00000000   Number         0  dmul.o ABSOLUTE
    ../fplib/dnaninf.s                       0x00000000   Number         0  dnaninf.o ABSOLUTE
    ../fplib/dretinf.s                       0x00000000   Number         0  dretinf.o ABSOLUTE
    ../fplib/drleqf.s                        0x00000000   Number         0  drleqf.o ABSOLUTE
    ../fplib/f2d.s                           0x00000000   Number         0  f2d.o ABSOLUTE
    ../fplib/faddsub.s                       0x00000000   Number         0  faddsub_clz.o ABSOLUTE
    ../fplib/fflt.s                          0x00000000   Number         0  fflt_clz.o ABSOLUTE
    ../fplib/fnaninf.s                       0x00000000   Number         0  fnaninf.o ABSOLUTE
    ../fplib/fpinit.s                        0x00000000   Number         0  fpinit.o ABSOLUTE
    ../fplib/fretinf.s                       0x00000000   Number         0  fretinf.o ABSOLUTE
    ../fplib/usenofp.s                       0x00000000   Number         0  usenofp.o ABSOLUTE
    ASM\startup_stm32f10x_hd.s               0x00000000   Number         0  startup_stm32f10x_hd.o ABSOLUTE
    Lib\SRC\misc.c                           0x00000000   Number         0  misc.o ABSOLUTE
    Lib\SRC\stm32f10x_adc.c                  0x00000000   Number         0  stm32f10x_adc.o ABSOLUTE
    Lib\SRC\stm32f10x_exti.c                 0x00000000   Number         0  stm32f10x_exti.o ABSOLUTE
    Lib\SRC\stm32f10x_flash.c                0x00000000   Number         0  stm32f10x_flash.o ABSOLUTE
    Lib\SRC\stm32f10x_gpio.c                 0x00000000   Number         0  stm32f10x_gpio.o ABSOLUTE
    Lib\SRC\stm32f10x_iwdg.c                 0x00000000   Number         0  stm32f10x_iwdg.o ABSOLUTE
    Lib\SRC\stm32f10x_rcc.c                  0x00000000   Number         0  stm32f10x_rcc.o ABSOLUTE
    Lib\SRC\stm32f10x_tim.c                  0x00000000   Number         0  stm32f10x_tim.o ABSOLUTE
    Lib\SRC\stm32f10x_usart.c                0x00000000   Number         0  stm32f10x_usart.o ABSOLUTE
    System\\core_cm3.c                       0x00000000   Number         0  core_cm3.o ABSOLUTE
    System\core_cm3.c                        0x00000000   Number         0  core_cm3.o ABSOLUTE
    System\system_stm32f10x.c                0x00000000   Number         0  system_stm32f10x.o ABSOLUTE
    USR\AD_SENSOR.c                          0x00000000   Number         0  ad_sensor.o ABSOLUTE
    USR\IO_CTRL.c                            0x00000000   Number         0  io_ctrl.o ABSOLUTE
    USR\LED.c                                0x00000000   Number         0  led.o ABSOLUTE
    USR\OLED.c                               0x00000000   Number         0  oled.o ABSOLUTE
    USR\UI.c                                 0x00000000   Number         0  ui.o ABSOLUTE
    USR\WATCH_DOG.c                          0x00000000   Number         0  watch_dog.o ABSOLUTE
    USR\main.c                               0x00000000   Number         0  main.o ABSOLUTE
    USR\pbdata.c                             0x00000000   Number         0  pbdata.o ABSOLUTE
    USR\remote.c                             0x00000000   Number         0  remote.o ABSOLUTE
    USR\time.c                               0x00000000   Number         0  time.o ABSOLUTE
    dc.s                                     0x00000000   Number         0  dc.o ABSOLUTE
    stm32f10x_it\stm32f10x_it.c              0x00000000   Number         0  stm32f10x_it.o ABSOLUTE
    RESET                                    0x08000000   Section      304  startup_stm32f10x_hd.o(RESET)
    !!!main                                  0x08000130   Section        8  __main.o(!!!main)
    !!!scatter                               0x08000138   Section       52  __scatter.o(!!!scatter)
    !!handler_copy                           0x0800016c   Section       26  __scatter_copy.o(!!handler_copy)
    !!handler_zi                             0x08000188   Section       28  __scatter_zi.o(!!handler_zi)
    .ARM.Collect$$libinit$$00000000          0x080001a4   Section        2  libinit.o(.ARM.Collect$$libinit$$00000000)
    .ARM.Collect$$libinit$$00000002          0x080001a6   Section        0  libinit2.o(.ARM.Collect$$libinit$$00000002)
    .ARM.Collect$$libinit$$00000004          0x080001a6   Section        0  libinit2.o(.ARM.Collect$$libinit$$00000004)
    .ARM.Collect$$libinit$$0000000A          0x080001a6   Section        0  libinit2.o(.ARM.Collect$$libinit$$0000000A)
    .ARM.Collect$$libinit$$0000000C          0x080001a6   Section        0  libinit2.o(.ARM.Collect$$libinit$$0000000C)
    .ARM.Collect$$libinit$$0000000E          0x080001a6   Section        0  libinit2.o(.ARM.Collect$$libinit$$0000000E)
    .ARM.Collect$$libinit$$00000011          0x080001a6   Section        0  libinit2.o(.ARM.Collect$$libinit$$00000011)
    .ARM.Collect$$libinit$$00000013          0x080001a6   Section        0  libinit2.o(.ARM.Collect$$libinit$$00000013)
    .ARM.Collect$$libinit$$00000015          0x080001a6   Section        0  libinit2.o(.ARM.Collect$$libinit$$00000015)
    .ARM.Collect$$libinit$$00000017          0x080001a6   Section        0  libinit2.o(.ARM.Collect$$libinit$$00000017)
    .ARM.Collect$$libinit$$00000019          0x080001a6   Section        0  libinit2.o(.ARM.Collect$$libinit$$00000019)
    .ARM.Collect$$libinit$$0000001B          0x080001a6   Section        0  libinit2.o(.ARM.Collect$$libinit$$0000001B)
    .ARM.Collect$$libinit$$0000001D          0x080001a6   Section        0  libinit2.o(.ARM.Collect$$libinit$$0000001D)
    .ARM.Collect$$libinit$$0000001F          0x080001a6   Section        0  libinit2.o(.ARM.Collect$$libinit$$0000001F)
    .ARM.Collect$$libinit$$00000021          0x080001a6   Section        0  libinit2.o(.ARM.Collect$$libinit$$00000021)
    .ARM.Collect$$libinit$$00000023          0x080001a6   Section        0  libinit2.o(.ARM.Collect$$libinit$$00000023)
    .ARM.Collect$$libinit$$00000025          0x080001a6   Section        0  libinit2.o(.ARM.Collect$$libinit$$00000025)
    .ARM.Collect$$libinit$$0000002C          0x080001a6   Section        0  libinit2.o(.ARM.Collect$$libinit$$0000002C)
    .ARM.Collect$$libinit$$0000002E          0x080001a6   Section        0  libinit2.o(.ARM.Collect$$libinit$$0000002E)
    .ARM.Collect$$libinit$$00000030          0x080001a6   Section        0  libinit2.o(.ARM.Collect$$libinit$$00000030)
    .ARM.Collect$$libinit$$00000032          0x080001a6   Section        0  libinit2.o(.ARM.Collect$$libinit$$00000032)
    .ARM.Collect$$libinit$$00000033          0x080001a6   Section        2  libinit2.o(.ARM.Collect$$libinit$$00000033)
    .ARM.Collect$$libshutdown$$00000000      0x080001a8   Section        2  libshutdown.o(.ARM.Collect$$libshutdown$$00000000)
    .ARM.Collect$$libshutdown$$00000002      0x080001aa   Section        0  libshutdown2.o(.ARM.Collect$$libshutdown$$00000002)
    .ARM.Collect$$libshutdown$$00000004      0x080001aa   Section        0  libshutdown2.o(.ARM.Collect$$libshutdown$$00000004)
    .ARM.Collect$$libshutdown$$00000007      0x080001aa   Section        0  libshutdown2.o(.ARM.Collect$$libshutdown$$00000007)
    .ARM.Collect$$libshutdown$$0000000A      0x080001aa   Section        0  libshutdown2.o(.ARM.Collect$$libshutdown$$0000000A)
    .ARM.Collect$$libshutdown$$0000000C      0x080001aa   Section        0  libshutdown2.o(.ARM.Collect$$libshutdown$$0000000C)
    .ARM.Collect$$libshutdown$$0000000F      0x080001aa   Section        0  libshutdown2.o(.ARM.Collect$$libshutdown$$0000000F)
    .ARM.Collect$$libshutdown$$00000010      0x080001aa   Section        2  libshutdown2.o(.ARM.Collect$$libshutdown$$00000010)
    .ARM.Collect$$rtentry$$00000000          0x080001ac   Section        0  __rtentry.o(.ARM.Collect$$rtentry$$00000000)
    .ARM.Collect$$rtentry$$00000002          0x080001ac   Section        0  __rtentry2.o(.ARM.Collect$$rtentry$$00000002)
    .ARM.Collect$$rtentry$$00000004          0x080001ac   Section        6  __rtentry4.o(.ARM.Collect$$rtentry$$00000004)
    .ARM.Collect$$rtentry$$00000009          0x080001b2   Section        0  __rtentry2.o(.ARM.Collect$$rtentry$$00000009)
    .ARM.Collect$$rtentry$$0000000A          0x080001b2   Section        4  __rtentry2.o(.ARM.Collect$$rtentry$$0000000A)
    .ARM.Collect$$rtentry$$0000000C          0x080001b6   Section        0  __rtentry2.o(.ARM.Collect$$rtentry$$0000000C)
    .ARM.Collect$$rtentry$$0000000D          0x080001b6   Section        8  __rtentry2.o(.ARM.Collect$$rtentry$$0000000D)
    .ARM.Collect$$rtexit$$00000000           0x080001be   Section        2  rtexit.o(.ARM.Collect$$rtexit$$00000000)
    .ARM.Collect$$rtexit$$00000002           0x080001c0   Section        0  rtexit2.o(.ARM.Collect$$rtexit$$00000002)
    .ARM.Collect$$rtexit$$00000003           0x080001c0   Section        4  rtexit2.o(.ARM.Collect$$rtexit$$00000003)
    .ARM.Collect$$rtexit$$00000004           0x080001c4   Section        6  rtexit2.o(.ARM.Collect$$rtexit$$00000004)
    .text                                    0x080001cc   Section       64  startup_stm32f10x_hd.o(.text)
    .text                                    0x0800020c   Section        0  main.o(.text)
    .text                                    0x0800022c   Section        0  pbdata.o(.text)
    .text                                    0x0800039c   Section        0  stm32f10x_it.o(.text)
    .text                                    0x080003b8   Section        0  time.o(.text)
    .text                                    0x08000694   Section        0  watch_dog.o(.text)
    .text                                    0x080006c8   Section        0  oled.o(.text)
    .text                                    0x08000fd4   Section        0  ui.o(.text)
    .text                                    0x080014fc   Section        0  io_ctrl.o(.text)
    .text                                    0x08001958   Section        0  ad_sensor.o(.text)
    .text                                    0x08001e40   Section        0  remote.o(.text)
    .text                                    0x080020c4   Section        0  led.o(.text)
    .text                                    0x08002158   Section        0  stm32f10x_gpio.o(.text)
    .text                                    0x080024b4   Section        0  stm32f10x_rcc.o(.text)
    .text                                    0x08002858   Section        0  stm32f10x_adc.o(.text)
    .text                                    0x08002ca8   Section        0  stm32f10x_tim.o(.text)
    TI4_Config                               0x0800314f   Thumb Code   130  stm32f10x_tim.o(.text)
    TI3_Config                               0x080031e3   Thumb Code   122  stm32f10x_tim.o(.text)
    TI2_Config                               0x08003277   Thumb Code   130  stm32f10x_tim.o(.text)
    TI1_Config                               0x0800330b   Thumb Code   108  stm32f10x_tim.o(.text)
    .text                                    0x08003ac4   Section        0  stm32f10x_exti.o(.text)
    .text                                    0x08003be0   Section        0  misc.o(.text)
    .text                                    0x08003cbc   Section        0  stm32f10x_usart.o(.text)
    .text                                    0x080040c4   Section        0  stm32f10x_iwdg.o(.text)
    .text                                    0x08004104   Section        0  system_stm32f10x.o(.text)
    SetSysClockTo72                          0x08004105   Thumb Code   214  system_stm32f10x.o(.text)
    SetSysClock                              0x080041db   Thumb Code     8  system_stm32f10x.o(.text)
    .text                                    0x080042e4   Section        0  heapauxi.o(.text)
    .text                                    0x080042ea   Section       74  sys_stackheap_outer.o(.text)
    .text                                    0x08004334   Section        0  exit.o(.text)
    .text                                    0x08004348   Section        8  libspace.o(.text)
    .text                                    0x08004350   Section        0  sys_exit.o(.text)
    .text                                    0x0800435c   Section        2  use_no_semi.o(.text)
    .text                                    0x0800435e   Section        0  indicate_semi.o(.text)
    x$fpl$d2f                                0x08004360   Section       98  d2f.o(x$fpl$d2f)
    x$fpl$dadd                               0x080043c4   Section      336  daddsub_clz.o(x$fpl$dadd)
    _dadd1                                   0x080043d5   Thumb Code     0  daddsub_clz.o(x$fpl$dadd)
    x$fpl$dcmpinf                            0x08004514   Section       24  dcmpi.o(x$fpl$dcmpinf)
    x$fpl$ddiv                               0x0800452c   Section      688  ddiv.o(x$fpl$ddiv)
    ddiv_entry                               0x08004533   Thumb Code     0  ddiv.o(x$fpl$ddiv)
    x$fpl$dfixu                              0x080047dc   Section       90  dfixu.o(x$fpl$dfixu)
    x$fpl$dleqf                              0x08004838   Section      120  dleqf.o(x$fpl$dleqf)
    x$fpl$dmul                               0x080048b0   Section      340  dmul.o(x$fpl$dmul)
    x$fpl$dnaninf                            0x08004a04   Section      156  dnaninf.o(x$fpl$dnaninf)
    x$fpl$dretinf                            0x08004aa0   Section       12  dretinf.o(x$fpl$dretinf)
    x$fpl$drleqf                             0x08004aac   Section      108  drleqf.o(x$fpl$drleqf)
    x$fpl$drsb                               0x08004b18   Section       22  daddsub_clz.o(x$fpl$drsb)
    x$fpl$dsub                               0x08004b30   Section      468  daddsub_clz.o(x$fpl$dsub)
    _dsub1                                   0x08004b41   Thumb Code     0  daddsub_clz.o(x$fpl$dsub)
    x$fpl$f2d                                0x08004d04   Section       86  f2d.o(x$fpl$f2d)
    x$fpl$fadd                               0x08004d5c   Section      196  faddsub_clz.o(x$fpl$fadd)
    _fadd1                                   0x08004d6b   Thumb Code     0  faddsub_clz.o(x$fpl$fadd)
    x$fpl$ffltu                              0x08004e20   Section       38  fflt_clz.o(x$fpl$ffltu)
    x$fpl$fnaninf                            0x08004e46   Section      140  fnaninf.o(x$fpl$fnaninf)
    x$fpl$fretinf                            0x08004ed2   Section       10  fretinf.o(x$fpl$fretinf)
    x$fpl$fsub                               0x08004edc   Section      234  faddsub_clz.o(x$fpl$fsub)
    _fsub1                                   0x08004eeb   Thumb Code     0  faddsub_clz.o(x$fpl$fsub)
    .constdata                               0x08004fc6   Section     8208  oled.o(.constdata)
    x$fpl$usenofp                            0x08004fc6   Section        0  usenofp.o(x$fpl$usenofp)
    .data                                    0x20000000   Section        9  time.o(.data)
    .data                                    0x2000000c   Section        4  watch_dog.o(.data)
    .data                                    0x20000010   Section        6  ui.o(.data)
    .data                                    0x20000016   Section        9  io_ctrl.o(.data)
    .data                                    0x20000020   Section       25  ad_sensor.o(.data)
    .data                                    0x20000039   Section       19  remote.o(.data)
    .data                                    0x2000004c   Section       20  stm32f10x_rcc.o(.data)
    APBAHBPrescTable                         0x2000004c   Data          16  stm32f10x_rcc.o(.data)
    ADCPrescTable                            0x2000005c   Data           4  stm32f10x_rcc.o(.data)
    .data                                    0x20000060   Section       20  system_stm32f10x.o(.data)
    .bss                                     0x20000074   Section     1152  oled.o(.bss)
    .bss                                     0x200004f4   Section       96  libspace.o(.bss)
    HEAP                                     0x20000558   Section      512  startup_stm32f10x_hd.o(HEAP)
    Heap_Mem                                 0x20000558   Data         512  startup_stm32f10x_hd.o(HEAP)
    STACK                                    0x20000758   Section     1024  startup_stm32f10x_hd.o(STACK)
    Stack_Mem                                0x20000758   Data        1024  startup_stm32f10x_hd.o(STACK)
    __initial_sp                             0x20000b58   Data           0  startup_stm32f10x_hd.o(STACK)

    Global Symbols

    Symbol Name                              Value     Ov Type        Size  Object(Section)

    BuildAttributes$$THM_ISAv4$P$D$K$B$S$PE$A:L22UL41UL21$X:L11$S22US41US21$IEEE1$IW$USESV6$~STKCKD$USESV7$~SHL$OSPACE$ROPI$EBA8$UX$STANDARDLIB$REQ8$PRES8$EABIv2 0x00000000   Number         0  anon$$obj.o ABSOLUTE
    __ARM_use_no_argv                        0x00000000   Number         0  main.o ABSOLUTE
    __ARM_exceptions_init                     - Undefined Weak Reference
    __alloca_initialize                       - Undefined Weak Reference
    __arm_preinit_                            - Undefined Weak Reference
    __cpp_initialize__aeabi_                  - Undefined Weak Reference
    __cxa_finalize                            - Undefined Weak Reference
    __rt_locale                               - Undefined Weak Reference
    __sigvec_lookup                           - Undefined Weak Reference
    _atexit_init                              - Undefined Weak Reference
    _call_atexit_fns                          - Undefined Weak Reference
    _clock_init                               - Undefined Weak Reference
    _fp_trap_init                             - Undefined Weak Reference
    _fp_trap_shutdown                         - Undefined Weak Reference
    _get_lc_collate                           - Undefined Weak Reference
    _get_lc_ctype                             - Undefined Weak Reference
    _get_lc_monetary                          - Undefined Weak Reference
    _get_lc_numeric                           - Undefined Weak Reference
    _get_lc_time                              - Undefined Weak Reference
    _getenv_init                              - Undefined Weak Reference
    _handle_redirection                       - Undefined Weak Reference
    _init_alloc                               - Undefined Weak Reference
    _init_user_alloc                          - Undefined Weak Reference
    _initio                                   - Undefined Weak Reference
    _rand_init                                - Undefined Weak Reference
    _signal_finish                            - Undefined Weak Reference
    _signal_init                              - Undefined Weak Reference
    _terminate_alloc                          - Undefined Weak Reference
    _terminate_user_alloc                     - Undefined Weak Reference
    _terminateio                              - Undefined Weak Reference
    __Vectors_Size                           0x00000130   Number         0  startup_stm32f10x_hd.o ABSOLUTE
    __Vectors                                0x08000000   Data           4  startup_stm32f10x_hd.o(RESET)
    __Vectors_End                            0x08000130   Data           0  startup_stm32f10x_hd.o(RESET)
    __main                                   0x08000131   Thumb Code     8  __main.o(!!!main)
    __scatterload                            0x08000139   Thumb Code     0  __scatter.o(!!!scatter)
    __scatterload_rt2                        0x08000139   Thumb Code    44  __scatter.o(!!!scatter)
    __scatterload_rt2_thumb_only             0x08000139   Thumb Code     0  __scatter.o(!!!scatter)
    __scatterload_null                       0x08000147   Thumb Code     0  __scatter.o(!!!scatter)
    __scatterload_copy                       0x0800016d   Thumb Code    26  __scatter_copy.o(!!handler_copy)
    __scatterload_zeroinit                   0x08000189   Thumb Code    28  __scatter_zi.o(!!handler_zi)
    __rt_lib_init                            0x080001a5   Thumb Code     0  libinit.o(.ARM.Collect$$libinit$$00000000)
    __rt_lib_init_alloca_1                   0x080001a7   Thumb Code     0  libinit2.o(.ARM.Collect$$libinit$$0000002E)
    __rt_lib_init_argv_1                     0x080001a7   Thumb Code     0  libinit2.o(.ARM.Collect$$libinit$$0000002C)
    __rt_lib_init_atexit_1                   0x080001a7   Thumb Code     0  libinit2.o(.ARM.Collect$$libinit$$0000001B)
    __rt_lib_init_clock_1                    0x080001a7   Thumb Code     0  libinit2.o(.ARM.Collect$$libinit$$00000021)
    __rt_lib_init_cpp_1                      0x080001a7   Thumb Code     0  libinit2.o(.ARM.Collect$$libinit$$00000032)
    __rt_lib_init_exceptions_1               0x080001a7   Thumb Code     0  libinit2.o(.ARM.Collect$$libinit$$00000030)
    __rt_lib_init_fp_1                       0x080001a7   Thumb Code     0  libinit2.o(.ARM.Collect$$libinit$$00000002)
    __rt_lib_init_fp_trap_1                  0x080001a7   Thumb Code     0  libinit2.o(.ARM.Collect$$libinit$$0000001F)
    __rt_lib_init_getenv_1                   0x080001a7   Thumb Code     0  libinit2.o(.ARM.Collect$$libinit$$00000023)
    __rt_lib_init_heap_1                     0x080001a7   Thumb Code     0  libinit2.o(.ARM.Collect$$libinit$$0000000A)
    __rt_lib_init_lc_collate_1               0x080001a7   Thumb Code     0  libinit2.o(.ARM.Collect$$libinit$$00000011)
    __rt_lib_init_lc_ctype_1                 0x080001a7   Thumb Code     0  libinit2.o(.ARM.Collect$$libinit$$00000013)
    __rt_lib_init_lc_monetary_1              0x080001a7   Thumb Code     0  libinit2.o(.ARM.Collect$$libinit$$00000015)
    __rt_lib_init_lc_numeric_1               0x080001a7   Thumb Code     0  libinit2.o(.ARM.Collect$$libinit$$00000017)
    __rt_lib_init_lc_time_1                  0x080001a7   Thumb Code     0  libinit2.o(.ARM.Collect$$libinit$$00000019)
    __rt_lib_init_preinit_1                  0x080001a7   Thumb Code     0  libinit2.o(.ARM.Collect$$libinit$$00000004)
    __rt_lib_init_rand_1                     0x080001a7   Thumb Code     0  libinit2.o(.ARM.Collect$$libinit$$0000000E)
    __rt_lib_init_return                     0x080001a7   Thumb Code     0  libinit2.o(.ARM.Collect$$libinit$$00000033)
    __rt_lib_init_signal_1                   0x080001a7   Thumb Code     0  libinit2.o(.ARM.Collect$$libinit$$0000001D)
    __rt_lib_init_stdio_1                    0x080001a7   Thumb Code     0  libinit2.o(.ARM.Collect$$libinit$$00000025)
    __rt_lib_init_user_alloc_1               0x080001a7   Thumb Code     0  libinit2.o(.ARM.Collect$$libinit$$0000000C)
    __rt_lib_shutdown                        0x080001a9   Thumb Code     0  libshutdown.o(.ARM.Collect$$libshutdown$$00000000)
    __rt_lib_shutdown_cpp_1                  0x080001ab   Thumb Code     0  libshutdown2.o(.ARM.Collect$$libshutdown$$00000002)
    __rt_lib_shutdown_fp_trap_1              0x080001ab   Thumb Code     0  libshutdown2.o(.ARM.Collect$$libshutdown$$00000007)
    __rt_lib_shutdown_heap_1                 0x080001ab   Thumb Code     0  libshutdown2.o(.ARM.Collect$$libshutdown$$0000000F)
    __rt_lib_shutdown_return                 0x080001ab   Thumb Code     0  libshutdown2.o(.ARM.Collect$$libshutdown$$00000010)
    __rt_lib_shutdown_signal_1               0x080001ab   Thumb Code     0  libshutdown2.o(.ARM.Collect$$libshutdown$$0000000A)
    __rt_lib_shutdown_stdio_1                0x080001ab   Thumb Code     0  libshutdown2.o(.ARM.Collect$$libshutdown$$00000004)
    __rt_lib_shutdown_user_alloc_1           0x080001ab   Thumb Code     0  libshutdown2.o(.ARM.Collect$$libshutdown$$0000000C)
    __rt_entry                               0x080001ad   Thumb Code     0  __rtentry.o(.ARM.Collect$$rtentry$$00000000)
    __rt_entry_presh_1                       0x080001ad   Thumb Code     0  __rtentry2.o(.ARM.Collect$$rtentry$$00000002)
    __rt_entry_sh                            0x080001ad   Thumb Code     0  __rtentry4.o(.ARM.Collect$$rtentry$$00000004)
    __rt_entry_li                            0x080001b3   Thumb Code     0  __rtentry2.o(.ARM.Collect$$rtentry$$0000000A)
    __rt_entry_postsh_1                      0x080001b3   Thumb Code     0  __rtentry2.o(.ARM.Collect$$rtentry$$00000009)
    __rt_entry_main                          0x080001b7   Thumb Code     0  __rtentry2.o(.ARM.Collect$$rtentry$$0000000D)
    __rt_entry_postli_1                      0x080001b7   Thumb Code     0  __rtentry2.o(.ARM.Collect$$rtentry$$0000000C)
    __rt_exit                                0x080001bf   Thumb Code     0  rtexit.o(.ARM.Collect$$rtexit$$00000000)
    __rt_exit_ls                             0x080001c1   Thumb Code     0  rtexit2.o(.ARM.Collect$$rtexit$$00000003)
    __rt_exit_prels_1                        0x080001c1   Thumb Code     0  rtexit2.o(.ARM.Collect$$rtexit$$00000002)
    __rt_exit_exit                           0x080001c5   Thumb Code     0  rtexit2.o(.ARM.Collect$$rtexit$$00000004)
    Reset_Handler                            0x080001cd   Thumb Code     8  startup_stm32f10x_hd.o(.text)
    ADC1_2_IRQHandler                        0x080001e7   Thumb Code     0  startup_stm32f10x_hd.o(.text)
    ADC3_IRQHandler                          0x080001e7   Thumb Code     0  startup_stm32f10x_hd.o(.text)
    CAN1_RX1_IRQHandler                      0x080001e7   Thumb Code     0  startup_stm32f10x_hd.o(.text)
    CAN1_SCE_IRQHandler                      0x080001e7   Thumb Code     0  startup_stm32f10x_hd.o(.text)
    DMA1_Channel1_IRQHandler                 0x080001e7   Thumb Code     0  startup_stm32f10x_hd.o(.text)
    DMA1_Channel2_IRQHandler                 0x080001e7   Thumb Code     0  startup_stm32f10x_hd.o(.text)
    DMA1_Channel3_IRQHandler                 0x080001e7   Thumb Code     0  startup_stm32f10x_hd.o(.text)
    DMA1_Channel4_IRQHandler                 0x080001e7   Thumb Code     0  startup_stm32f10x_hd.o(.text)
    DMA1_Channel5_IRQHandler                 0x080001e7   Thumb Code     0  startup_stm32f10x_hd.o(.text)
    DMA1_Channel6_IRQHandler                 0x080001e7   Thumb Code     0  startup_stm32f10x_hd.o(.text)
    DMA1_Channel7_IRQHandler                 0x080001e7   Thumb Code     0  startup_stm32f10x_hd.o(.text)
    DMA2_Channel1_IRQHandler                 0x080001e7   Thumb Code     0  startup_stm32f10x_hd.o(.text)
    DMA2_Channel2_IRQHandler                 0x080001e7   Thumb Code     0  startup_stm32f10x_hd.o(.text)
    DMA2_Channel3_IRQHandler                 0x080001e7   Thumb Code     0  startup_stm32f10x_hd.o(.text)
    DMA2_Channel4_5_IRQHandler               0x080001e7   Thumb Code     0  startup_stm32f10x_hd.o(.text)
    EXTI0_IRQHandler                         0x080001e7   Thumb Code     0  startup_stm32f10x_hd.o(.text)
    EXTI15_10_IRQHandler                     0x080001e7   Thumb Code     0  startup_stm32f10x_hd.o(.text)
    EXTI1_IRQHandler                         0x080001e7   Thumb Code     0  startup_stm32f10x_hd.o(.text)
    EXTI2_IRQHandler                         0x080001e7   Thumb Code     0  startup_stm32f10x_hd.o(.text)
    FLASH_IRQHandler                         0x080001e7   Thumb Code     0  startup_stm32f10x_hd.o(.text)
    FSMC_IRQHandler                          0x080001e7   Thumb Code     0  startup_stm32f10x_hd.o(.text)
    I2C1_ER_IRQHandler                       0x080001e7   Thumb Code     0  startup_stm32f10x_hd.o(.text)
    I2C1_EV_IRQHandler                       0x080001e7   Thumb Code     0  startup_stm32f10x_hd.o(.text)
    I2C2_ER_IRQHandler                       0x080001e7   Thumb Code     0  startup_stm32f10x_hd.o(.text)
    I2C2_EV_IRQHandler                       0x080001e7   Thumb Code     0  startup_stm32f10x_hd.o(.text)
    PVD_IRQHandler                           0x080001e7   Thumb Code     0  startup_stm32f10x_hd.o(.text)
    RCC_IRQHandler                           0x080001e7   Thumb Code     0  startup_stm32f10x_hd.o(.text)
    RTCAlarm_IRQHandler                      0x080001e7   Thumb Code     0  startup_stm32f10x_hd.o(.text)
    RTC_IRQHandler                           0x080001e7   Thumb Code     0  startup_stm32f10x_hd.o(.text)
    SDIO_IRQHandler                          0x080001e7   Thumb Code     0  startup_stm32f10x_hd.o(.text)
    SPI1_IRQHandler                          0x080001e7   Thumb Code     0  startup_stm32f10x_hd.o(.text)
    SPI2_IRQHandler                          0x080001e7   Thumb Code     0  startup_stm32f10x_hd.o(.text)
    SPI3_IRQHandler                          0x080001e7   Thumb Code     0  startup_stm32f10x_hd.o(.text)
    TAMPER_IRQHandler                        0x080001e7   Thumb Code     0  startup_stm32f10x_hd.o(.text)
    TIM1_BRK_IRQHandler                      0x080001e7   Thumb Code     0  startup_stm32f10x_hd.o(.text)
    TIM1_CC_IRQHandler                       0x080001e7   Thumb Code     0  startup_stm32f10x_hd.o(.text)
    TIM1_TRG_COM_IRQHandler                  0x080001e7   Thumb Code     0  startup_stm32f10x_hd.o(.text)
    TIM1_UP_IRQHandler                       0x080001e7   Thumb Code     0  startup_stm32f10x_hd.o(.text)
    TIM4_IRQHandler                          0x080001e7   Thumb Code     0  startup_stm32f10x_hd.o(.text)
    TIM5_IRQHandler                          0x080001e7   Thumb Code     0  startup_stm32f10x_hd.o(.text)
    TIM6_IRQHandler                          0x080001e7   Thumb Code     0  startup_stm32f10x_hd.o(.text)
    TIM7_IRQHandler                          0x080001e7   Thumb Code     0  startup_stm32f10x_hd.o(.text)
    TIM8_BRK_IRQHandler                      0x080001e7   Thumb Code     0  startup_stm32f10x_hd.o(.text)
    TIM8_CC_IRQHandler                       0x080001e7   Thumb Code     0  startup_stm32f10x_hd.o(.text)
    TIM8_TRG_COM_IRQHandler                  0x080001e7   Thumb Code     0  startup_stm32f10x_hd.o(.text)
    TIM8_UP_IRQHandler                       0x080001e7   Thumb Code     0  startup_stm32f10x_hd.o(.text)
    UART4_IRQHandler                         0x080001e7   Thumb Code     0  startup_stm32f10x_hd.o(.text)
    UART5_IRQHandler                         0x080001e7   Thumb Code     0  startup_stm32f10x_hd.o(.text)
    USART2_IRQHandler                        0x080001e7   Thumb Code     0  startup_stm32f10x_hd.o(.text)
    USART3_IRQHandler                        0x080001e7   Thumb Code     0  startup_stm32f10x_hd.o(.text)
    USBWakeUp_IRQHandler                     0x080001e7   Thumb Code     0  startup_stm32f10x_hd.o(.text)
    USB_HP_CAN1_TX_IRQHandler                0x080001e7   Thumb Code     0  startup_stm32f10x_hd.o(.text)
    USB_LP_CAN1_RX0_IRQHandler               0x080001e7   Thumb Code     0  startup_stm32f10x_hd.o(.text)
    WWDG_IRQHandler                          0x080001e7   Thumb Code     0  startup_stm32f10x_hd.o(.text)
    __user_initial_stackheap                 0x080001e9   Thumb Code     0  startup_stm32f10x_hd.o(.text)
    main                                     0x0800020d   Thumb Code    32  main.o(.text)
    us                                       0x0800022d   Thumb Code    30  pbdata.o(.text)
    ms                                       0x0800024b   Thumb Code    32  pbdata.o(.text)
    delay_us                                 0x0800026b   Thumb Code    54  pbdata.o(.text)
    delay_ms                                 0x080002a1   Thumb Code    56  pbdata.o(.text)
    JTAG_IO_Init                             0x080002d9   Thumb Code   104  pbdata.o(.text)
    Hard_Init                                0x08000341   Thumb Code    80  pbdata.o(.text)
    NMI_Handler                              0x0800039d   Thumb Code     2  stm32f10x_it.o(.text)
    HardFault_Handler                        0x0800039f   Thumb Code     4  stm32f10x_it.o(.text)
    MemManage_Handler                        0x080003a3   Thumb Code     4  stm32f10x_it.o(.text)
    BusFault_Handler                         0x080003a7   Thumb Code     4  stm32f10x_it.o(.text)
    UsageFault_Handler                       0x080003ab   Thumb Code     4  stm32f10x_it.o(.text)
    SVC_Handler                              0x080003af   Thumb Code     2  stm32f10x_it.o(.text)
    DebugMon_Handler                         0x080003b1   Thumb Code     2  stm32f10x_it.o(.text)
    PendSV_Handler                           0x080003b3   Thumb Code     2  stm32f10x_it.o(.text)
    SysTick_Handler                          0x080003b5   Thumb Code     2  stm32f10x_it.o(.text)
    time_RCC_Configuration                   0x080003b9   Thumb Code    20  time.o(.text)
    time_TIM2_Configuration                  0x080003cd   Thumb Code    64  time.o(.text)
    time2_NVIC_Configuration                 0x0800040d   Thumb Code    42  time.o(.text)
    time_TIM3_Configuration                  0x08000437   Thumb Code    62  time.o(.text)
    time3_NVIC_Configuration                 0x08000475   Thumb Code    42  time.o(.text)
    time_init                                0x0800049f   Thumb Code    24  time.o(.text)
    TIM2_IRQHandler                          0x080004b7   Thumb Code   266  time.o(.text)
    TIM3_IRQHandler                          0x080005c1   Thumb Code    94  time.o(.text)
    WATCH_DOG_WWDG_Configuration             0x08000695   Thumb Code    34  watch_dog.o(.text)
    WATCH_DOG_Init                           0x080006b7   Thumb Code     8  watch_dog.o(.text)
    Feed_dog                                 0x080006bf   Thumb Code     8  watch_dog.o(.text)
    OLED_WR_Byte                             0x080006c9   Thumb Code   112  oled.o(.text)
    OLED_ColorTurn                           0x08000739   Thumb Code    28  oled.o(.text)
    OLED_DisplayTurn                         0x08000755   Thumb Code    44  oled.o(.text)
    OLED_DisPlay_On                          0x08000781   Thumb Code    28  oled.o(.text)
    OLED_DisPlay_Off                         0x0800079d   Thumb Code    28  oled.o(.text)
    OLED_Refresh                             0x080007b9   Thumb Code    70  oled.o(.text)
    OLED_Clear                               0x080007ff   Thumb Code    42  oled.o(.text)
    OLED_DrawPoint                           0x08000829   Thumb Code   114  oled.o(.text)
    OLED_DrawLine                            0x0800089b   Thumb Code   172  oled.o(.text)
    OLED_DrawCircle                          0x08000947   Thumb Code   168  oled.o(.text)
    OLED_ShowChar                            0x080009ef   Thumb Code   324  oled.o(.text)
    OLED_ShowString                          0x08000b33   Thumb Code    74  oled.o(.text)
    OLED_Pow                                 0x08000b7d   Thumb Code    22  oled.o(.text)
    OLED_ShowNum                             0x08000b93   Thumb Code   140  oled.o(.text)
    OLED_ShowChinese                         0x08000c1f   Thumb Code   244  oled.o(.text)
    OLED_ScrollDisplay                       0x08000d13   Thumb Code   168  oled.o(.text)
    OLED_ShowPicture                         0x08000dbb   Thumb Code   214  oled.o(.text)
    OLED_Init                                0x08000e91   Thumb Code   296  oled.o(.text)
    photo                                    0x08000fd5   Thumb Code   160  ui.o(.text)
    num_show                                 0x08001075   Thumb Code   802  ui.o(.text)
    LED_Show                                 0x08001397   Thumb Code   230  ui.o(.text)
    Plane_Control                            0x0800147d   Thumb Code    80  ui.o(.text)
    UI                                       0x080014cd   Thumb Code    16  ui.o(.text)
    KEY_RCC_Configuration                    0x080014fd   Thumb Code    20  io_ctrl.o(.text)
    KEY_GPIO_Configuration                   0x08001511   Thumb Code    26  io_ctrl.o(.text)
    KEY_EINT_Configration                    0x0800152b   Thumb Code   134  io_ctrl.o(.text)
    KEY_NVIC_Configuration                   0x080015b1   Thumb Code   118  io_ctrl.o(.text)
    KEY_Init                                 0x08001627   Thumb Code    20  io_ctrl.o(.text)
    yaw_status                               0x0800163b   Thumb Code   150  io_ctrl.o(.text)
    fine_tuning                              0x080016d1   Thumb Code   274  io_ctrl.o(.text)
    EXTI3_IRQHandler                         0x080017e3   Thumb Code   100  io_ctrl.o(.text)
    EXTI4_IRQHandler                         0x08001847   Thumb Code    32  io_ctrl.o(.text)
    EXTI9_5_IRQHandler                       0x08001867   Thumb Code   104  io_ctrl.o(.text)
    ADC_RCC                                  0x08001959   Thumb Code    28  ad_sensor.o(.text)
    ADC_GPIO                                 0x08001975   Thumb Code    24  ad_sensor.o(.text)
    ADC_Configuration                        0x0800198d   Thumb Code   100  ad_sensor.o(.text)
    ADC_Check_Init                           0x080019f1   Thumb Code    16  ad_sensor.o(.text)
    T_Get_Adc                                0x08001a01   Thumb Code    46  ad_sensor.o(.text)
    T_Get_Adc_Average                        0x08001a2f   Thumb Code    46  ad_sensor.o(.text)
    Pitch_ADC                                0x08001a5d   Thumb Code   222  ad_sensor.o(.text)
    Roll_ADC                                 0x08001b3b   Thumb Code   230  ad_sensor.o(.text)
    Oil_ADC                                  0x08001c21   Thumb Code   116  ad_sensor.o(.text)
    BAT_ADC                                  0x08001c95   Thumb Code   150  ad_sensor.o(.text)
    Temperature_check                        0x08001d2b   Thumb Code   262  ad_sensor.o(.text)
    USART1_MSG_RCC_Configuration             0x08001e41   Thumb Code    28  remote.o(.text)
    USART1_MSG_GPIO_Configuration            0x08001e5d   Thumb Code    54  remote.o(.text)
    USART1_MSG_Configration                  0x08001e93   Thumb Code    70  remote.o(.text)
    USART1_MSG_NVIC_Configuration            0x08001ed9   Thumb Code    40  remote.o(.text)
    USART1_MSG_Init                          0x08001f01   Thumb Code    20  remote.o(.text)
    USART1_IRQHandler                        0x08001f15   Thumb Code    86  remote.o(.text)
    Receive_Data                             0x08001f6b   Thumb Code    78  remote.o(.text)
    MSG_Send                                 0x08001fb9   Thumb Code   140  remote.o(.text)
    MSG_Recieve                              0x08002045   Thumb Code    82  remote.o(.text)
    LED_RCC_Configuration                    0x080020c5   Thumb Code    12  led.o(.text)
    LED_GPIO_Configuration                   0x080020d1   Thumb Code    32  led.o(.text)
    LED_Init                                 0x080020f1   Thumb Code    12  led.o(.text)
    LED                                      0x080020fd   Thumb Code    88  led.o(.text)
    GPIO_DeInit                              0x08002159   Thumb Code   172  stm32f10x_gpio.o(.text)
    GPIO_AFIODeInit                          0x08002205   Thumb Code    20  stm32f10x_gpio.o(.text)
    GPIO_Init                                0x08002219   Thumb Code   278  stm32f10x_gpio.o(.text)
    GPIO_StructInit                          0x0800232f   Thumb Code    16  stm32f10x_gpio.o(.text)
    GPIO_ReadInputDataBit                    0x0800233f   Thumb Code    18  stm32f10x_gpio.o(.text)
    GPIO_ReadInputData                       0x08002351   Thumb Code     8  stm32f10x_gpio.o(.text)
    GPIO_ReadOutputDataBit                   0x08002359   Thumb Code    18  stm32f10x_gpio.o(.text)
    GPIO_ReadOutputData                      0x0800236b   Thumb Code     8  stm32f10x_gpio.o(.text)
    GPIO_SetBits                             0x08002373   Thumb Code     4  stm32f10x_gpio.o(.text)
    GPIO_ResetBits                           0x08002377   Thumb Code     4  stm32f10x_gpio.o(.text)
    GPIO_WriteBit                            0x0800237b   Thumb Code    10  stm32f10x_gpio.o(.text)
    GPIO_Write                               0x08002385   Thumb Code     4  stm32f10x_gpio.o(.text)
    GPIO_PinLockConfig                       0x08002389   Thumb Code    18  stm32f10x_gpio.o(.text)
    GPIO_EventOutputConfig                   0x0800239b   Thumb Code    26  stm32f10x_gpio.o(.text)
    GPIO_EventOutputCmd                      0x080023b5   Thumb Code     6  stm32f10x_gpio.o(.text)
    GPIO_PinRemapConfig                      0x080023bb   Thumb Code   138  stm32f10x_gpio.o(.text)
    GPIO_EXTILineConfig                      0x08002445   Thumb Code    66  stm32f10x_gpio.o(.text)
    GPIO_ETH_MediaInterfaceConfig            0x08002487   Thumb Code     8  stm32f10x_gpio.o(.text)
    RCC_DeInit                               0x080024b5   Thumb Code    64  stm32f10x_rcc.o(.text)
    RCC_HSEConfig                            0x080024f5   Thumb Code    70  stm32f10x_rcc.o(.text)
    RCC_GetFlagStatus                        0x0800253b   Thumb Code    56  stm32f10x_rcc.o(.text)
    RCC_WaitForHSEStartUp                    0x08002573   Thumb Code    56  stm32f10x_rcc.o(.text)
    RCC_AdjustHSICalibrationValue            0x080025ab   Thumb Code    20  stm32f10x_rcc.o(.text)
    RCC_HSICmd                               0x080025bf   Thumb Code     6  stm32f10x_rcc.o(.text)
    RCC_PLLConfig                            0x080025c5   Thumb Code    24  stm32f10x_rcc.o(.text)
    RCC_PLLCmd                               0x080025dd   Thumb Code     6  stm32f10x_rcc.o(.text)
    RCC_SYSCLKConfig                         0x080025e3   Thumb Code    18  stm32f10x_rcc.o(.text)
    RCC_GetSYSCLKSource                      0x080025f5   Thumb Code    10  stm32f10x_rcc.o(.text)
    RCC_HCLKConfig                           0x080025ff   Thumb Code    18  stm32f10x_rcc.o(.text)
    RCC_PCLK1Config                          0x08002611   Thumb Code    18  stm32f10x_rcc.o(.text)
    RCC_PCLK2Config                          0x08002623   Thumb Code    20  stm32f10x_rcc.o(.text)
    RCC_ITConfig                             0x08002637   Thumb Code    26  stm32f10x_rcc.o(.text)
    RCC_USBCLKConfig                         0x08002651   Thumb Code     8  stm32f10x_rcc.o(.text)
    RCC_ADCCLKConfig                         0x08002659   Thumb Code    18  stm32f10x_rcc.o(.text)
    RCC_LSEConfig                            0x0800266b   Thumb Code    50  stm32f10x_rcc.o(.text)
    RCC_LSICmd                               0x0800269d   Thumb Code     6  stm32f10x_rcc.o(.text)
    RCC_RTCCLKConfig                         0x080026a3   Thumb Code    12  stm32f10x_rcc.o(.text)
    RCC_RTCCLKCmd                            0x080026af   Thumb Code     8  stm32f10x_rcc.o(.text)
    RCC_GetClocksFreq                        0x080026b7   Thumb Code   192  stm32f10x_rcc.o(.text)
    RCC_AHBPeriphClockCmd                    0x08002777   Thumb Code    26  stm32f10x_rcc.o(.text)
    RCC_APB2PeriphClockCmd                   0x08002791   Thumb Code    26  stm32f10x_rcc.o(.text)
    RCC_APB1PeriphClockCmd                   0x080027ab   Thumb Code    26  stm32f10x_rcc.o(.text)
    RCC_APB2PeriphResetCmd                   0x080027c5   Thumb Code    26  stm32f10x_rcc.o(.text)
    RCC_APB1PeriphResetCmd                   0x080027df   Thumb Code    26  stm32f10x_rcc.o(.text)
    RCC_BackupResetCmd                       0x080027f9   Thumb Code     8  stm32f10x_rcc.o(.text)
    RCC_ClockSecuritySystemCmd               0x08002801   Thumb Code     6  stm32f10x_rcc.o(.text)
    RCC_MCOConfig                            0x08002807   Thumb Code     6  stm32f10x_rcc.o(.text)
    RCC_ClearFlag                            0x0800280d   Thumb Code    14  stm32f10x_rcc.o(.text)
    RCC_GetITStatus                          0x0800281b   Thumb Code    20  stm32f10x_rcc.o(.text)
    RCC_ClearITPendingBit                    0x0800282f   Thumb Code     6  stm32f10x_rcc.o(.text)
    ADC_DeInit                               0x08002859   Thumb Code    78  stm32f10x_adc.o(.text)
    ADC_Init                                 0x080028a7   Thumb Code    70  stm32f10x_adc.o(.text)
    ADC_StructInit                           0x080028ed   Thumb Code    18  stm32f10x_adc.o(.text)
    ADC_Cmd                                  0x080028ff   Thumb Code    22  stm32f10x_adc.o(.text)
    ADC_DMACmd                               0x08002915   Thumb Code    22  stm32f10x_adc.o(.text)
    ADC_ITConfig                             0x0800292b   Thumb Code    24  stm32f10x_adc.o(.text)
    ADC_ResetCalibration                     0x08002943   Thumb Code    10  stm32f10x_adc.o(.text)
    ADC_GetResetCalibrationStatus            0x0800294d   Thumb Code    20  stm32f10x_adc.o(.text)
    ADC_StartCalibration                     0x08002961   Thumb Code    10  stm32f10x_adc.o(.text)
    ADC_GetCalibrationStatus                 0x0800296b   Thumb Code    20  stm32f10x_adc.o(.text)
    ADC_SoftwareStartConvCmd                 0x0800297f   Thumb Code    22  stm32f10x_adc.o(.text)
    ADC_GetSoftwareStartConvStatus           0x08002995   Thumb Code    20  stm32f10x_adc.o(.text)
    ADC_DiscModeChannelCountConfig           0x080029a9   Thumb Code    24  stm32f10x_adc.o(.text)
    ADC_DiscModeCmd                          0x080029c1   Thumb Code    22  stm32f10x_adc.o(.text)
    ADC_RegularChannelConfig                 0x080029d7   Thumb Code   184  stm32f10x_adc.o(.text)
    ADC_ExternalTrigConvCmd                  0x08002a8f   Thumb Code    22  stm32f10x_adc.o(.text)
    ADC_GetConversionValue                   0x08002aa5   Thumb Code     8  stm32f10x_adc.o(.text)
    ADC_GetDualModeConversionValue           0x08002aad   Thumb Code     8  stm32f10x_adc.o(.text)
    ADC_AutoInjectedConvCmd                  0x08002ab5   Thumb Code    22  stm32f10x_adc.o(.text)
    ADC_InjectedDiscModeCmd                  0x08002acb   Thumb Code    22  stm32f10x_adc.o(.text)
    ADC_ExternalTrigInjectedConvConfig       0x08002ae1   Thumb Code    16  stm32f10x_adc.o(.text)
    ADC_ExternalTrigInjectedConvCmd          0x08002af1   Thumb Code    22  stm32f10x_adc.o(.text)
    ADC_SoftwareStartInjectedConvCmd         0x08002b07   Thumb Code    22  stm32f10x_adc.o(.text)
    ADC_GetSoftwareStartInjectedConvCmdStatus 0x08002b1d   Thumb Code    20  stm32f10x_adc.o(.text)
    ADC_InjectedChannelConfig                0x08002b31   Thumb Code   130  stm32f10x_adc.o(.text)
    ADC_InjectedSequencerLengthConfig        0x08002bb3   Thumb Code    24  stm32f10x_adc.o(.text)
    ADC_SetInjectedOffset                    0x08002bcb   Thumb Code    20  stm32f10x_adc.o(.text)
    ADC_GetInjectedConversionValue           0x08002bdf   Thumb Code    28  stm32f10x_adc.o(.text)
    ADC_AnalogWatchdogCmd                    0x08002bfb   Thumb Code    16  stm32f10x_adc.o(.text)
    ADC_AnalogWatchdogThresholdsConfig       0x08002c0b   Thumb Code     6  stm32f10x_adc.o(.text)
    ADC_AnalogWatchdogSingleChannelConfig    0x08002c11   Thumb Code    16  stm32f10x_adc.o(.text)
    ADC_TempSensorVrefintCmd                 0x08002c21   Thumb Code    64  stm32f10x_adc.o(.text)
    ADC_GetFlagStatus                        0x08002c61   Thumb Code    18  stm32f10x_adc.o(.text)
    ADC_ClearFlag                            0x08002c73   Thumb Code     6  stm32f10x_adc.o(.text)
    ADC_GetITStatus                          0x08002c79   Thumb Code    36  stm32f10x_adc.o(.text)
    ADC_ClearITPendingBit                    0x08002c9d   Thumb Code    10  stm32f10x_adc.o(.text)
    TIM_DeInit                               0x08002ca9   Thumb Code   424  stm32f10x_tim.o(.text)
    TIM_TimeBaseInit                         0x08002e51   Thumb Code   122  stm32f10x_tim.o(.text)
    TIM_OC1Init                              0x08002ecb   Thumb Code   132  stm32f10x_tim.o(.text)
    TIM_OC2Init                              0x08002f4f   Thumb Code   154  stm32f10x_tim.o(.text)
    TIM_OC3Init                              0x08002fe9   Thumb Code   150  stm32f10x_tim.o(.text)
    TIM_OC4Init                              0x0800307f   Thumb Code   182  stm32f10x_tim.o(.text)
    TIM_SetIC4Prescaler                      0x08003135   Thumb Code    26  stm32f10x_tim.o(.text)
    TIM_SetIC3Prescaler                      0x080031d1   Thumb Code    18  stm32f10x_tim.o(.text)
    TIM_SetIC2Prescaler                      0x0800325d   Thumb Code    26  stm32f10x_tim.o(.text)
    TIM_SetIC1Prescaler                      0x080032f9   Thumb Code    18  stm32f10x_tim.o(.text)
    TIM_ICInit                               0x08003377   Thumb Code   150  stm32f10x_tim.o(.text)
    TIM_PWMIConfig                           0x0800340d   Thumb Code   124  stm32f10x_tim.o(.text)
    TIM_BDTRConfig                           0x08003489   Thumb Code    32  stm32f10x_tim.o(.text)
    TIM_TimeBaseStructInit                   0x080034a9   Thumb Code    18  stm32f10x_tim.o(.text)
    TIM_OCStructInit                         0x080034bb   Thumb Code    20  stm32f10x_tim.o(.text)
    TIM_ICStructInit                         0x080034cf   Thumb Code    18  stm32f10x_tim.o(.text)
    TIM_BDTRStructInit                       0x080034e1   Thumb Code    40  stm32f10x_tim.o(.text)
    TIM_Cmd                                  0x08003509   Thumb Code    24  stm32f10x_tim.o(.text)
    TIM_CtrlPWMOutputs                       0x08003521   Thumb Code    30  stm32f10x_tim.o(.text)
    TIM_ITConfig                             0x0800353f   Thumb Code    18  stm32f10x_tim.o(.text)
    TIM_GenerateEvent                        0x08003551   Thumb Code     4  stm32f10x_tim.o(.text)
    TIM_DMAConfig                            0x08003555   Thumb Code    10  stm32f10x_tim.o(.text)
    TIM_DMACmd                               0x0800355f   Thumb Code    18  stm32f10x_tim.o(.text)
    TIM_InternalClockConfig                  0x08003571   Thumb Code    12  stm32f10x_tim.o(.text)
    TIM_SelectInputTrigger                   0x0800357d   Thumb Code    18  stm32f10x_tim.o(.text)
    TIM_ITRxExternalClockConfig              0x0800358f   Thumb Code    24  stm32f10x_tim.o(.text)
    TIM_TIxExternalClockConfig               0x080035a7   Thumb Code    62  stm32f10x_tim.o(.text)
    TIM_ETRConfig                            0x080035e5   Thumb Code    28  stm32f10x_tim.o(.text)
    TIM_ETRClockMode1Config                  0x08003601   Thumb Code    54  stm32f10x_tim.o(.text)
    TIM_ETRClockMode2Config                  0x08003637   Thumb Code    32  stm32f10x_tim.o(.text)
    TIM_PrescalerConfig                      0x08003657   Thumb Code     6  stm32f10x_tim.o(.text)
    TIM_CounterModeConfig                    0x0800365d   Thumb Code    18  stm32f10x_tim.o(.text)
    TIM_EncoderInterfaceConfig               0x0800366f   Thumb Code    66  stm32f10x_tim.o(.text)
    TIM_ForcedOC1Config                      0x080036b1   Thumb Code    18  stm32f10x_tim.o(.text)
    TIM_ForcedOC2Config                      0x080036c3   Thumb Code    26  stm32f10x_tim.o(.text)
    TIM_ForcedOC3Config                      0x080036dd   Thumb Code    18  stm32f10x_tim.o(.text)
    TIM_ForcedOC4Config                      0x080036ef   Thumb Code    26  stm32f10x_tim.o(.text)
    TIM_ARRPreloadConfig                     0x08003709   Thumb Code    24  stm32f10x_tim.o(.text)
    TIM_SelectCOM                            0x08003721   Thumb Code    24  stm32f10x_tim.o(.text)
    TIM_SelectCCDMA                          0x08003739   Thumb Code    24  stm32f10x_tim.o(.text)
    TIM_CCPreloadControl                     0x08003751   Thumb Code    24  stm32f10x_tim.o(.text)
    TIM_OC1PreloadConfig                     0x08003769   Thumb Code    18  stm32f10x_tim.o(.text)
    TIM_OC2PreloadConfig                     0x0800377b   Thumb Code    26  stm32f10x_tim.o(.text)
    TIM_OC3PreloadConfig                     0x08003795   Thumb Code    18  stm32f10x_tim.o(.text)
    TIM_OC4PreloadConfig                     0x080037a7   Thumb Code    26  stm32f10x_tim.o(.text)
    TIM_OC1FastConfig                        0x080037c1   Thumb Code    18  stm32f10x_tim.o(.text)
    TIM_OC2FastConfig                        0x080037d3   Thumb Code    26  stm32f10x_tim.o(.text)
    TIM_OC3FastConfig                        0x080037ed   Thumb Code    18  stm32f10x_tim.o(.text)
    TIM_OC4FastConfig                        0x080037ff   Thumb Code    26  stm32f10x_tim.o(.text)
    TIM_ClearOC1Ref                          0x08003819   Thumb Code    18  stm32f10x_tim.o(.text)
    TIM_ClearOC2Ref                          0x0800382b   Thumb Code    24  stm32f10x_tim.o(.text)
    TIM_ClearOC3Ref                          0x08003843   Thumb Code    18  stm32f10x_tim.o(.text)
    TIM_ClearOC4Ref                          0x08003855   Thumb Code    24  stm32f10x_tim.o(.text)
    TIM_OC1PolarityConfig                    0x0800386d   Thumb Code    18  stm32f10x_tim.o(.text)
    TIM_OC1NPolarityConfig                   0x0800387f   Thumb Code    18  stm32f10x_tim.o(.text)
    TIM_OC2PolarityConfig                    0x08003891   Thumb Code    26  stm32f10x_tim.o(.text)
    TIM_OC2NPolarityConfig                   0x080038ab   Thumb Code    26  stm32f10x_tim.o(.text)
    TIM_OC3PolarityConfig                    0x080038c5   Thumb Code    26  stm32f10x_tim.o(.text)
    TIM_OC3NPolarityConfig                   0x080038df   Thumb Code    26  stm32f10x_tim.o(.text)
    TIM_OC4PolarityConfig                    0x080038f9   Thumb Code    26  stm32f10x_tim.o(.text)
    TIM_CCxCmd                               0x08003913   Thumb Code    30  stm32f10x_tim.o(.text)
    TIM_CCxNCmd                              0x08003931   Thumb Code    30  stm32f10x_tim.o(.text)
    TIM_SelectOCxM                           0x0800394f   Thumb Code    82  stm32f10x_tim.o(.text)
    TIM_UpdateDisableConfig                  0x080039a1   Thumb Code    24  stm32f10x_tim.o(.text)
    TIM_UpdateRequestConfig                  0x080039b9   Thumb Code    24  stm32f10x_tim.o(.text)
    TIM_SelectHallSensor                     0x080039d1   Thumb Code    24  stm32f10x_tim.o(.text)
    TIM_SelectOnePulseMode                   0x080039e9   Thumb Code    18  stm32f10x_tim.o(.text)
    TIM_SelectOutputTrigger                  0x080039fb   Thumb Code    18  stm32f10x_tim.o(.text)
    TIM_SelectSlaveMode                      0x08003a0d   Thumb Code    18  stm32f10x_tim.o(.text)
    TIM_SelectMasterSlaveMode                0x08003a1f   Thumb Code    18  stm32f10x_tim.o(.text)
    TIM_SetCounter                           0x08003a31   Thumb Code     4  stm32f10x_tim.o(.text)
    TIM_SetAutoreload                        0x08003a35   Thumb Code     4  stm32f10x_tim.o(.text)
    TIM_SetCompare1                          0x08003a39   Thumb Code     4  stm32f10x_tim.o(.text)
    TIM_SetCompare2                          0x08003a3d   Thumb Code     4  stm32f10x_tim.o(.text)
    TIM_SetCompare3                          0x08003a41   Thumb Code     4  stm32f10x_tim.o(.text)
    TIM_SetCompare4                          0x08003a45   Thumb Code     6  stm32f10x_tim.o(.text)
    TIM_SetClockDivision                     0x08003a4b   Thumb Code    18  stm32f10x_tim.o(.text)
    TIM_GetCapture1                          0x08003a5d   Thumb Code     6  stm32f10x_tim.o(.text)
    TIM_GetCapture2                          0x08003a63   Thumb Code     6  stm32f10x_tim.o(.text)
    TIM_GetCapture3                          0x08003a69   Thumb Code     6  stm32f10x_tim.o(.text)
    TIM_GetCapture4                          0x08003a6f   Thumb Code     8  stm32f10x_tim.o(.text)
    TIM_GetCounter                           0x08003a77   Thumb Code     6  stm32f10x_tim.o(.text)
    TIM_GetPrescaler                         0x08003a7d   Thumb Code     6  stm32f10x_tim.o(.text)
    TIM_GetFlagStatus                        0x08003a83   Thumb Code    18  stm32f10x_tim.o(.text)
    TIM_ClearFlag                            0x08003a95   Thumb Code     6  stm32f10x_tim.o(.text)
    TIM_GetITStatus                          0x08003a9b   Thumb Code    34  stm32f10x_tim.o(.text)
    TIM_ClearITPendingBit                    0x08003abd   Thumb Code     6  stm32f10x_tim.o(.text)
    EXTI_DeInit                              0x08003ac5   Thumb Code    28  stm32f10x_exti.o(.text)
    EXTI_Init                                0x08003ae1   Thumb Code   142  stm32f10x_exti.o(.text)
    EXTI_StructInit                          0x08003b6f   Thumb Code    16  stm32f10x_exti.o(.text)
    EXTI_GenerateSWInterrupt                 0x08003b7f   Thumb Code    16  stm32f10x_exti.o(.text)
    EXTI_GetFlagStatus                       0x08003b8f   Thumb Code    22  stm32f10x_exti.o(.text)
    EXTI_ClearFlag                           0x08003ba5   Thumb Code     8  stm32f10x_exti.o(.text)
    EXTI_GetITStatus                         0x08003bad   Thumb Code    34  stm32f10x_exti.o(.text)
    EXTI_ClearITPendingBit                   0x08003bcf   Thumb Code     8  stm32f10x_exti.o(.text)
    NVIC_PriorityGroupConfig                 0x08003be1   Thumb Code    10  misc.o(.text)
    NVIC_Init                                0x08003beb   Thumb Code   100  misc.o(.text)
    NVIC_SetVectorTable                      0x08003c4f   Thumb Code    14  misc.o(.text)
    NVIC_SystemLPConfig                      0x08003c5d   Thumb Code    34  misc.o(.text)
    SysTick_CLKSourceConfig                  0x08003c7f   Thumb Code    40  misc.o(.text)
    USART_DeInit                             0x08003cbd   Thumb Code   134  stm32f10x_usart.o(.text)
    USART_Init                               0x08003d43   Thumb Code   210  stm32f10x_usart.o(.text)
    USART_StructInit                         0x08003e15   Thumb Code    24  stm32f10x_usart.o(.text)
    USART_ClockInit                          0x08003e2d   Thumb Code    34  stm32f10x_usart.o(.text)
    USART_ClockStructInit                    0x08003e4f   Thumb Code    12  stm32f10x_usart.o(.text)
    USART_Cmd                                0x08003e5b   Thumb Code    24  stm32f10x_usart.o(.text)
    USART_ITConfig                           0x08003e73   Thumb Code    74  stm32f10x_usart.o(.text)
    USART_DMACmd                             0x08003ebd   Thumb Code    18  stm32f10x_usart.o(.text)
    USART_SetAddress                         0x08003ecf   Thumb Code    18  stm32f10x_usart.o(.text)
    USART_WakeUpConfig                       0x08003ee1   Thumb Code    18  stm32f10x_usart.o(.text)
    USART_ReceiverWakeUpCmd                  0x08003ef3   Thumb Code    24  stm32f10x_usart.o(.text)
    USART_LINBreakDetectLengthConfig         0x08003f0b   Thumb Code    18  stm32f10x_usart.o(.text)
    USART_LINCmd                             0x08003f1d   Thumb Code    24  stm32f10x_usart.o(.text)
    USART_SendData                           0x08003f35   Thumb Code     8  stm32f10x_usart.o(.text)
    USART_ReceiveData                        0x08003f3d   Thumb Code    10  stm32f10x_usart.o(.text)
    USART_SendBreak                          0x08003f47   Thumb Code    10  stm32f10x_usart.o(.text)
    USART_SetGuardTime                       0x08003f51   Thumb Code    16  stm32f10x_usart.o(.text)
    USART_SetPrescaler                       0x08003f61   Thumb Code    16  stm32f10x_usart.o(.text)
    USART_SmartCardCmd                       0x08003f71   Thumb Code    24  stm32f10x_usart.o(.text)
    USART_SmartCardNACKCmd                   0x08003f89   Thumb Code    24  stm32f10x_usart.o(.text)
    USART_HalfDuplexCmd                      0x08003fa1   Thumb Code    24  stm32f10x_usart.o(.text)
    USART_OverSampling8Cmd                   0x08003fb9   Thumb Code    22  stm32f10x_usart.o(.text)
    USART_OneBitMethodCmd                    0x08003fcf   Thumb Code    24  stm32f10x_usart.o(.text)
    USART_IrDAConfig                         0x08003fe7   Thumb Code    18  stm32f10x_usart.o(.text)
    USART_IrDACmd                            0x08003ff9   Thumb Code    24  stm32f10x_usart.o(.text)
    USART_GetFlagStatus                      0x08004011   Thumb Code    26  stm32f10x_usart.o(.text)
    USART_ClearFlag                          0x0800402b   Thumb Code    18  stm32f10x_usart.o(.text)
    USART_GetITStatus                        0x0800403d   Thumb Code    84  stm32f10x_usart.o(.text)
    USART_ClearITPendingBit                  0x08004091   Thumb Code    52  stm32f10x_usart.o(.text)
    IWDG_WriteAccessCmd                      0x080040c5   Thumb Code     6  stm32f10x_iwdg.o(.text)
    IWDG_SetPrescaler                        0x080040cb   Thumb Code     6  stm32f10x_iwdg.o(.text)
    IWDG_SetReload                           0x080040d1   Thumb Code     6  stm32f10x_iwdg.o(.text)
    IWDG_ReloadCounter                       0x080040d7   Thumb Code    10  stm32f10x_iwdg.o(.text)
    IWDG_Enable                              0x080040e1   Thumb Code    10  stm32f10x_iwdg.o(.text)
    IWDG_GetFlagStatus                       0x080040eb   Thumb Code    20  stm32f10x_iwdg.o(.text)
    SystemInit                               0x080041e3   Thumb Code    78  system_stm32f10x.o(.text)
    SystemCoreClockUpdate                    0x08004231   Thumb Code   142  system_stm32f10x.o(.text)
    __use_two_region_memory                  0x080042e5   Thumb Code     2  heapauxi.o(.text)
    __rt_heap_escrow$2region                 0x080042e7   Thumb Code     2  heapauxi.o(.text)
    __rt_heap_expand$2region                 0x080042e9   Thumb Code     2  heapauxi.o(.text)
    __user_setup_stackheap                   0x080042eb   Thumb Code    74  sys_stackheap_outer.o(.text)
    exit                                     0x08004335   Thumb Code    18  exit.o(.text)
    __user_libspace                          0x08004349   Thumb Code     8  libspace.o(.text)
    __user_perproc_libspace                  0x08004349   Thumb Code     0  libspace.o(.text)
    __user_perthread_libspace                0x08004349   Thumb Code     0  libspace.o(.text)
    _sys_exit                                0x08004351   Thumb Code     8  sys_exit.o(.text)
    __I$use$semihosting                      0x0800435d   Thumb Code     0  use_no_semi.o(.text)
    __use_no_semihosting_swi                 0x0800435d   Thumb Code     2  use_no_semi.o(.text)
    __semihosting_library_function           0x0800435f   Thumb Code     0  indicate_semi.o(.text)
    __aeabi_d2f                              0x08004361   Thumb Code     0  d2f.o(x$fpl$d2f)
    _d2f                                     0x08004361   Thumb Code    98  d2f.o(x$fpl$d2f)
    __aeabi_dadd                             0x080043c5   Thumb Code     0  daddsub_clz.o(x$fpl$dadd)
    _dadd                                    0x080043c5   Thumb Code   332  daddsub_clz.o(x$fpl$dadd)
    __fpl_dcmp_Inf                           0x08004515   Thumb Code    24  dcmpi.o(x$fpl$dcmpinf)
    __aeabi_ddiv                             0x0800452d   Thumb Code     0  ddiv.o(x$fpl$ddiv)
    _ddiv                                    0x0800452d   Thumb Code   552  ddiv.o(x$fpl$ddiv)
    __aeabi_d2uiz                            0x080047dd   Thumb Code     0  dfixu.o(x$fpl$dfixu)
    _dfixu                                   0x080047dd   Thumb Code    90  dfixu.o(x$fpl$dfixu)
    __aeabi_cdcmple                          0x08004839   Thumb Code     0  dleqf.o(x$fpl$dleqf)
    _dcmple                                  0x08004839   Thumb Code   120  dleqf.o(x$fpl$dleqf)
    __fpl_dcmple_InfNaN                      0x0800489b   Thumb Code     0  dleqf.o(x$fpl$dleqf)
    __aeabi_dmul                             0x080048b1   Thumb Code     0  dmul.o(x$fpl$dmul)
    _dmul                                    0x080048b1   Thumb Code   332  dmul.o(x$fpl$dmul)
    __fpl_dnaninf                            0x08004a05   Thumb Code   156  dnaninf.o(x$fpl$dnaninf)
    __fpl_dretinf                            0x08004aa1   Thumb Code    12  dretinf.o(x$fpl$dretinf)
    __aeabi_cdrcmple                         0x08004aad   Thumb Code     0  drleqf.o(x$fpl$drleqf)
    _drcmple                                 0x08004aad   Thumb Code   108  drleqf.o(x$fpl$drleqf)
    __aeabi_drsub                            0x08004b19   Thumb Code     0  daddsub_clz.o(x$fpl$drsb)
    _drsb                                    0x08004b19   Thumb Code    22  daddsub_clz.o(x$fpl$drsb)
    __aeabi_dsub                             0x08004b31   Thumb Code     0  daddsub_clz.o(x$fpl$dsub)
    _dsub                                    0x08004b31   Thumb Code   464  daddsub_clz.o(x$fpl$dsub)
    __aeabi_f2d                              0x08004d05   Thumb Code     0  f2d.o(x$fpl$f2d)
    _f2d                                     0x08004d05   Thumb Code    86  f2d.o(x$fpl$f2d)
    __aeabi_fadd                             0x08004d5d   Thumb Code     0  faddsub_clz.o(x$fpl$fadd)
    _fadd                                    0x08004d5d   Thumb Code   196  faddsub_clz.o(x$fpl$fadd)
    __aeabi_ui2f                             0x08004e21   Thumb Code     0  fflt_clz.o(x$fpl$ffltu)
    _ffltu                                   0x08004e21   Thumb Code    38  fflt_clz.o(x$fpl$ffltu)
    __fpl_fnaninf                            0x08004e47   Thumb Code   140  fnaninf.o(x$fpl$fnaninf)
    __fpl_fretinf                            0x08004ed3   Thumb Code    10  fretinf.o(x$fpl$fretinf)
    __aeabi_fsub                             0x08004edd   Thumb Code     0  faddsub_clz.o(x$fpl$fsub)
    _fsub                                    0x08004edd   Thumb Code   234  faddsub_clz.o(x$fpl$fsub)
    __I$use$fp                               0x08004fc6   Number         0  usenofp.o(x$fpl$usenofp)
    asc2_0806                                0x08004fc6   Data         552  oled.o(.constdata)
    asc2_1206                                0x080051ee   Data        1140  oled.o(.constdata)
    asc2_1608                                0x08005662   Data        1520  oled.o(.constdata)
    asc2_2412                                0x08005c52   Data        3420  oled.o(.constdata)
    Hzk1                                     0x080069ae   Data         352  oled.o(.constdata)
    Hzk2                                     0x08006b0e   Data          72  oled.o(.constdata)
    Hzk3                                     0x08006b56   Data         128  oled.o(.constdata)
    Hzk4                                     0x08006bd6   Data         512  oled.o(.constdata)
    logo                                     0x08006dd6   Data         512  oled.o(.constdata)
    Region$$Table$$Base                      0x08006fd8   Number         0  anon$$obj.o(Region$$Table)
    Region$$Table$$Limit                     0x08006ff8   Number         0  anon$$obj.o(Region$$Table)
    time2                                    0x20000000   Data           2  time.o(.data)
    time3                                    0x20000002   Data           2  time.o(.data)
    time_out                                 0x20000004   Data           2  time.o(.data)
    LED_Control                              0x20000006   Data           1  time.o(.data)
    LED_Plane                                0x20000007   Data           1  time.o(.data)
    LED_Remote                               0x20000008   Data           1  time.o(.data)
    dog_time                                 0x2000000c   Data           4  watch_dog.o(.data)
    lock_flag                                0x20000010   Data           1  ui.o(.data)
    Plane_status                             0x20000011   Data           1  ui.o(.data)
    Plane_Bat                                0x20000012   Data           1  ui.o(.data)
    out_control_flag                         0x20000013   Data           1  ui.o(.data)
    Plane_Bat_low_flag                       0x20000014   Data           1  ui.o(.data)
    Remote_Bat_low_flag                      0x20000015   Data           1  ui.o(.data)
    LOCK_flag                                0x20000016   Data           1  io_ctrl.o(.data)
    UNLOCK_flag                              0x20000017   Data           1  io_ctrl.o(.data)
    TRUN_LEFT_flag                           0x20000018   Data           1  io_ctrl.o(.data)
    TURN_RIGHT_flag                          0x20000019   Data           1  io_ctrl.o(.data)
    yaw_flag                                 0x2000001a   Data           1  io_ctrl.o(.data)
    fine_tuning_flag                         0x2000001b   Data           1  io_ctrl.o(.data)
    auto_land_flag                           0x2000001c   Data           1  io_ctrl.o(.data)
    stunt_flag                               0x2000001d   Data           1  io_ctrl.o(.data)
    auto_oil_temp                            0x2000001e   Data           1  io_ctrl.o(.data)
    tmp_num                                  0x20000020   Data           4  ad_sensor.o(.data)
    Oil_adc                                  0x20000024   Data           4  ad_sensor.o(.data)
    Pitch_adc                                0x20000028   Data           4  ad_sensor.o(.data)
    Roll_adc                                 0x2000002c   Data           4  ad_sensor.o(.data)
    Bat_adc                                  0x20000030   Data           4  ad_sensor.o(.data)
    Oil_n                                    0x20000034   Data           1  ad_sensor.o(.data)
    Pitch_n                                  0x20000035   Data           1  ad_sensor.o(.data)
    Roll_n                                   0x20000036   Data           1  ad_sensor.o(.data)
    Bat_n                                    0x20000037   Data           1  ad_sensor.o(.data)
    tmp_value                                0x20000038   Data           1  ad_sensor.o(.data)
    USART1_MSG_flag                          0x20000039   Data           1  remote.o(.data)
    USART1_MSG_Value                         0x2000003a   Data           1  remote.o(.data)
    USART1_Count                             0x2000003b   Data           1  remote.o(.data)
    USART1_Cmd_Flag                          0x2000003c   Data           1  remote.o(.data)
    USART1_Receieve                          0x2000003d   Data           8  remote.o(.data)
    Data1                                    0x20000045   Data           1  remote.o(.data)
    Data2                                    0x20000046   Data           1  remote.o(.data)
    msg_send                                 0x20000047   Data           5  remote.o(.data)
    SystemCoreClock                          0x20000060   Data           4  system_stm32f10x.o(.data)
    AHBPrescTable                            0x20000064   Data          16  system_stm32f10x.o(.data)
    OLED_GRAM                                0x20000074   Data        1152  oled.o(.bss)
    __libspace_start                         0x200004f4   Data          96  libspace.o(.bss)
    __temporary_stack_top$libspace           0x20000554   Data           0  libspace.o(.bss)



==============================================================================

Memory Map of the image

  Image Entry point : 0x08000131

  Load Region LR_IROM1 (Base: 0x08000000, Size: 0x0000706c, Max: 0x00010000, ABSOLUTE)

    Execution Region ER_IROM1 (Base: 0x08000000, Size: 0x00006ff8, Max: 0x00010000, ABSOLUTE)

    Base Addr    Size         Type   Attr      Idx    E Section Name        Object

    0x08000000   0x00000130   Data   RO            3    RESET               startup_stm32f10x_hd.o
    0x08000130   0x00000008   Code   RO          470  * !!!main             c_w.l(__main.o)
    0x08000138   0x00000034   Code   RO          674    !!!scatter          c_w.l(__scatter.o)
    0x0800016c   0x0000001a   Code   RO          676    !!handler_copy      c_w.l(__scatter_copy.o)
    0x08000186   0x00000002   PAD
    0x08000188   0x0000001c   Code   RO          678    !!handler_zi        c_w.l(__scatter_zi.o)
    0x080001a4   0x00000002   Code   RO          544    .ARM.Collect$$libinit$$00000000  c_w.l(libinit.o)
    0x080001a6   0x00000000   Code   RO          551    .ARM.Collect$$libinit$$00000002  c_w.l(libinit2.o)
    0x080001a6   0x00000000   Code   RO          553    .ARM.Collect$$libinit$$00000004  c_w.l(libinit2.o)
    0x080001a6   0x00000000   Code   RO          556    .ARM.Collect$$libinit$$0000000A  c_w.l(libinit2.o)
    0x080001a6   0x00000000   Code   RO          558    .ARM.Collect$$libinit$$0000000C  c_w.l(libinit2.o)
    0x080001a6   0x00000000   Code   RO          560    .ARM.Collect$$libinit$$0000000E  c_w.l(libinit2.o)
    0x080001a6   0x00000000   Code   RO          563    .ARM.Collect$$libinit$$00000011  c_w.l(libinit2.o)
    0x080001a6   0x00000000   Code   RO          565    .ARM.Collect$$libinit$$00000013  c_w.l(libinit2.o)
    0x080001a6   0x00000000   Code   RO          567    .ARM.Collect$$libinit$$00000015  c_w.l(libinit2.o)
    0x080001a6   0x00000000   Code   RO          569    .ARM.Collect$$libinit$$00000017  c_w.l(libinit2.o)
    0x080001a6   0x00000000   Code   RO          571    .ARM.Collect$$libinit$$00000019  c_w.l(libinit2.o)
    0x080001a6   0x00000000   Code   RO          573    .ARM.Collect$$libinit$$0000001B  c_w.l(libinit2.o)
    0x080001a6   0x00000000   Code   RO          575    .ARM.Collect$$libinit$$0000001D  c_w.l(libinit2.o)
    0x080001a6   0x00000000   Code   RO          577    .ARM.Collect$$libinit$$0000001F  c_w.l(libinit2.o)
    0x080001a6   0x00000000   Code   RO          579    .ARM.Collect$$libinit$$00000021  c_w.l(libinit2.o)
    0x080001a6   0x00000000   Code   RO          581    .ARM.Collect$$libinit$$00000023  c_w.l(libinit2.o)
    0x080001a6   0x00000000   Code   RO          583    .ARM.Collect$$libinit$$00000025  c_w.l(libinit2.o)
    0x080001a6   0x00000000   Code   RO          587    .ARM.Collect$$libinit$$0000002C  c_w.l(libinit2.o)
    0x080001a6   0x00000000   Code   RO          589    .ARM.Collect$$libinit$$0000002E  c_w.l(libinit2.o)
    0x080001a6   0x00000000   Code   RO          591    .ARM.Collect$$libinit$$00000030  c_w.l(libinit2.o)
    0x080001a6   0x00000000   Code   RO          593    .ARM.Collect$$libinit$$00000032  c_w.l(libinit2.o)
    0x080001a6   0x00000002   Code   RO          594    .ARM.Collect$$libinit$$00000033  c_w.l(libinit2.o)
    0x080001a8   0x00000002   Code   RO          614    .ARM.Collect$$libshutdown$$00000000  c_w.l(libshutdown.o)
    0x080001aa   0x00000000   Code   RO          627    .ARM.Collect$$libshutdown$$00000002  c_w.l(libshutdown2.o)
    0x080001aa   0x00000000   Code   RO          629    .ARM.Collect$$libshutdown$$00000004  c_w.l(libshutdown2.o)
    0x080001aa   0x00000000   Code   RO          632    .ARM.Collect$$libshutdown$$00000007  c_w.l(libshutdown2.o)
    0x080001aa   0x00000000   Code   RO          635    .ARM.Collect$$libshutdown$$0000000A  c_w.l(libshutdown2.o)
    0x080001aa   0x00000000   Code   RO          637    .ARM.Collect$$libshutdown$$0000000C  c_w.l(libshutdown2.o)
    0x080001aa   0x00000000   Code   RO          640    .ARM.Collect$$libshutdown$$0000000F  c_w.l(libshutdown2.o)
    0x080001aa   0x00000002   Code   RO          641    .ARM.Collect$$libshutdown$$00000010  c_w.l(libshutdown2.o)
    0x080001ac   0x00000000   Code   RO          508    .ARM.Collect$$rtentry$$00000000  c_w.l(__rtentry.o)
    0x080001ac   0x00000000   Code   RO          521    .ARM.Collect$$rtentry$$00000002  c_w.l(__rtentry2.o)
    0x080001ac   0x00000006   Code   RO          533    .ARM.Collect$$rtentry$$00000004  c_w.l(__rtentry4.o)
    0x080001b2   0x00000000   Code   RO          523    .ARM.Collect$$rtentry$$00000009  c_w.l(__rtentry2.o)
    0x080001b2   0x00000004   Code   RO          524    .ARM.Collect$$rtentry$$0000000A  c_w.l(__rtentry2.o)
    0x080001b6   0x00000000   Code   RO          526    .ARM.Collect$$rtentry$$0000000C  c_w.l(__rtentry2.o)
    0x080001b6   0x00000008   Code   RO          527    .ARM.Collect$$rtentry$$0000000D  c_w.l(__rtentry2.o)
    0x080001be   0x00000002   Code   RO          548    .ARM.Collect$$rtexit$$00000000  c_w.l(rtexit.o)
    0x080001c0   0x00000000   Code   RO          596    .ARM.Collect$$rtexit$$00000002  c_w.l(rtexit2.o)
    0x080001c0   0x00000004   Code   RO          597    .ARM.Collect$$rtexit$$00000003  c_w.l(rtexit2.o)
    0x080001c4   0x00000006   Code   RO          598    .ARM.Collect$$rtexit$$00000004  c_w.l(rtexit2.o)
    0x080001ca   0x00000002   PAD
    0x080001cc   0x00000040   Code   RO            4    .text               startup_stm32f10x_hd.o
    0x0800020c   0x00000020   Code   RO           10    .text               main.o
    0x0800022c   0x00000170   Code   RO          110    .text               pbdata.o
    0x0800039c   0x0000001a   Code   RO          128    .text               stm32f10x_it.o
    0x080003b6   0x00000002   PAD
    0x080003b8   0x000002dc   Code   RO          178    .text               time.o
    0x08000694   0x00000032   Code   RO          196    .text               watch_dog.o
    0x080006c6   0x00000002   PAD
    0x080006c8   0x0000090c   Code   RO          214    .text               oled.o
    0x08000fd4   0x00000528   Code   RO          236    .text               ui.o
    0x080014fc   0x0000045c   Code   RO          254    .text               io_ctrl.o
    0x08001958   0x000004e8   Code   RO          272    .text               ad_sensor.o
    0x08001e40   0x00000284   Code   RO          291    .text               remote.o
    0x080020c4   0x00000094   Code   RO          309    .text               led.o
    0x08002158   0x0000035c   Code   RO          321    .text               stm32f10x_gpio.o
    0x080024b4   0x000003a4   Code   RO          333    .text               stm32f10x_rcc.o
    0x08002858   0x0000044e   Code   RO          347    .text               stm32f10x_adc.o
    0x08002ca6   0x00000002   PAD
    0x08002ca8   0x00000e1a   Code   RO          359    .text               stm32f10x_tim.o
    0x08003ac2   0x00000002   PAD
    0x08003ac4   0x0000011c   Code   RO          371    .text               stm32f10x_exti.o
    0x08003be0   0x000000dc   Code   RO          383    .text               misc.o
    0x08003cbc   0x00000408   Code   RO          395    .text               stm32f10x_usart.o
    0x080040c4   0x00000040   Code   RO          419    .text               stm32f10x_iwdg.o
    0x08004104   0x000001e0   Code   RO          441    .text               system_stm32f10x.o
    0x080042e4   0x00000006   Code   RO          468    .text               c_w.l(heapauxi.o)
    0x080042ea   0x0000004a   Code   RO          535    .text               c_w.l(sys_stackheap_outer.o)
    0x08004334   0x00000012   Code   RO          537    .text               c_w.l(exit.o)
    0x08004346   0x00000002   PAD
    0x08004348   0x00000008   Code   RO          545    .text               c_w.l(libspace.o)
    0x08004350   0x0000000c   Code   RO          606    .text               c_w.l(sys_exit.o)
    0x0800435c   0x00000002   Code   RO          617    .text               c_w.l(use_no_semi.o)
    0x0800435e   0x00000000   Code   RO          619    .text               c_w.l(indicate_semi.o)
    0x0800435e   0x00000002   PAD
    0x08004360   0x00000062   Code   RO          472    x$fpl$d2f           fz_ws.l(d2f.o)
    0x080043c2   0x00000002   PAD
    0x080043c4   0x00000150   Code   RO          474    x$fpl$dadd          fz_ws.l(daddsub_clz.o)
    0x08004514   0x00000018   Code   RO          509    x$fpl$dcmpinf       fz_ws.l(dcmpi.o)
    0x0800452c   0x000002b0   Code   RO          481    x$fpl$ddiv          fz_ws.l(ddiv.o)
    0x080047dc   0x0000005a   Code   RO          484    x$fpl$dfixu         fz_ws.l(dfixu.o)
    0x08004836   0x00000002   PAD
    0x08004838   0x00000078   Code   RO          488    x$fpl$dleqf         fz_ws.l(dleqf.o)
    0x080048b0   0x00000154   Code   RO          490    x$fpl$dmul          fz_ws.l(dmul.o)
    0x08004a04   0x0000009c   Code   RO          511    x$fpl$dnaninf       fz_ws.l(dnaninf.o)
    0x08004aa0   0x0000000c   Code   RO          513    x$fpl$dretinf       fz_ws.l(dretinf.o)
    0x08004aac   0x0000006c   Code   RO          492    x$fpl$drleqf        fz_ws.l(drleqf.o)
    0x08004b18   0x00000016   Code   RO          475    x$fpl$drsb          fz_ws.l(daddsub_clz.o)
    0x08004b2e   0x00000002   PAD
    0x08004b30   0x000001d4   Code   RO          476    x$fpl$dsub          fz_ws.l(daddsub_clz.o)
    0x08004d04   0x00000056   Code   RO          494    x$fpl$f2d           fz_ws.l(f2d.o)
    0x08004d5a   0x00000002   PAD
    0x08004d5c   0x000000c4   Code   RO          496    x$fpl$fadd          fz_ws.l(faddsub_clz.o)
    0x08004e20   0x00000026   Code   RO          502    x$fpl$ffltu         fz_ws.l(fflt_clz.o)
    0x08004e46   0x0000008c   Code   RO          515    x$fpl$fnaninf       fz_ws.l(fnaninf.o)
    0x08004ed2   0x0000000a   Code   RO          517    x$fpl$fretinf       fz_ws.l(fretinf.o)
    0x08004edc   0x000000ea   Code   RO          498    x$fpl$fsub          fz_ws.l(faddsub_clz.o)
    0x08004fc6   0x00000000   Code   RO          519    x$fpl$usenofp       fz_ws.l(usenofp.o)
    0x08004fc6   0x00002010   Data   RO          216    .constdata          oled.o
    0x08006fd6   0x00000002   PAD
    0x08006fd8   0x00000020   Data   RO          672    Region$$Table       anon$$obj.o


    Execution Region RW_IRAM1 (Base: 0x20000000, Size: 0x00000b58, Max: 0x00005000, ABSOLUTE)

    Base Addr    Size         Type   Attr      Idx    E Section Name        Object

    0x20000000   0x00000009   Data   RW          179    .data               time.o
    0x20000009   0x00000003   PAD
    0x2000000c   0x00000004   Data   RW          197    .data               watch_dog.o
    0x20000010   0x00000006   Data   RW          237    .data               ui.o
    0x20000016   0x00000009   Data   RW          255    .data               io_ctrl.o
    0x2000001f   0x00000001   PAD
    0x20000020   0x00000019   Data   RW          273    .data               ad_sensor.o
    0x20000039   0x00000013   Data   RW          292    .data               remote.o
    0x2000004c   0x00000014   Data   RW          334    .data               stm32f10x_rcc.o
    0x20000060   0x00000014   Data   RW          442    .data               system_stm32f10x.o
    0x20000074   0x00000480   Zero   RW          215    .bss                oled.o
    0x200004f4   0x00000060   Zero   RW          546    .bss                c_w.l(libspace.o)
    0x20000554   0x00000004   PAD
    0x20000558   0x00000200   Zero   RW            2    HEAP                startup_stm32f10x_hd.o
    0x20000758   0x00000400   Zero   RW            1    STACK               startup_stm32f10x_hd.o


==============================================================================

Image component sizes


      Code (inc. data)   RO Data    RW Data    ZI Data      Debug   Object Name

      1256        160          0         25          0       3019   ad_sensor.o
      1116        138          0          9          0       2778   io_ctrl.o
       148          4          0          0          0        968   led.o
        32          0          0          0          0     262919   main.o
       220         22          0          0          0       1721   misc.o
      2316         52       8208          0       1152       8313   oled.o
       368         12          0          0          0       1321   pbdata.o
       644         46          0         19          0       2780   remote.o
        64         26        304          0       1536        812   startup_stm32f10x_hd.o
      1102         26          0          0          0      10965   stm32f10x_adc.o
       284         10          0          0          0       2183   stm32f10x_exti.o
       860         38          0          0          0       5657   stm32f10x_gpio.o
        26          0          0          0          0       1214   stm32f10x_it.o
        64          6          0          0          0       1245   stm32f10x_iwdg.o
       932         36          0         20          0       8820   stm32f10x_rcc.o
      3610         88          0          0          0      22768   stm32f10x_tim.o
      1032         22          0          0          0       8380   stm32f10x_usart.o
       480         38          0         20          0       1775   system_stm32f10x.o
       732        118          0          9          0       2209   time.o
      1320        180          0          6          0       1870   ui.o
        50          0          0          4          0        930   watch_dog.o

    ----------------------------------------------------------------------
     16664       1022       8546        116       2688     352647   Object Totals
         0          0         32          0          0          0   (incl. Generated)
         8          0          2          4          0          0   (incl. Padding)

    ----------------------------------------------------------------------

      Code (inc. data)   RO Data    RW Data    ZI Data      Debug   Library Member Name

         8          0          0          0          0         68   __main.o
         0          0          0          0          0          0   __rtentry.o
        12          0          0          0          0          0   __rtentry2.o
         6          0          0          0          0          0   __rtentry4.o
        52          8          0          0          0          0   __scatter.o
        26          0          0          0          0          0   __scatter_copy.o
        28          0          0          0          0          0   __scatter_zi.o
        18          0          0          0          0         80   exit.o
         6          0          0          0          0        152   heapauxi.o
         0          0          0          0          0          0   indicate_semi.o
         2          0          0          0          0          0   libinit.o
         2          0          0          0          0          0   libinit2.o
         2          0          0          0          0          0   libshutdown.o
         2          0          0          0          0          0   libshutdown2.o
         8          4          0          0         96         68   libspace.o
         2          0          0          0          0          0   rtexit.o
        10          0          0          0          0          0   rtexit2.o
        12          4          0          0          0         68   sys_exit.o
        74          0          0          0          0         80   sys_stackheap_outer.o
         2          0          0          0          0         68   use_no_semi.o
        98          4          0          0          0         92   d2f.o
       826         16          0          0          0        348   daddsub_clz.o
        24          0          0          0          0         68   dcmpi.o
       688        140          0          0          0        208   ddiv.o
        90          4          0          0          0         92   dfixu.o
       120          4          0          0          0         92   dleqf.o
       340         12          0          0          0        104   dmul.o
       156          4          0          0          0         92   dnaninf.o
        12          0          0          0          0         68   dretinf.o
       108          0          0          0          0         80   drleqf.o
        86          4          0          0          0         84   f2d.o
       430          8          0          0          0        168   faddsub_clz.o
        38          0          0          0          0         68   fflt_clz.o
       140          4          0          0          0         84   fnaninf.o
        10          0          0          0          0         68   fretinf.o
         0          0          0          0          0          0   usenofp.o

    ----------------------------------------------------------------------
      3454        216          0          0        100       2300   Library Totals
        16          0          0          0          4          0   (incl. Padding)

    ----------------------------------------------------------------------

      Code (inc. data)   RO Data    RW Data    ZI Data      Debug   Library Name

       272         16          0          0         96        584   c_w.l
      3166        200          0          0          0       1716   fz_ws.l

    ----------------------------------------------------------------------
      3454        216          0          0        100       2300   Library Totals

    ----------------------------------------------------------------------

==============================================================================


      Code (inc. data)   RO Data    RW Data    ZI Data      Debug   

     20118       1238       8546        116       2788     352239   Grand Totals
     20118       1238       8546        116       2788     352239   ELF Image Totals
     20118       1238       8546        116          0          0   ROM Totals

==============================================================================

    Total RO  Size (Code + RO Data)                28664 (  27.99kB)
    Total RW  Size (RW Data + ZI Data)              2904 (   2.84kB)
    Total ROM Size (Code + RO Data + RW Data)      28780 (  28.11kB)

==============================================================================

